Name = edma3
Device = ATF1508AS
Package = PLCC84
Speed = 15
Options = -preassign keep
013c:err:environ:init_peb starting L"Z:\\Users\\grantham\\trees\\atf15xx_yosys\\vendor\\fit1508.exe" in experimental wow64 mode
Atmel ATF1508AS Fitter Version 1.8.7.8 (02-05-03)
Copyright 1999,2000 Atmel Corporation
---------------------------------------------------------
 Fitter_Pass 1, Preassign = KEEP, LOGIC_DOUBLING : OFF 
 ... 
 ## Warning : Grouping fail 
---------------------------------------------------------
 Fitter_Pass 2, Preassign = KEEP, CASCADE_LOGIC : (TRY) 
 ... 
 Design fits successfully
 
  If you wish to have more pins available for future logic changes
  Atmel  recommends using a larger device
  If you wish to have more pins available for future logic change
  Atmel recommends using a larger device.
  If you wish to have more pins available for future logic change
  Atmel recommends using a larger device.
                                                                                    
                                                                                    
                                  n                                                 
                                  E                                                 
                       n  n n   n N                                                 
                       S  S S   S G                                                 
                       I  I I   I I                                                 
                       G  G G   G N     H n  C           n                          
                       N  N N   N E     B R  P           B                          
                       A  A A   A _     L E  U           G   A                      
                     D L  L L G L I   V A S  C G     n V A n _                      
                     _ _  _ _ N _ R   C N E  L N     B C C B 1                      
                     5 0  3 1 D 2 Q   C K T  K D     R C K G 3                      
                    -------------------------------------------                     
                   / 11   9   7   5   3   1  83  81  79  77  75 \                  
                  /    10   8   6   4   2  84  82  80  78  76    \                 
             D_4 | 12                    (*)                   74 | A_14            
             VCC | 13                                          73 | D_6             
             TDI | 14                                          72 | GND             
             D_3 | 15                                          71 | TDO             
             D_8 | 16                                          70 | D_7             
             D_2 | 17                                          69 | D_9             
             D_0 | 18                                          68 | D_1             
             GND | 19                                          67 | D_10            
            D_11 | 20                                          66 | VCC             
             nAS | 21                                          65 | D_12            
            nUDS | 22                 ATF1508                  64 | nLDS            
             TMS | 23               84-Lead PLCC               63 | D_14            
            D_13 | 24                                          62 | TCK             
            R_nW | 25                                          61 | A_22            
             VCC | 26                                          60 | A_21            
            D_15 | 27                                          59 | GND             
            A_20 | 28                                          58 | A_19            
            A_11 | 29                                          57 | A_16            
            A_18 | 30                                          56 | A_15            
            A_17 | 31                                          55 | A_4             
             GND | 32                                          54 | A_3             
                  \     34  36  38  40  42  44  46  48  50  52   /                 
                   \  33  35  37  39  41  43  45  47  49  51  53/                  
              	    --------------------------------------------                     
                      F F F A A V A n n G V A A n G A A A A A V                     
                      C C C _ _ C _ S S N C _ _ S N _ _ _ _ _ C                     
                      _ _ _ 1 1 C 9 I I D C 8 7 I D 0 1 6 2 5 C                     
                      0 1 2 2 0     G G         G                                   
                                    N N         N                                   
                                    A A         A                                   
                                    L L         L                                   
                                    _ _         _                                   
                                    4 5         6                                   

Logic Array Block       Macro Cells     I/O Pins        Foldbacks       TotalPT         FanIN           Cascades
A: LC1	- LC16		16/16(100%)	7/16(43%)	4/16(25%)	60/80(75%)	(40)	0
B: LC17	- LC32		15/16(93%)	8/16(50%)	4/16(25%)	49/80(61%)	(40)	0
C: LC33	- LC48		16/16(100%)	8/16(50%)	9/16(56%)	66/80(82%)	(35)	0
D: LC49	- LC64		16/16(100%)	8/16(50%)	4/16(25%)	51/80(63%)	(39)	0
E: LC65	- LC80		15/16(93%)	8/16(50%)	2/16(12%)	48/80(60%)	(40)	0
F: LC81	- LC96		16/16(100%)	8/16(50%)	6/16(37%)	60/80(75%)	(39)	0
G: LC97	- LC112		15/16(93%)	8/16(50%)	7/16(43%)	60/80(75%)	(40)	0
H: LC113- LC128		14/16(87%)	6/16(37%)	2/16(12%)	38/80(47%)	(37)	0

Total dedicated input used:	4/4 	(100%)
Total I/O pins used		61/64 	(95%)
Total Logic cells used 		123/128 	(96%)
Total Flip-Flop used 		83/128 	(64%)
Total Foldback logic used 	38/128 	(29%)
Total Nodes+FB/MCells 		161/128 	(125%)
Total cascade used 		0
Total input pins	25
Total output pins 		40
Total Pts		432

$Device PLCC84 fits 

