Name = edma3
Device = ATF1508AS
Package = PLCC84
Speed = 15
Options = -preassign keep
0138:err:environ:init_peb starting L"Z:\\Users\\grantham\\trees\\atf15xx_yosys\\vendor\\fit1508.exe" in experimental wow64 mode
Atmel ATF1508AS Fitter Version 1.8.7.8 (02-05-03)
Copyright 1999,2000 Atmel Corporation
---------------------------------------------------------
 Fitter_Pass 1, Preassign = KEEP, LOGIC_DOUBLING : OFF 
 ... 
 ## Warning : Placement fail 
---------------------------------------------------------
 Fitter_Pass 2, Preassign = KEEP, CASCADE_LOGIC : (TRY) 
 ... 
 ## Warning : Grouping fail 
---------------------------------------------------------
 Fitter_Pass 3, Preassign = KEEP, CASCADE_LOGIC : (OFF) 
 ... 
 ## Warning : Grouping fail 
---------------------------------------------------------
 Fitter_Pass 4, Preassign = KEEP, NODE ASSIGN : OFF 
 ... 
 ## Warning : Grouping fail 
---------------------------------------------------------
 Fitter_Pass 5, Preassign = KEEP, LOGIC_DOUBLING : ON 
 ... 
 ## Warning : Grouping fail 
 Design does not fit 
 
