++ dirname /Users/grantham/trees/atf15xx_yosys/run_yosys.sh
+ export ROOT=/Users/grantham/trees/atf15xx_yosys
+ ROOT=/Users/grantham/trees/atf15xx_yosys
+ NAME=edma
+ shift
++ yosys --version
++ cut '-d ' -f2
+ VERSION=0.62+117
+ '[' 0.62+117 '>' 0.30+20 ']'
+ LSBIDX=-lsbidx
+ yosys

 /----------------------------------------------------------------------------\
 |  yosys -- Yosys Open SYnthesis Suite                                       |
 |  Copyright (C) 2012 - 2026  Claire Xenia Wolf <claire@yosyshq.com>         |
 |  Distributed under an ISC-like license, type "license" to see terms        |
 \----------------------------------------------------------------------------/
 Yosys 0.62+117 (git sha1 1d3f9b790-dirty, aarch64-apple-darwin23.5-clang++ 18.1.8 -fPIC -O3)

yosys> read_liberty -lib /Users/grantham/trees/atf15xx_yosys/cells.lib

1. Executing Liberty frontend: /Users/grantham/trees/atf15xx_yosys/cells.lib
Imported 102 cell types from liberty file.

yosys> read_verilog edma.v

2. Executing Verilog-2005 frontend: edma.v
Parsing Verilog input from `edma.v' to AST representation.
edma.v:72: Warning: Yosys has only limited support for tri-state logic at the moment.
edma.v:73: Warning: Yosys has only limited support for tri-state logic at the moment.
edma.v:74: Warning: Yosys has only limited support for tri-state logic at the moment.
edma.v:77: Warning: Yosys has only limited support for tri-state logic at the moment.
edma.v:78: Warning: Yosys has only limited support for tri-state logic at the moment.
edma.v:79: Warning: Yosys has only limited support for tri-state logic at the moment.
Generating RTLIL representation for module `\Edma'.
Successfully finished Verilog frontend.

yosys> stat

3. Printing statistics.

=== Edma ===

        +----------Local Count, excluding submodules.
        | 
       98 wires
      284 wire bits
       44 public wires
      124 public wire bits
       18 ports
       59 port bits
        2 processes
       31 cells
        2   $add
        6   $and
        4   $eq
        6   $mux
        1   $ne
       10   $not
        1   $or
        1   $sub


yosys> tribuf
4. Executing TRIBUF pass.

yosys> stat

5. Printing statistics.

=== Edma ===

        +----------Local Count, excluding submodules.
        | 
       98 wires
      284 wire bits
       44 public wires
      124 public wire bits
       18 ports
       59 port bits
        2 processes
       31 cells
        2   $add
        6   $and
        4   $eq
        1   $ne
       10   $not
        1   $or
        1   $sub
        6   $tribuf


yosys> synth -flatten -noabc -auto-top
6. Executing SYNTH pass.

6.1. Executing HIERARCHY pass (managing design hierarchy).

6.1.1. Finding top of design hierarchy..
root of   0 design levels: Edma                
Automatically selected Edma as design top module.

6.1.2. Analyzing design hierarchy..
Top module:  \Edma

6.1.3. Analyzing design hierarchy..
Top module:  \Edma
Removed 0 unused modules.

6.2. Executing PROC pass (convert processes to netlists).

6.2.1. Executing PROC_CLEAN pass (remove empty switches from decision trees).
Cleaned up 0 empty switches.

6.2.2. Executing PROC_RMDEAD pass (remove dead branches from decision trees).
Removed 1 dead cases from process $proc$edma.v:147$26 in module Edma.
Marked 7 switch rules as full_case in process $proc$edma.v:147$26 in module Edma.
Marked 1 switch rules as full_case in process $proc$edma.v:90$9 in module Edma.
Removed a total of 1 dead cases.

6.2.3. Executing PROC_PRUNE pass (remove redundant assignments in processes).
Removed 9 redundant assignments.
Promoted 0 assignments to connections.

6.2.4. Executing PROC_INIT pass (extract init attributes).

6.2.5. Executing PROC_ARST pass (detect async resets in processes).
Found async reset \RESET in `\Edma.$proc$edma.v:147$26'.
Found async reset \RESET in `\Edma.$proc$edma.v:90$9'.

6.2.6. Executing PROC_ROM pass (convert switches to ROMs).
Converted 0 switches.
<suppressed ~13 debug messages>

6.2.7. Executing PROC_MUX pass (convert decision trees to multiplexers).
Creating decoders for process `\Edma.$proc$edma.v:147$26'.
     1/14: $0\state[2:0]
     2/14: $0\desc_idx[0:0]
     3/14: $0\src_hi_tmp[13:0]
     4/14: $0\words_left[5:0]
     5/14: $0\cur_wait[1:0]
     6/14: $0\armed[0:0]
     7/14: $0\lds_out[0:0]
     8/14: $0\uds_out[0:0]
     9/14: $0\as_out[0:0]
    10/14: $0\addr_ptr[18:0]
    11/14: $0\nDEPOSIT[0:0]
    12/14: $0\dest[2:0]
    13/14: $0\nBGACK[0:0]
    14/14: $0\nBR[0:0]
Creating decoders for process `\Edma.$proc$edma.v:90$9'.
     1/9: $0\hb_sync_d[0:0]
     2/9: $0\hb_sync[0:0]
     3/9: $0\hb_meta[0:0]
     4/9: $0\nAS_sync[0:0]
     5/9: $0\nAS_meta[0:0]
     6/9: $0\nBG_sync[0:0]
     7/9: $0\nBG_meta[0:0]
     8/9: $0\nDTACK_sync[0:0]
     9/9: $0\nDTACK_meta[0:0]

6.2.8. Executing PROC_DLATCH pass (convert process syncs to latches).

6.2.9. Executing PROC_DFF pass (convert process syncs to FFs).
Creating register for signal `\Edma.\nBR' using process `\Edma.$proc$edma.v:147$26'.
  created $adff cell `$procdff$204' with positive edge clock and positive level reset.
Creating register for signal `\Edma.\nBGACK' using process `\Edma.$proc$edma.v:147$26'.
  created $adff cell `$procdff$207' with positive edge clock and positive level reset.
Creating register for signal `\Edma.\dest' using process `\Edma.$proc$edma.v:147$26'.
  created $adff cell `$procdff$210' with positive edge clock and positive level reset.
Creating register for signal `\Edma.\nDEPOSIT' using process `\Edma.$proc$edma.v:147$26'.
  created $adff cell `$procdff$213' with positive edge clock and positive level reset.
Creating register for signal `\Edma.\addr_ptr' using process `\Edma.$proc$edma.v:147$26'.
  created $adff cell `$procdff$216' with positive edge clock and positive level reset.
Creating register for signal `\Edma.\as_out' using process `\Edma.$proc$edma.v:147$26'.
  created $adff cell `$procdff$219' with positive edge clock and positive level reset.
Creating register for signal `\Edma.\uds_out' using process `\Edma.$proc$edma.v:147$26'.
  created $adff cell `$procdff$222' with positive edge clock and positive level reset.
Creating register for signal `\Edma.\lds_out' using process `\Edma.$proc$edma.v:147$26'.
  created $adff cell `$procdff$225' with positive edge clock and positive level reset.
Creating register for signal `\Edma.\armed' using process `\Edma.$proc$edma.v:147$26'.
  created $adff cell `$procdff$228' with positive edge clock and positive level reset.
Creating register for signal `\Edma.\cur_wait' using process `\Edma.$proc$edma.v:147$26'.
  created $adff cell `$procdff$231' with positive edge clock and positive level reset.
Creating register for signal `\Edma.\words_left' using process `\Edma.$proc$edma.v:147$26'.
  created $adff cell `$procdff$234' with positive edge clock and positive level reset.
Creating register for signal `\Edma.\src_hi_tmp' using process `\Edma.$proc$edma.v:147$26'.
  created $adff cell `$procdff$237' with positive edge clock and positive level reset.
Creating register for signal `\Edma.\desc_idx' using process `\Edma.$proc$edma.v:147$26'.
  created $adff cell `$procdff$240' with positive edge clock and positive level reset.
Creating register for signal `\Edma.\state' using process `\Edma.$proc$edma.v:147$26'.
  created $adff cell `$procdff$243' with positive edge clock and positive level reset.
Creating register for signal `\Edma.\nDTACK_meta' using process `\Edma.$proc$edma.v:90$9'.
  created $adff cell `$procdff$246' with positive edge clock and positive level reset.
Creating register for signal `\Edma.\nDTACK_sync' using process `\Edma.$proc$edma.v:90$9'.
  created $adff cell `$procdff$249' with positive edge clock and positive level reset.
Creating register for signal `\Edma.\nBG_meta' using process `\Edma.$proc$edma.v:90$9'.
  created $adff cell `$procdff$252' with positive edge clock and positive level reset.
Creating register for signal `\Edma.\nBG_sync' using process `\Edma.$proc$edma.v:90$9'.
  created $adff cell `$procdff$255' with positive edge clock and positive level reset.
Creating register for signal `\Edma.\nAS_meta' using process `\Edma.$proc$edma.v:90$9'.
  created $adff cell `$procdff$258' with positive edge clock and positive level reset.
Creating register for signal `\Edma.\nAS_sync' using process `\Edma.$proc$edma.v:90$9'.
  created $adff cell `$procdff$261' with positive edge clock and positive level reset.
Creating register for signal `\Edma.\hb_meta' using process `\Edma.$proc$edma.v:90$9'.
  created $adff cell `$procdff$264' with positive edge clock and positive level reset.
Creating register for signal `\Edma.\hb_sync' using process `\Edma.$proc$edma.v:90$9'.
  created $adff cell `$procdff$267' with positive edge clock and positive level reset.
Creating register for signal `\Edma.\hb_sync_d' using process `\Edma.$proc$edma.v:90$9'.
  created $adff cell `$procdff$270' with positive edge clock and positive level reset.

6.2.10. Executing PROC_MEMWR pass (convert process memory writes to cells).

6.2.11. Executing PROC_CLEAN pass (remove empty switches from decision trees).
Found and cleaned up 13 empty switches in `\Edma.$proc$edma.v:147$26'.
Removing empty process `Edma.$proc$edma.v:147$26'.
Removing empty process `Edma.$proc$edma.v:90$9'.
Cleaned up 13 empty switches.

6.2.12. Executing OPT_EXPR pass (perform const folding).
Optimizing module Edma.
<suppressed ~66 debug messages>

6.3. Executing FLATTEN pass (flatten design).

6.4. Executing OPT_EXPR pass (perform const folding).
Optimizing module Edma.

6.5. Executing OPT_CLEAN pass (remove unused cells and wires).
Finding unused cells or wires in module \Edma..
Removed 5 unused cells and 102 unused wires.
<suppressed ~7 debug messages>

6.6. Executing CHECK pass (checking for obvious problems).
Checking module Edma...
Found and reported 0 problems.

6.7. Executing OPT pass (performing simple optimizations).

6.7.1. Executing OPT_EXPR pass (perform const folding).
Optimizing module Edma.

6.7.2. Executing OPT_MERGE pass (detect identical cells).
Finding identical cells in module `\Edma'.
Computing hashes of 135 cells of `\Edma'.
Finding duplicate cells in `\Edma'.
Computing hashes of 112 cells of `\Edma'.
Finding duplicate cells in `\Edma'.
<suppressed ~69 debug messages>
Removed a total of 23 cells.

6.7.3. Executing OPT_MUXTREE pass (detect dead branches in mux trees).
Running muxtree optimizer on module \Edma..
  Creating internal representation of mux trees.
  Evaluating internal representation of mux trees.
  Analyzing evaluation results.
Removed 0 multiplexer ports.
<suppressed ~101 debug messages>

6.7.4. Executing OPT_REDUCE pass (consolidate $*mux and $reduce_* inputs).
  Optimizing cells in module \Edma.
Performed a total of 0 changes.

6.7.5. Executing OPT_MERGE pass (detect identical cells).
Finding identical cells in module `\Edma'.
Computing hashes of 112 cells of `\Edma'.
Finding duplicate cells in `\Edma'.
Removed a total of 0 cells.

6.7.6. Executing OPT_DFF pass (perform DFF optimizations).

6.7.7. Executing OPT_CLEAN pass (remove unused cells and wires).
Finding unused cells or wires in module \Edma..
Removed 0 unused cells and 23 unused wires.
<suppressed ~1 debug messages>

6.7.8. Executing OPT_EXPR pass (perform const folding).
Optimizing module Edma.

6.7.9. Rerunning OPT passes. (Maybe there is more to do..)

6.7.10. Executing OPT_MUXTREE pass (detect dead branches in mux trees).
Running muxtree optimizer on module \Edma..
  Creating internal representation of mux trees.
  Evaluating internal representation of mux trees.
  Analyzing evaluation results.
Removed 0 multiplexer ports.
<suppressed ~101 debug messages>

6.7.11. Executing OPT_REDUCE pass (consolidate $*mux and $reduce_* inputs).
  Optimizing cells in module \Edma.
Performed a total of 0 changes.

6.7.12. Executing OPT_MERGE pass (detect identical cells).
Finding identical cells in module `\Edma'.
Computing hashes of 112 cells of `\Edma'.
Finding duplicate cells in `\Edma'.
Removed a total of 0 cells.

6.7.13. Executing OPT_DFF pass (perform DFF optimizations).

6.7.14. Executing OPT_CLEAN pass (remove unused cells and wires).
Finding unused cells or wires in module \Edma..

6.7.15. Executing OPT_EXPR pass (perform const folding).
Optimizing module Edma.

6.7.16. Finished fast OPT passes. (There is nothing left to do.)

6.8. Executing FSM pass (extract and optimize FSM).

6.8.1. Executing FSM_DETECT pass (finding FSMs in design).
Found FSM state register Edma.state.

6.8.2. Executing FSM_EXTRACT pass (extracting FSM from design).
Extracting FSM `\state' from module `\Edma'.
  found $adff cell for state register: $procdff$243
  root of input selection tree: $0\state[2:0]
  found reset state: 3'000 (from async reset)
  found ctrl input: $procmux$189_CMP
  found ctrl input: $procmux$135_CMP
  found ctrl input: $procmux$104_CMP
  found ctrl input: $procmux$136_CMP
  found ctrl input: $procmux$192_CMP
  found ctrl input: $procmux$201_CMP
  found ctrl input: $procmux$132_CMP
  found ctrl input: $procmux$62_CMP
  found state code: 3'001
  found ctrl input: \reading_payload
  found ctrl input: \desc_idx
  found state code: 3'100
  found state code: 3'111
  found ctrl input: \nDTACK_sync
  found state code: 3'110
  found state code: 3'101
  found ctrl input: \nAS_sync
  found ctrl input: \nBG_sync
  found state code: 3'011
  found ctrl input: $procmux$57_CMP
  found ctrl input: $procmux$130_CMP
  found state code: 3'010
  found ctrl input: \hblank_edge
  found ctrl input: \armed
  found ctrl output: $procmux$62_CMP
  found ctrl output: $procmux$132_CMP
  found ctrl output: $procmux$136_CMP
  found ctrl output: $procmux$135_CMP
  found ctrl output: $procmux$104_CMP
  found ctrl output: $procmux$189_CMP
  found ctrl output: $procmux$192_CMP
  found ctrl output: $procmux$201_CMP
  ctrl inputs: { $procmux$130_CMP $procmux$57_CMP \reading_payload \desc_idx \armed \hblank_edge \nAS_sync \nBG_sync \nDTACK_sync }
  ctrl outputs: { $procmux$201_CMP $procmux$192_CMP $procmux$189_CMP $procmux$136_CMP $procmux$135_CMP $procmux$132_CMP $procmux$104_CMP $procmux$62_CMP $0\state[2:0] }
  transition:      3'000 9'----0---- ->      3'000 11'00000001000
  transition:      3'000 9'----1---- ->      3'001 11'00000001001
  transition:      3'100 9'--------- ->      3'101 11'00010000101
  transition:      3'010 9'-------0- ->      3'011 11'10000000011
  transition:      3'010 9'-------1- ->      3'010 11'10000000010
  transition:      3'110 9'--00----- ->      3'100 11'00001000100
  transition:      3'110 9'--01----- ->      3'111 11'00001000111
  transition:      3'110 9'--1------ ->      3'100 11'00001000100
  transition:      3'001 9'00------- ->      3'010 11'00000100010
  transition:      3'001 9'1-------- ->      3'000 11'00000100000
  transition:      3'001 9'-1---0--- ->      3'001 11'00000100001
  transition:      3'001 9'-1---1--- ->      3'010 11'00000100010
  transition:      3'101 9'--------0 ->      3'110 11'00000010110
  transition:      3'101 9'--------1 ->      3'101 11'00000010101
  transition:      3'011 9'------0-- ->      3'011 11'01000000011
  transition:      3'011 9'------1-- ->      3'100 11'01000000100
  transition:      3'111 9'--------- ->      3'001 11'00100000001

6.8.3. Executing FSM_OPT pass (simple optimizations of FSMs).
Optimizing FSM `$fsm$\state$271' from module `\Edma'.

6.8.4. Executing OPT_CLEAN pass (remove unused cells and wires).
Finding unused cells or wires in module \Edma..
Removed 18 unused cells and 18 unused wires.
<suppressed ~19 debug messages>

6.8.5. Executing FSM_OPT pass (simple optimizations of FSMs).
Optimizing FSM `$fsm$\state$271' from module `\Edma'.
  Removing unused output signal $0\state[2:0] [0].
  Removing unused output signal $0\state[2:0] [1].
  Removing unused output signal $0\state[2:0] [2].
  Removing unused output signal $procmux$62_CMP.

6.8.6. Executing FSM_RECODE pass (re-assigning FSM state encoding).
Recoding FSM `$fsm$\state$271' from module `\Edma' using `auto' encoding:
  mapping auto encoding to `one-hot` for this FSM.
  000 -> -------1
  100 -> ------1-
  010 -> -----1--
  110 -> ----1---
  001 -> ---1----
  101 -> --1-----
  011 -> -1------
  111 -> 1-------

6.8.7. Executing FSM_INFO pass (dumping all available information on FSM cells).

FSM `$fsm$\state$271' from module `Edma':
-------------------------------------

  Information on FSM $fsm$\state$271 (\state):

  Number of input signals:    9
  Number of output signals:   7
  Number of state bits:       8

  Input signals:
    0: \nDTACK_sync
    1: \nBG_sync
    2: \nAS_sync
    3: \hblank_edge
    4: \armed
    5: \desc_idx
    6: \reading_payload
    7: $procmux$57_CMP
    8: $procmux$130_CMP

  Output signals:
    0: $procmux$104_CMP
    1: $procmux$132_CMP
    2: $procmux$135_CMP
    3: $procmux$136_CMP
    4: $procmux$189_CMP
    5: $procmux$192_CMP
    6: $procmux$201_CMP

  State encoding:
    0: 8'-------1  <RESET STATE>
    1: 8'------1-
    2: 8'-----1--
    3: 8'----1---
    4: 8'---1----
    5: 8'--1-----
    6: 8'-1------
    7: 8'1-------

  Transition Table (state_in, ctrl_in, state_out, ctrl_out):
      0:     0 9'----0----   ->     0 7'0000000
      1:     0 9'----1----   ->     4 7'0000000
      2:     1 9'---------   ->     5 7'0001000
      3:     2 9'-------1-   ->     2 7'1000000
      4:     2 9'-------0-   ->     6 7'1000000
      5:     3 9'--00-----   ->     1 7'0000100
      6:     3 9'--1------   ->     1 7'0000100
      7:     3 9'--01-----   ->     7 7'0000100
      8:     4 9'1--------   ->     0 7'0000010
      9:     4 9'-1---1---   ->     2 7'0000010
     10:     4 9'00-------   ->     2 7'0000010
     11:     4 9'-1---0---   ->     4 7'0000010
     12:     5 9'--------0   ->     3 7'0000001
     13:     5 9'--------1   ->     5 7'0000001
     14:     6 9'------1--   ->     1 7'0100000
     15:     6 9'------0--   ->     6 7'0100000
     16:     7 9'---------   ->     4 7'0010000

-------------------------------------

6.8.8. Executing FSM_MAP pass (mapping FSMs to basic logic).
Mapping FSM `$fsm$\state$271' from module `\Edma'.

6.9. Executing OPT pass (performing simple optimizations).

6.9.1. Executing OPT_EXPR pass (perform const folding).
Optimizing module Edma.
<suppressed ~12 debug messages>

6.9.2. Executing OPT_MERGE pass (detect identical cells).
Finding identical cells in module `\Edma'.
Computing hashes of 125 cells of `\Edma'.
Finding duplicate cells in `\Edma'.
Removed a total of 0 cells.

6.9.3. Executing OPT_MUXTREE pass (detect dead branches in mux trees).
Running muxtree optimizer on module \Edma..
  Creating internal representation of mux trees.
  Evaluating internal representation of mux trees.
  Analyzing evaluation results.
Removed 0 multiplexer ports.
<suppressed ~91 debug messages>

6.9.4. Executing OPT_REDUCE pass (consolidate $*mux and $reduce_* inputs).
  Optimizing cells in module \Edma.
Performed a total of 0 changes.

6.9.5. Executing OPT_MERGE pass (detect identical cells).
Finding identical cells in module `\Edma'.
Computing hashes of 125 cells of `\Edma'.
Finding duplicate cells in `\Edma'.
Removed a total of 0 cells.

6.9.6. Executing OPT_DFF pass (perform DFF optimizations).
Adding EN signal on $procdff$225 ($adff) from module Edma (D = $0\lds_out[0:0], Q = \lds_out).
Adding EN signal on $procdff$204 ($adff) from module Edma (D = $0\nBR[0:0], Q = \nBR).
Adding EN signal on $procdff$207 ($adff) from module Edma (D = $0\nBGACK[0:0], Q = \nBGACK).
Adding EN signal on $procdff$213 ($adff) from module Edma (D = $0\nDEPOSIT[0:0], Q = \nDEPOSIT).
Adding EN signal on $procdff$219 ($adff) from module Edma (D = $0\as_out[0:0], Q = \as_out).
Adding EN signal on $procdff$222 ($adff) from module Edma (D = $0\uds_out[0:0], Q = \uds_out).

6.9.7. Executing OPT_CLEAN pass (remove unused cells and wires).
Finding unused cells or wires in module \Edma..
Removed 0 unused cells and 17 unused wires.
<suppressed ~1 debug messages>

6.9.8. Executing OPT_EXPR pass (perform const folding).
Optimizing module Edma.
<suppressed ~6 debug messages>

6.9.9. Rerunning OPT passes. (Maybe there is more to do..)

6.9.10. Executing OPT_MUXTREE pass (detect dead branches in mux trees).
Running muxtree optimizer on module \Edma..
  Creating internal representation of mux trees.
  Evaluating internal representation of mux trees.
  Analyzing evaluation results.
Removed 0 multiplexer ports.
<suppressed ~91 debug messages>

6.9.11. Executing OPT_REDUCE pass (consolidate $*mux and $reduce_* inputs).
  Optimizing cells in module \Edma.
Performed a total of 0 changes.

6.9.12. Executing OPT_MERGE pass (detect identical cells).
Finding identical cells in module `\Edma'.
Computing hashes of 138 cells of `\Edma'.
Finding duplicate cells in `\Edma'.
Computing hashes of 133 cells of `\Edma'.
Finding duplicate cells in `\Edma'.
Computing hashes of 131 cells of `\Edma'.
Finding duplicate cells in `\Edma'.
<suppressed ~21 debug messages>
Removed a total of 7 cells.

6.9.13. Executing OPT_DFF pass (perform DFF optimizations).

6.9.14. Executing OPT_CLEAN pass (remove unused cells and wires).
Finding unused cells or wires in module \Edma..
Removed 0 unused cells and 5 unused wires.
<suppressed ~1 debug messages>

6.9.15. Executing OPT_EXPR pass (perform const folding).
Optimizing module Edma.

6.9.16. Rerunning OPT passes. (Maybe there is more to do..)

6.9.17. Executing OPT_MUXTREE pass (detect dead branches in mux trees).
Running muxtree optimizer on module \Edma..
  Creating internal representation of mux trees.
  Evaluating internal representation of mux trees.
  Analyzing evaluation results.
Removed 0 multiplexer ports.
<suppressed ~87 debug messages>

6.9.18. Executing OPT_REDUCE pass (consolidate $*mux and $reduce_* inputs).
  Optimizing cells in module \Edma.
Performed a total of 0 changes.

6.9.19. Executing OPT_MERGE pass (detect identical cells).
Finding identical cells in module `\Edma'.
Computing hashes of 131 cells of `\Edma'.
Finding duplicate cells in `\Edma'.
Removed a total of 0 cells.

6.9.20. Executing OPT_DFF pass (perform DFF optimizations).

6.9.21. Executing OPT_CLEAN pass (remove unused cells and wires).
Finding unused cells or wires in module \Edma..

6.9.22. Executing OPT_EXPR pass (perform const folding).
Optimizing module Edma.

6.9.23. Finished fast OPT passes. (There is nothing left to do.)

6.10. Executing WREDUCE pass (reducing word size of cells).
Removed top 1 bits (of 2) from port B of cell Edma.$auto$fsm_map.cc:77:implement_pattern_cache$348 ($eq).
Removed top 1 bits (of 2) from port B of cell Edma.$eq$edma.v:117$21 ($eq).
Removed top 5 bits (of 6) from port B of cell Edma.$sub$edma.v:274$31 ($sub).
Removed top 18 bits (of 19) from port B of cell Edma.$add$edma.v:279$33 ($add).
Removed top 1 bits (of 2) from port B of cell Edma.$procmux$57_CMP0 ($eq).

6.11. Executing PEEPOPT pass (run peephole optimizers).

6.12. Executing OPT_CLEAN pass (remove unused cells and wires).
Finding unused cells or wires in module \Edma..

6.13. Executing ALUMACC pass (create $alu and $macc cells).
Extracting $alu and $macc cells in module Edma:
  creating $macc model for $add$edma.v:279$33 ($add).
  creating $macc model for $sub$edma.v:274$31 ($sub).
  creating $alu model for $macc $sub$edma.v:274$31.
  creating $alu model for $macc $add$edma.v:279$33.
  creating $alu cell for $add$edma.v:279$33: $auto$alumacc.cc:512:replace_alu$383
  creating $alu cell for $sub$edma.v:274$31: $auto$alumacc.cc:512:replace_alu$386
  created 2 $alu and 0 $macc cells.

6.14. Executing SHARE pass (SAT-based resource sharing).

6.15. Executing OPT pass (performing simple optimizations).

6.15.1. Executing OPT_EXPR pass (perform const folding).
Optimizing module Edma.

6.15.2. Executing OPT_MERGE pass (detect identical cells).
Finding identical cells in module `\Edma'.
Computing hashes of 131 cells of `\Edma'.
Finding duplicate cells in `\Edma'.
Removed a total of 0 cells.

6.15.3. Executing OPT_MUXTREE pass (detect dead branches in mux trees).
Running muxtree optimizer on module \Edma..
  Creating internal representation of mux trees.
  Evaluating internal representation of mux trees.
  Analyzing evaluation results.
Removed 0 multiplexer ports.
<suppressed ~87 debug messages>

6.15.4. Executing OPT_REDUCE pass (consolidate $*mux and $reduce_* inputs).
  Optimizing cells in module \Edma.
Performed a total of 0 changes.

6.15.5. Executing OPT_MERGE pass (detect identical cells).
Finding identical cells in module `\Edma'.
Computing hashes of 131 cells of `\Edma'.
Finding duplicate cells in `\Edma'.
Removed a total of 0 cells.

6.15.6. Executing OPT_DFF pass (perform DFF optimizations).

6.15.7. Executing OPT_CLEAN pass (remove unused cells and wires).
Finding unused cells or wires in module \Edma..

6.15.8. Executing OPT_EXPR pass (perform const folding).
Optimizing module Edma.

6.15.9. Finished fast OPT passes. (There is nothing left to do.)

6.16. Executing MEMORY pass.

6.16.1. Executing OPT_MEM pass (optimize memories).
Performed a total of 0 transformations.

6.16.2. Executing OPT_MEM_PRIORITY pass (removing unnecessary memory write priority relations).
Performed a total of 0 transformations.

6.16.3. Executing OPT_MEM_FEEDBACK pass (finding memory read-to-write feedback paths).

6.16.4. Executing MEMORY_BMUX2ROM pass (converting muxes to ROMs).

6.16.5. Executing MEMORY_DFF pass (merging $dff cells to $memrd).

6.16.6. Executing OPT_CLEAN pass (remove unused cells and wires).
Finding unused cells or wires in module \Edma..

6.16.7. Executing MEMORY_SHARE pass (consolidating $memrd/$memwr cells).

6.16.8. Executing OPT_MEM_WIDEN pass (optimize memories where all ports are wide).
Performed a total of 0 transformations.

6.16.9. Executing OPT_CLEAN pass (remove unused cells and wires).
Finding unused cells or wires in module \Edma..

6.16.10. Executing MEMORY_COLLECT pass (generating $mem cells).

6.17. Executing OPT_CLEAN pass (remove unused cells and wires).
Finding unused cells or wires in module \Edma..

6.18. Executing OPT pass (performing simple optimizations).

6.18.1. Executing OPT_EXPR pass (perform const folding).
Optimizing module Edma.
<suppressed ~16 debug messages>

6.18.2. Executing OPT_MERGE pass (detect identical cells).
Finding identical cells in module `\Edma'.
Computing hashes of 123 cells of `\Edma'.
Finding duplicate cells in `\Edma'.
Removed a total of 0 cells.

6.18.3. Executing OPT_DFF pass (perform DFF optimizations).

6.18.4. Executing OPT_CLEAN pass (remove unused cells and wires).
Finding unused cells or wires in module \Edma..
Removed 0 unused cells and 8 unused wires.
<suppressed ~1 debug messages>

6.18.5. Finished fast OPT passes.

6.19. Executing MEMORY_MAP pass (converting memories to logic and flip-flops).

6.20. Executing OPT pass (performing simple optimizations).

6.20.1. Executing OPT_EXPR pass (perform const folding).
Optimizing module Edma.

6.20.2. Executing OPT_MERGE pass (detect identical cells).
Finding identical cells in module `\Edma'.
Computing hashes of 123 cells of `\Edma'.
Finding duplicate cells in `\Edma'.
Removed a total of 0 cells.

6.20.3. Executing OPT_MUXTREE pass (detect dead branches in mux trees).
Running muxtree optimizer on module \Edma..
  Creating internal representation of mux trees.
  Evaluating internal representation of mux trees.
  Analyzing evaluation results.
Removed 0 multiplexer ports.
<suppressed ~70 debug messages>

6.20.4. Executing OPT_REDUCE pass (consolidate $*mux and $reduce_* inputs).
  Optimizing cells in module \Edma.
Performed a total of 0 changes.

6.20.5. Executing OPT_MERGE pass (detect identical cells).
Finding identical cells in module `\Edma'.
Computing hashes of 123 cells of `\Edma'.
Finding duplicate cells in `\Edma'.
Removed a total of 0 cells.

6.20.6. Executing OPT_SHARE pass.

6.20.7. Executing OPT_DFF pass (perform DFF optimizations).

6.20.8. Executing OPT_CLEAN pass (remove unused cells and wires).
Finding unused cells or wires in module \Edma..

6.20.9. Executing OPT_EXPR pass (perform const folding).
Optimizing module Edma.

6.20.10. Finished fast OPT passes. (There is nothing left to do.)

6.21. Executing TECHMAP pass (map to technology primitives).

6.21.1. Executing Verilog-2005 frontend: /Users/grantham/trees/oss-cad-suite/libexec/../share/yosys/techmap.v
Parsing Verilog input from `/Users/grantham/trees/oss-cad-suite/libexec/../share/yosys/techmap.v' to AST representation.
Generating RTLIL representation for module `\_90_simplemap_bool_ops'.
Generating RTLIL representation for module `\_90_simplemap_reduce_ops'.
Generating RTLIL representation for module `\_90_simplemap_logic_ops'.
Generating RTLIL representation for module `\_90_simplemap_compare_ops'.
Generating RTLIL representation for module `\_90_simplemap_various'.
Generating RTLIL representation for module `\_90_simplemap_registers'.
Generating RTLIL representation for module `\_90_shift_ops_shr_shl_sshl_sshr'.
Generating RTLIL representation for module `\_90_shift_shiftx'.
Generating RTLIL representation for module `\_90_fa'.
Generating RTLIL representation for module `\_90_lcu_brent_kung'.
Generating RTLIL representation for module `\_90_alu'.
Generating RTLIL representation for module `\_90_macc'.
Generating RTLIL representation for module `\_90_alumacc'.
Generating RTLIL representation for module `$__div_mod_u'.
Generating RTLIL representation for module `$__div_mod_trunc'.
Generating RTLIL representation for module `\_90_div'.
Generating RTLIL representation for module `\_90_mod'.
Generating RTLIL representation for module `$__div_mod_floor'.
Generating RTLIL representation for module `\_90_divfloor'.
Generating RTLIL representation for module `\_90_modfloor'.
Generating RTLIL representation for module `\_90_pow'.
Generating RTLIL representation for module `\_90_pmux'.
Generating RTLIL representation for module `\_90_demux'.
Generating RTLIL representation for module `\_90_lut'.
Generating RTLIL representation for module `$connect'.
Generating RTLIL representation for module `$input_port'.
Successfully finished Verilog frontend.

6.21.2. Continuing TECHMAP pass.
Using template $paramod$a04dd9d4d8b430140c4ff94b50470fb380fda2a0\_90_alu for cells of type $alu.
Using template $paramod$20b1d0597707d55efcb9664e40f63985956d7680\_90_alu for cells of type $alu.
Using extmapper simplemap for cells of type $reduce_bool.
Using extmapper simplemap for cells of type $adffe.
Using extmapper simplemap for cells of type $reduce_and.
Using extmapper simplemap for cells of type $ne.
Using extmapper simplemap for cells of type $and.
Using extmapper simplemap for cells of type $eq.
Using extmapper simplemap for cells of type $reduce_or.
Using extmapper simplemap for cells of type $not.
Using extmapper simplemap for cells of type $logic_not.
Using extmapper simplemap for cells of type $adff.
Using extmapper simplemap for cells of type $tribuf.
Using extmapper simplemap for cells of type $or.
Using extmapper simplemap for cells of type $mux.
Using template $paramod$ed0bb9616228df1e6c226f91f8133e751815f1b1\_90_pmux for cells of type $pmux.
Using template $paramod$76a6693569432e4e8ec63d0609e58448b2d8ab64\_90_pmux for cells of type $pmux.
Using extmapper simplemap for cells of type $xor.
Using template $paramod\_90_fa\WIDTH=32'00000000000000000000000000000110 for cells of type $fa.
Using template $paramod\_90_lcu_brent_kung\WIDTH=32'00000000000000000000000000000110 for cells of type $lcu.
Using extmapper simplemap for cells of type $pos.
Using template $paramod\_90_fa\WIDTH=32'00000000000000000000000000010011 for cells of type $fa.
Using template $paramod\_90_lcu_brent_kung\WIDTH=32'00000000000000000000000000010011 for cells of type $lcu.
No more expansions possible.
<suppressed ~674 debug messages>

6.22. Executing OPT pass (performing simple optimizations).

6.22.1. Executing OPT_EXPR pass (perform const folding).
Optimizing module Edma.
<suppressed ~229 debug messages>

6.22.2. Executing OPT_MERGE pass (detect identical cells).
Finding identical cells in module `\Edma'.
Computing hashes of 626 cells of `\Edma'.
Finding duplicate cells in `\Edma'.
Computing hashes of 620 cells of `\Edma'.
Finding duplicate cells in `\Edma'.
<suppressed ~18 debug messages>
Removed a total of 6 cells.

6.22.3. Executing OPT_DFF pass (perform DFF optimizations).

6.22.4. Executing OPT_CLEAN pass (remove unused cells and wires).
Finding unused cells or wires in module \Edma..
Removed 24 unused cells and 267 unused wires.
<suppressed ~25 debug messages>

6.22.5. Finished fast OPT passes.

6.23. Executing HIERARCHY pass (managing design hierarchy).
Attribute `top' found on module `Edma'. Setting top module to Edma.

6.23.1. Analyzing design hierarchy..
Top module:  \Edma

6.23.2. Analyzing design hierarchy..
Top module:  \Edma
Removed 0 unused modules.

6.24. Printing statistics.

=== Edma ===

        +----------Local Count, excluding submodules.
        | 
      175 wires
      647 wire bits
       43 public wires
      128 public wire bits
       18 ports
       59 port bits
      596 cells
      110   $_AND_
        4   $_DFFE_PN1P_
       55   $_DFF_PN0_
        8   $_DFF_PN1_
      269   $_MUX_
       35   $_NOT_
       62   $_OR_
       30   $_TBUF_
       23   $_XOR_

6.25. Executing CHECK pass (checking for obvious problems).
Checking module Edma...
Found and reported 0 problems.

yosys> stat

7. Printing statistics.

=== Edma ===

        +----------Local Count, excluding submodules.
        | 
      175 wires
      647 wire bits
       43 public wires
      128 public wire bits
       18 ports
       59 port bits
      596 cells
      110   $_AND_
        4   $_DFFE_PN1P_
       55   $_DFF_PN0_
        8   $_DFF_PN1_
      269   $_MUX_
       35   $_NOT_
       62   $_OR_
       30   $_TBUF_
       23   $_XOR_


yosys> techmap -map /Users/grantham/trees/atf15xx_yosys/techmap.v -D skip_DFFE_XX_
8. Executing TECHMAP pass (map to technology primitives).

8.1. Executing Verilog-2005 frontend: /Users/grantham/trees/atf15xx_yosys/techmap.v
Parsing Verilog input from `/Users/grantham/trees/atf15xx_yosys/techmap.v' to AST representation.
Generating RTLIL representation for module `$_DLATCH_P_'.
Generating RTLIL representation for module `$_DLATCH_N_'.
Generating RTLIL representation for module `$_DLATCH_NN0_'.
Generating RTLIL representation for module `$_DLATCH_NN1_'.
Generating RTLIL representation for module `$_DLATCH_NP0_'.
Generating RTLIL representation for module `$_DLATCH_NP1_'.
Generating RTLIL representation for module `$_DLATCH_PN0_'.
Generating RTLIL representation for module `$_DLATCH_PN1_'.
Generating RTLIL representation for module `$_DLATCH_PP0_'.
Generating RTLIL representation for module `$_DLATCH_PP1_'.
Generating RTLIL representation for module `$_DLATCHSR_NNN_'.
Generating RTLIL representation for module `$_DLATCHSR_NNP_'.
Generating RTLIL representation for module `$_DLATCHSR_NPN_'.
Generating RTLIL representation for module `$_DLATCHSR_NPP_'.
Generating RTLIL representation for module `$_DLATCHSR_PNN_'.
Generating RTLIL representation for module `$_DLATCHSR_PNP_'.
Generating RTLIL representation for module `$_DLATCHSR_PPN_'.
Generating RTLIL representation for module `$_DLATCHSR_PPP_'.
Generating RTLIL representation for module `$_DFFE_NN0P_'.
Generating RTLIL representation for module `$_DFFE_PP1P_'.
Generating RTLIL representation for module `$_DFFSRE_PPPP_'.
Successfully finished Verilog frontend.

8.2. Continuing TECHMAP pass.
No more expansions possible.
<suppressed ~23 debug messages>

yosys> stat

9. Printing statistics.

=== Edma ===

        +----------Local Count, excluding submodules.
        | 
      175 wires
      647 wire bits
       43 public wires
      128 public wire bits
       18 ports
       59 port bits
      596 cells
      110   $_AND_
        4   $_DFFE_PN1P_
       55   $_DFF_PN0_
        8   $_DFF_PN1_
      269   $_MUX_
       35   $_NOT_
       62   $_OR_
       30   $_TBUF_
       23   $_XOR_


yosys> simplemap
10. Executing SIMPLEMAP pass (map simple cells to gate primitives).

yosys> stat

11. Printing statistics.

=== Edma ===

        +----------Local Count, excluding submodules.
        | 
      175 wires
      647 wire bits
       43 public wires
      128 public wire bits
       18 ports
       59 port bits
      596 cells
      110   $_AND_
        4   $_DFFE_PN1P_
       55   $_DFF_PN0_
        8   $_DFF_PN1_
      269   $_MUX_
       35   $_NOT_
       62   $_OR_
       30   $_TBUF_
       23   $_XOR_


yosys> dfflibmap -liberty /Users/grantham/trees/atf15xx_yosys/cells.lib
12. Executing DFFLIBMAP pass (mapping DFF cells to sequential cells from liberty file).
  cell DFF (noninv, pins=4, area=600.00) is a direct match for cell type $_DFF_P_.
  cell DFFAR (noninv, pins=5, area=600.00) is a direct match for cell type $_DFF_PP0_.
  cell DFFAS (noninv, pins=5, area=600.00) is a direct match for cell type $_DFF_PP1_.
  cell DFFARS (noninv, pins=6, area=600.00) is a direct match for cell type $_DFFSR_PPP_.
  final dff cell mappings:
    unmapped dff cell: $_DFF_N_
    \DFF _DFF_P_ (.CLK( C), .D( D), .Q( Q), .QN(~Q));
    unmapped dff cell: $_DFF_NN0_
    unmapped dff cell: $_DFF_NN1_
    unmapped dff cell: $_DFF_NP0_
    unmapped dff cell: $_DFF_NP1_
    unmapped dff cell: $_DFF_PN0_
    unmapped dff cell: $_DFF_PN1_
    \DFFAR _DFF_PP0_ (.AR( R), .CLK( C), .D( D), .Q( Q), .QN(~Q));
    \DFFAS _DFF_PP1_ (.AS( R), .CLK( C), .D( D), .Q( Q), .QN(~Q));
    unmapped dff cell: $_DFFE_NN_
    unmapped dff cell: $_DFFE_NP_
    unmapped dff cell: $_DFFE_PN_
    unmapped dff cell: $_DFFE_PP_
    unmapped dff cell: $_DFFSR_NNN_
    unmapped dff cell: $_DFFSR_NNP_
    unmapped dff cell: $_DFFSR_NPN_
    unmapped dff cell: $_DFFSR_NPP_
    unmapped dff cell: $_DFFSR_PNN_
    unmapped dff cell: $_DFFSR_PNP_
    unmapped dff cell: $_DFFSR_PPN_
    \DFFARS _DFFSR_PPP_ (.AR( R), .AS( S), .CLK( C), .D( D), .Q( Q), .QN(~Q));

12.1. Executing DFFLEGALIZE pass (convert FFs to types supported by the target).
Mapping DFF cells in module `\Edma':
  mapped 55 $_DFF_PP0_ cells to \DFFAR cells.
  mapped 12 $_DFF_PP1_ cells to \DFFAS cells.

yosys> stat

13. Printing statistics.

=== Edma ===

        +----------Local Count, excluding submodules.
        | 
      331 wires
      803 wire bits
       43 public wires
      128 public wire bits
       18 ports
       59 port bits
      667 cells
      110   $_AND_
      273   $_MUX_
      102   $_NOT_
       62   $_OR_
       30   $_TBUF_
       23   $_XOR_
       55   DFFAR
       12   DFFAS


yosys> abc -liberty /Users/grantham/trees/atf15xx_yosys/cells.lib
14. Executing ABC pass (technology mapping using ABC).

14.1. Extracting gate netlist of module `\Edma' to `<abc-temp-dir>/input.blif'..

14.1.1. Executed ABC.
Extracted 570 gates and 675 wires to a netlist network with 104 inputs and 125 outputs.
Running ABC script: <abc-temp-dir>/abc.script
ABC: ======== ABC command line "source <abc-temp-dir>/abc.script"
ABC: + read_blif <abc-temp-dir>/input.blif 
ABC: + read_lib -w /Users/grantham/trees/atf15xx_yosys/cells.lib 
ABC: Parsing finished successfully.  Parsing time =     0.00 sec
ABC: Warning: Templates are not defined.
ABC: Liberty parser cannot read "time_unit".  Assuming   time_unit : "1ns".
ABC: Liberty parser cannot read "capacitive_load_unit". Assuming   capacitive_load_unit(1, pf).
ABC: Scl_LibertyReadGenlib() skipped cell "bibuf" without logic function.
ABC: Scl_LibertyReadGenlib() skipped cell "TRI" without logic function.
ABC: Scl_LibertyReadGenlib() skipped sequential cell "DFFEARS".
ABC: Scl_LibertyReadGenlib() skipped sequential cell "DFF".
ABC: Scl_LibertyReadGenlib() skipped sequential cell "DFFE".
ABC: Scl_LibertyReadGenlib() skipped sequential cell "DFFAR".
ABC: Scl_LibertyReadGenlib() skipped sequential cell "DFFAS".
ABC: Scl_LibertyReadGenlib() skipped sequential cell "DFFARS".
ABC: Scl_LibertyReadGenlib() skipped sequential cell "LATCH".
ABC: Library "atf15xx" from "/Users/grantham/trees/atf15xx_yosys/cells.lib" has 93 cells (9 skipped: 7 seq; 0 tri-state; 2 no func; 0 dont_use; 0 with 2 outputs; 0 with 3+ outputs).  Time =     0.00 sec
ABC: Memory =    0.17 MB. Time =     0.00 sec
ABC: + strash 
ABC: + &get -n 
ABC: + &fraig -x 
ABC: + &put 
ABC: + scorr 
ABC: Warning: The network is combinational (run "fraig" or "fraig_sweep").
ABC: + dc2 
ABC: + dretime 
ABC: + strash 
ABC: + &get -n 
ABC: + &dch -f 
ABC: + &nf 
ABC: + &put 
ABC: + write_blif <abc-temp-dir>/output.blif 

14.1.2. Re-integrating ABC results.
ABC RESULTS:              AND2 cells:       33
ABC RESULTS:            AND2I1 cells:        7
ABC RESULTS:            AND2I2 cells:        5
ABC RESULTS:              AND3 cells:        1
ABC RESULTS:            AND3I2 cells:        1
ABC RESULTS:            AND4I4 cells:        2
ABC RESULTS:              AND6 cells:        2
ABC RESULTS:               INV cells:       67
ABC RESULTS:             NAND2 cells:      124
ABC RESULTS:           NAND2I1 cells:       45
ABC RESULTS:           NAND2I2 cells:       25
ABC RESULTS:             NAND3 cells:       40
ABC RESULTS:           NAND3I1 cells:        4
ABC RESULTS:           NAND3I2 cells:        1
ABC RESULTS:           NAND3I3 cells:        1
ABC RESULTS:             OR2I1 cells:        5
ABC RESULTS:             XNOR2 cells:       15
ABC RESULTS:        internal signals:      446
ABC RESULTS:           input signals:      104
ABC RESULTS:          output signals:      125
Removing temp directory.
Removing global temp directory.

yosys> stat

15. Printing statistics.

=== Edma ===

        +----------Local Count, excluding submodules.
        | 
      813 wires
     1285 wire bits
       43 public wires
      128 public wire bits
       18 ports
       59 port bits
      475 cells
       30   $_TBUF_
       33   AND2
        7   AND2I1
        5   AND2I2
        1   AND3
        1   AND3I2
        2   AND4I4
        2   AND6
       55   DFFAR
       12   DFFAS
       67   INV
      124   NAND2
       45   NAND2I1
       25   NAND2I2
       40   NAND3
        4   NAND3I1
        1   NAND3I2
        1   NAND3I3
        5   OR2I1
       15   XNOR2


yosys> #hilomap -hicell VCC X -locell GND X

yosys> #stat

yosys> iopadmap -bits -inpad INBUF Q:A -outpad BUF A:Q -toutpad TRI ENA:A:Q -tinoutpad bibuf EN:Q:A:PAD
16. Executing IOPADMAP pass (mapping inputs/outputs to IO-PAD cells).
Mapping port Edma.FC[0] using bibuf.
Mapping port Edma.FC[1] using bibuf.
Mapping port Edma.FC[2] using bibuf.
Mapping port Edma.nLDS[0] using bibuf.
Mapping port Edma.nUDS[0] using bibuf.
Mapping port Edma.nAS[0] using bibuf.
Mapping port Edma.R_nW[0] using bibuf.
Mapping port Edma.A[0] using bibuf.
Mapping port Edma.A[1] using bibuf.
Mapping port Edma.A[2] using bibuf.
Mapping port Edma.A[3] using bibuf.
Mapping port Edma.A[4] using bibuf.
Mapping port Edma.A[5] using bibuf.
Mapping port Edma.A[6] using bibuf.
Mapping port Edma.A[7] using bibuf.
Mapping port Edma.A[8] using bibuf.
Mapping port Edma.A[9] using bibuf.
Mapping port Edma.A[10] using bibuf.
Mapping port Edma.A[11] using bibuf.
Mapping port Edma.A[12] using bibuf.
Mapping port Edma.A[13] using bibuf.
Mapping port Edma.A[14] using bibuf.
Mapping port Edma.A[15] using bibuf.
Mapping port Edma.A[16] using bibuf.
Mapping port Edma.A[17] using bibuf.
Mapping port Edma.A[18] using bibuf.
Mapping port Edma.A[19] using bibuf.
Mapping port Edma.A[20] using bibuf.
Mapping port Edma.A[21] using bibuf.
Mapping port Edma.A[22] using bibuf.
Mapping port Edma.nENGINE_IRQ using BUF.
Mapping port Edma.HBLANK using INBUF.
Mapping port Edma.nDEPOSIT using BUF.
Mapping port Edma.dest using BUF.
Mapping port Edma.nBGACK using BUF.
Mapping port Edma.nBR using BUF.
Mapping port Edma.nBG using INBUF.
Mapping port Edma.nENGINE_SELECT using INBUF.
Mapping port Edma.nDTACK_BUS using INBUF.
Mapping port Edma.D using INBUF.
Mapping port Edma.nRESET using INBUF.
Mapping port Edma.CPUCLK using INBUF.

yosys> stat

17. Printing statistics.

=== Edma ===

        +----------Local Count, excluding submodules.
        | 
      831 wires
     1344 wire bits
       43 public wires
      128 public wire bits
       18 ports
       59 port bits
      504 cells
       33   AND2
        7   AND2I1
        5   AND2I2
        1   AND3
        1   AND3I2
        2   AND4I4
        2   AND6
        7   BUF
       55   DFFAR
       12   DFFAS
       22   INBUF
       67   INV
      124   NAND2
       45   NAND2I1
       25   NAND2I2
       40   NAND3
        4   NAND3I1
        1   NAND3I2
        1   NAND3I3
        5   OR2I1
       15   XNOR2
       30   bibuf


yosys> clean
Removed 0 unused cells and 356 unused wires.

yosys> stat

18. Printing statistics.

=== Edma ===

        +----------Local Count, excluding submodules.
        | 
      475 wires
      651 wire bits
       38 public wires
      123 public wire bits
       18 ports
       59 port bits
      504 cells
       33   AND2
        7   AND2I1
        5   AND2I2
        1   AND3
        1   AND3I2
        2   AND4I4
        2   AND6
        7   BUF
       55   DFFAR
       12   DFFAS
       22   INBUF
       67   INV
      124   NAND2
       45   NAND2I1
       25   NAND2I2
       40   NAND3
        4   NAND3I1
        1   NAND3I2
        1   NAND3I3
        5   OR2I1
       15   XNOR2
       30   bibuf


yosys> hierarchy
19. Executing HIERARCHY pass (managing design hierarchy).
Attribute `top' found on module `Edma'. Setting top module to Edma.

19.1. Analyzing design hierarchy..
Top module:  \Edma

19.2. Analyzing design hierarchy..
Top module:  \Edma
Removed 0 unused modules.

yosys> stat

20. Printing statistics.

=== Edma ===

        +----------Local Count, excluding submodules.
        | 
      475 wires
      651 wire bits
       38 public wires
      123 public wire bits
       18 ports
       59 port bits
      504 cells
       33   AND2
        7   AND2I1
        5   AND2I2
        1   AND3
        1   AND3I2
        2   AND4I4
        2   AND6
        7   BUF
       55   DFFAR
       12   DFFAS
       22   INBUF
       67   INV
      124   NAND2
       45   NAND2I1
       25   NAND2I2
       40   NAND3
        4   NAND3I1
        1   NAND3I2
        1   NAND3I3
        5   OR2I1
       15   XNOR2
       30   bibuf


yosys> splitnets -format _
21. Executing SPLITNETS pass (splitting up multi-bit signals).

yosys> rename -wire -suffix _reg t:*DFF*

yosys> rename -wire -suffix _comb

yosys> #write_edif -attrprop edma.edif

yosys> delete t:$scopeinfo

yosys> write_edif -lsbidx edma.edif

22. Executing EDIF backend.

yosys> exit

Warnings: 1 unique messages, 6 total
End of script. Logfile hash: 8d189456a6, CPU: user 0.13s system 0.02s, MEM: 26.91 MB peak
Yosys 0.62+117 (git sha1 1d3f9b790-dirty, aarch64-apple-darwin23.5-clang++ 18.1.8 -fPIC -O3)
Time spent: 66% 1x abc (0 sec), 6% 19x opt_expr (0 sec), ...
+ '[' -lsbidx = '' ']'
