[mvk-info] MoltenVK version 1.4.1, supporting Vulkan version 1.4.334.
	The following 153 Vulkan extensions are supported:
	VK_KHR_16bit_storage v1
	VK_KHR_8bit_storage v1
	VK_KHR_bind_memory2 v1
	VK_KHR_buffer_device_address v1
	VK_KHR_calibrated_timestamps v1
	VK_KHR_copy_commands2 v1
	VK_KHR_create_renderpass2 v1
	VK_KHR_dedicated_allocation v3
	VK_KHR_deferred_host_operations v4
	VK_KHR_depth_stencil_resolve v1
	VK_KHR_descriptor_update_template v1
	VK_KHR_device_group v4
	VK_KHR_device_group_creation v1
	VK_KHR_driver_properties v1
	VK_KHR_dynamic_rendering v1
	VK_KHR_dynamic_rendering_local_read v1
	VK_KHR_external_fence v1
	VK_KHR_external_fence_capabilities v1
	VK_KHR_external_memory v1
	VK_KHR_external_memory_capabilities v1
	VK_KHR_external_semaphore v1
	VK_KHR_external_semaphore_capabilities v1
	VK_KHR_format_feature_flags2 v2
	VK_KHR_fragment_shader_barycentric v1
	VK_KHR_get_memory_requirements2 v1
	VK_KHR_get_physical_device_properties2 v2
	VK_KHR_get_surface_capabilities2 v1
	VK_KHR_global_priority v1
	VK_KHR_image_format_list v1
	VK_KHR_imageless_framebuffer v1
	VK_KHR_incremental_present v2
	VK_KHR_index_type_uint8 v1
	VK_KHR_line_rasterization v1
	VK_KHR_load_store_op_none v1
	VK_KHR_maintenance1 v2
	VK_KHR_maintenance2 v1
	VK_KHR_maintenance3 v1
	VK_KHR_maintenance4 v2
	VK_KHR_maintenance5 v1
	VK_KHR_maintenance6 v1
	VK_KHR_maintenance7 v1
	VK_KHR_maintenance8 v1
	VK_KHR_maintenance9 v1
	VK_KHR_map_memory2 v1
	VK_KHR_multiview v1
	VK_KHR_portability_subset v1
	VK_KHR_present_id v1
	VK_KHR_present_id2 v1
	VK_KHR_present_wait v1
	VK_KHR_present_wait2 v1
	VK_KHR_push_descriptor v2
	VK_KHR_relaxed_block_layout v1
	VK_KHR_robustness2 v1
	VK_KHR_sampler_mirror_clamp_to_edge v3
	VK_KHR_sampler_ycbcr_conversion v14
	VK_KHR_separate_depth_stencil_layouts v1
	VK_KHR_shader_draw_parameters v1
	VK_KHR_shader_expect_assume v1
	VK_KHR_shader_float_controls v4
	VK_KHR_shader_float_controls2 v1
	VK_KHR_shader_float16_int8 v1
	VK_KHR_shader_fma v1
	VK_KHR_shader_integer_dot_product v1
	VK_KHR_shader_maximal_reconvergence v1
	VK_KHR_shader_non_semantic_info v1
	VK_KHR_shader_quad_control v1
	VK_KHR_shader_relaxed_extended_instruction v1
	VK_KHR_shader_subgroup_extended_types v1
	VK_KHR_shader_subgroup_rotate v2
	VK_KHR_shader_subgroup_uniform_control_flow v1
	VK_KHR_shader_terminate_invocation v1
	VK_KHR_spirv_1_4 v1
	VK_KHR_storage_buffer_storage_class v1
	VK_KHR_surface v25
	VK_KHR_surface_maintenance1 v1
	VK_KHR_surface_protected_capabilities v1
	VK_KHR_swapchain v70
	VK_KHR_swapchain_maintenance1 v1
	VK_KHR_swapchain_mutable_format v1
	VK_KHR_synchronization2 v1
	VK_KHR_timeline_semaphore v2
	VK_KHR_uniform_buffer_standard_layout v1
	VK_KHR_variable_pointers v1
	VK_KHR_vertex_attribute_divisor v1
	VK_KHR_vulkan_memory_model v3
	VK_KHR_zero_initialize_workgroup_memory v1
	VK_EXT_4444_formats v1
	VK_EXT_buffer_device_address v2
	VK_EXT_calibrated_timestamps v2
	VK_EXT_debug_marker v4
	VK_EXT_debug_report v10
	VK_EXT_debug_utils v2
	VK_EXT_depth_clip_control v1
	VK_EXT_descriptor_indexing v2
	VK_EXT_extended_dynamic_state v1
	VK_EXT_extended_dynamic_state2 v1
	VK_EXT_extended_dynamic_state3 v2
	VK_EXT_external_memory_host v1
	VK_EXT_external_memory_metal v1
	VK_EXT_fragment_shader_interlock v1
	VK_EXT_global_priority v2
	VK_EXT_global_priority_query v1
	VK_EXT_hdr_metadata v3
	VK_EXT_headless_surface v1
	VK_EXT_host_image_copy v1
	VK_EXT_host_query_reset v1
	VK_EXT_image_2d_view_of_3d v1
	VK_EXT_image_robustness v1
	VK_EXT_index_type_uint8 v1
	VK_EXT_inline_uniform_block v1
	VK_EXT_layer_settings v2
	VK_EXT_legacy_dithering v2
	VK_EXT_line_rasterization v1
	VK_EXT_load_store_op_none v1
	VK_EXT_memory_budget v1
	VK_EXT_metal_objects v2
	VK_EXT_metal_surface v1
	VK_EXT_non_seamless_cube_map v1
	VK_EXT_pipeline_creation_cache_control v3
	VK_EXT_pipeline_creation_feedback v1
	VK_EXT_pipeline_robustness v1
	VK_EXT_post_depth_coverage v1
	VK_EXT_primitive_topology_list_restart v1
	VK_EXT_private_data v1
	VK_EXT_provoking_vertex v1
	VK_EXT_robustness2 v1
	VK_EXT_sample_locations v1
	VK_EXT_scalar_block_layout v1
	VK_EXT_separate_stencil_usage v1
	VK_EXT_shader_atomic_float v1
	VK_EXT_shader_demote_to_helper_invocation v1
	VK_EXT_shader_stencil_export v1
	VK_EXT_shader_subgroup_ballot v1
	VK_EXT_shader_subgroup_vote v1
	VK_EXT_shader_viewport_index_layer v1
	VK_EXT_subgroup_size_control v2
	VK_EXT_surface_maintenance1 v1
	VK_EXT_swapchain_colorspace v5
	VK_EXT_swapchain_maintenance1 v1
	VK_EXT_texel_buffer_alignment v1
	VK_EXT_texture_compression_astc_hdr v1
	VK_EXT_tooling_info v1
	VK_EXT_vertex_attribute_divisor v3
	VK_AMD_gpu_shader_half_float v2
	VK_AMD_negative_viewport_height v1
	VK_AMD_shader_image_load_store_lod v1
	VK_AMD_shader_trinary_minmax v1
	VK_GOOGLE_display_timing v1
	VK_IMG_format_pvrtc v1
	VK_INTEL_shader_integer_functions2 v1
	VK_MVK_macos_surface v3
	VK_MVK_moltenvk v37
	VK_NV_fragment_shader_barycentric v1
[mvk-info] GPU device:
	model: Apple M1 Max
	type: Integrated
	vendorID: 0x106b
	deviceID: 0xf050207
	pipelineCacheUUID: DB445FF2-0F05-0207-0000-000100000000
	GPU memory available: 49152 MB
	GPU memory used: 0 MB
	Metal Shading Language 3.2
	supports the following GPU Features:
		GPU Family Metal 3
		GPU Family Apple 7
		GPU Family Mac 2
		Read-Write Texture Tier 2
[mvk-info] Created VkInstance for Vulkan version 1.0.334, as requested by app, with the following 2 Vulkan extensions enabled:
	VK_KHR_external_memory_capabilities v1
	VK_KHR_get_physical_device_properties2 v2
00d0:err:hid:handle_DeviceMatchingCallback Ignoring HID device 0x7fb20570a320 (vid 05ac, pid 0342): not a joystick or gamepad
00d0:err:hid:handle_DeviceMatchingCallback Ignoring HID device 0x7fb20570af70 (vid 05ac, pid 8104): not a joystick or gamepad
00d0:err:hid:handle_DeviceMatchingCallback Ignoring HID device 0x7fb20570ab50 (vid 0000, pid 0000): not a joystick or gamepad
00d0:err:hid:handle_DeviceMatchingCallback Ignoring HID device 0x7fb20570b4f0 (vid 0000, pid 0000): not a joystick or gamepad
00d0:err:hid:handle_DeviceMatchingCallback Ignoring HID device 0x7fb20570a480 (vid 05ac, pid 0342): not a joystick or gamepad
00d0:err:hid:handle_DeviceMatchingCallback Ignoring HID device 0x7fb20570b0d0 (vid 05ac, pid 8104): not a joystick or gamepad
00d0:err:hid:handle_DeviceMatchingCallback Ignoring HID device 0x7fb20570acb0 (vid 0000, pid 0000): not a joystick or gamepad
00d0:err:hid:handle_DeviceMatchingCallback Ignoring HID device 0x7fb20570a890 (vid 05ac, pid 8104): not a joystick or gamepad
00d0:err:hid:handle_DeviceMatchingCallback Ignoring HID device 0x7fb205707cd0 (vid 05ac, pid 0342): not a joystick or gamepad
00d0:err:hid:handle_DeviceMatchingCallback Ignoring HID device 0x7fb20570a5e0 (vid 05ac, pid 0342): not a joystick or gamepad
00d0:err:hid:handle_DeviceMatchingCallback Ignoring HID device 0x7fb20570b230 (vid 0000, pid 0000): not a joystick or gamepad
00d0:err:hid:handle_DeviceMatchingCallback Ignoring HID device 0x7fb20570a1c0 (vid 05ac, pid 0342): not a joystick or gamepad
00d0:err:hid:handle_DeviceMatchingCallback Ignoring HID device 0x7fb2057092c0 (vid 05ac, pid 0342): not a joystick or gamepad
00d0:err:hid:handle_DeviceMatchingCallback Ignoring HID device 0x7fb20570ae10 (vid 05ac, pid 8104): not a joystick or gamepad
00d0:err:hid:handle_DeviceMatchingCallback Ignoring HID device 0x7fb20570a9f0 (vid 0000, pid 0000): not a joystick or gamepad
00d0:err:hid:handle_DeviceMatchingCallback Ignoring HID device 0x7fb20570b390 (vid 0000, pid 0000): not a joystick or gamepad
00b0:err:ntoskrnl:ZwLoadDriver failed to create driver L"\\Registry\\Machine\\System\\CurrentControlSet\\Services\\winebth": c00000e5
003c:fixme:service:scmdatabase_autostart_services Auto-start service L"winebth" failed to start: 1359
Name = edma3
Device = ATF1508AS
Package = PLCC84
Speed = 15
Options = -preassign ignore -strategy debug = on
0124:err:environ:init_peb starting L"Z:\\Users\\grantham\\trees\\atf15xx_yosys\\vendor\\fit1508.exe" in experimental wow64 mode
Atmel ATF1508AS Fitter Version 1.8.7.8 (02-05-03)
Copyright 1999,2000 Atmel Corporation
Mode debug ... 
---------------------------------------------------------
 Fitter_Pass 1, Preassign = IGNORE, LOGIC_DOUBLING : OFF 
 ... 
 Design fits successfully
 
  If you wish to have more pins available for future logic changes
  Atmel  recommends using a larger device
  If you wish to have more pins available for future logic change
  Atmel recommends using a larger device.
                                                                                    
                                                                                    
                                                                                    
                                                                                    
                                          n  C                                      
                                          R  P                                      
                       D  D D             E  U   A A A   A   n                      
                     D _  _ _ G D D D V   S  C G _ _ _ V _ n U                      
                     _ 1  1 1 N _ _ _ C   E  L N 1 1 1 C 1 A D                      
                     1 3  0 1 D 6 2 0 C   T  K D 8 7 5 C 6 S S                      
                    -------------------------------------------                     
                   / 11   9   7   5   3   1  83  81  79  77  75 \                  
                  /    10   8   6   4   2  84  82  80  78  76    \                 
             D_4 | 12                    (*)                   74 | nLDS            
             VCC | 13                                          73 | D_5             
             TDI | 14                                          72 | GND             
             D_7 | 15                                          71 | TDO             
             D_8 | 16                                          70 | A_3             
            D_12 | 17                                          69 | A_4             
  nENGINE_SELECT | 18                                          68 | A_13            
             GND | 19                                          67 | A_14            
            D_15 | 20                                          66 | VCC             
             D_3 | 21                                          65 | A_12            
            D_14 | 22                 ATF1508                  64 | A_21            
             TMS | 23               84-Lead PLCC               63 | A_19            
       nSIGNAL_6 | 24                                          62 | TCK             
       nSIGNAL_0 | 25                                          61 | A_10            
             VCC | 26                                          60 | A_6             
       nSIGNAL_2 | 27                                          59 | GND             
       nSIGNAL_1 | 28                                          58 | A_8             
       nSIGNAL_5 | 29                                          57 | A_5             
       nSIGNAL_4 | 30                                          56 | A_7             
             D_9 | 31                                          55 | A_9             
             GND | 32                                          54 | A_2             
                  \     34  36  38  40  42  44  46  48  50  52   /                 
                   \  33  35  37  39  41  43  45  47  49  51  53/                  
              	    --------------------------------------------                     
                      A A F F F V n H n G V   A A G R A n n n V                     
                      _ _ C C C C B B B N C   _ _ N _ _ E B S C                     
                      1 0 _ _ _ C G L G D C   2 2 D n 1 N R I C                     
                          1 2 0   A A         2 0   W 1 G   G                       
                                  C N                   I   N                       
                                  K K                   N   A                       
                                                        E   L                       
                                                        _   _                       
                                                        I   3                       
                                                        R                           
                                                        Q                           

Logic Array Block       Macro Cells     I/O Pins        Foldbacks       TotalPT         FanIN           Cascades
A: LC1	- LC16		16/16(100%)	8/16(50%)	10/16(62%)	77/80(96%)	(35)	0
B: LC17	- LC32		14/16(87%)	8/16(50%)	7/16(43%)	69/80(86%)	(36)	0
C: LC33	- LC48		13/16(81%)	8/16(50%)	2/16(12%)	50/80(62%)	(36)	3
D: LC49	- LC64		15/16(93%)	8/16(50%)	7/16(43%)	57/80(71%)	(35)	1
E: LC65	- LC80		16/16(100%)	7/16(43%)	4/16(25%)	46/80(57%)	(36)	0
F: LC81	- LC96		15/16(93%)	8/16(50%)	0/16(0%)	42/80(52%)	(36)	0
G: LC97	- LC112		16/16(100%)	8/16(50%)	0/16(0%)	53/80(66%)	(36)	0
H: LC113- LC128		13/16(81%)	8/16(50%)	0/16(0%)	25/80(31%)	(17)	0

Total dedicated input used:	2/4 	(50%)
Total I/O pins used		63/64 	(98%)
Total Logic cells used 		122/128 	(95%)
Total Flip-Flop used 		83/128 	(64%)
Total Foldback logic used 	30/128 	(23%)
Total Nodes+FB/MCells 		148/128 	(115%)
Total cascade used 		4
Total input pins	25
Total output pins 		40
Total Pts		419

$Device PLCC84 fits 

