[mvk-info] MoltenVK version 1.4.1, supporting Vulkan version 1.4.334.
	The following 153 Vulkan extensions are supported:
	VK_KHR_16bit_storage v1
	VK_KHR_8bit_storage v1
	VK_KHR_bind_memory2 v1
	VK_KHR_buffer_device_address v1
	VK_KHR_calibrated_timestamps v1
	VK_KHR_copy_commands2 v1
	VK_KHR_create_renderpass2 v1
	VK_KHR_dedicated_allocation v3
	VK_KHR_deferred_host_operations v4
	VK_KHR_depth_stencil_resolve v1
	VK_KHR_descriptor_update_template v1
	VK_KHR_device_group v4
	VK_KHR_device_group_creation v1
	VK_KHR_driver_properties v1
	VK_KHR_dynamic_rendering v1
	VK_KHR_dynamic_rendering_local_read v1
	VK_KHR_external_fence v1
	VK_KHR_external_fence_capabilities v1
	VK_KHR_external_memory v1
	VK_KHR_external_memory_capabilities v1
	VK_KHR_external_semaphore v1
	VK_KHR_external_semaphore_capabilities v1
	VK_KHR_format_feature_flags2 v2
	VK_KHR_fragment_shader_barycentric v1
	VK_KHR_get_memory_requirements2 v1
	VK_KHR_get_physical_device_properties2 v2
	VK_KHR_get_surface_capabilities2 v1
	VK_KHR_global_priority v1
	VK_KHR_image_format_list v1
	VK_KHR_imageless_framebuffer v1
	VK_KHR_incremental_present v2
	VK_KHR_index_type_uint8 v1
	VK_KHR_line_rasterization v1
	VK_KHR_load_store_op_none v1
	VK_KHR_maintenance1 v2
	VK_KHR_maintenance2 v1
	VK_KHR_maintenance3 v1
	VK_KHR_maintenance4 v2
	VK_KHR_maintenance5 v1
	VK_KHR_maintenance6 v1
	VK_KHR_maintenance7 v1
	VK_KHR_maintenance8 v1
	VK_KHR_maintenance9 v1
	VK_KHR_map_memory2 v1
	VK_KHR_multiview v1
	VK_KHR_portability_subset v1
	VK_KHR_present_id v1
	VK_KHR_present_id2 v1
	VK_KHR_present_wait v1
	VK_KHR_present_wait2 v1
	VK_KHR_push_descriptor v2
	VK_KHR_relaxed_block_layout v1
	VK_KHR_robustness2 v1
	VK_KHR_sampler_mirror_clamp_to_edge v3
	VK_KHR_sampler_ycbcr_conversion v14
	VK_KHR_separate_depth_stencil_layouts v1
	VK_KHR_shader_draw_parameters v1
	VK_KHR_shader_expect_assume v1
	VK_KHR_shader_float_controls v4
	VK_KHR_shader_float_controls2 v1
	VK_KHR_shader_float16_int8 v1
	VK_KHR_shader_fma v1
	VK_KHR_shader_integer_dot_product v1
	VK_KHR_shader_maximal_reconvergence v1
	VK_KHR_shader_non_semantic_info v1
	VK_KHR_shader_quad_control v1
	VK_KHR_shader_relaxed_extended_instruction v1
	VK_KHR_shader_subgroup_extended_types v1
	VK_KHR_shader_subgroup_rotate v2
	VK_KHR_shader_subgroup_uniform_control_flow v1
	VK_KHR_shader_terminate_invocation v1
	VK_KHR_spirv_1_4 v1
	VK_KHR_storage_buffer_storage_class v1
	VK_KHR_surface v25
	VK_KHR_surface_maintenance1 v1
	VK_KHR_surface_protected_capabilities v1
	VK_KHR_swapchain v70
	VK_KHR_swapchain_maintenance1 v1
	VK_KHR_swapchain_mutable_format v1
	VK_KHR_synchronization2 v1
	VK_KHR_timeline_semaphore v2
	VK_KHR_uniform_buffer_standard_layout v1
	VK_KHR_variable_pointers v1
	VK_KHR_vertex_attribute_divisor v1
	VK_KHR_vulkan_memory_model v3
	VK_KHR_zero_initialize_workgroup_memory v1
	VK_EXT_4444_formats v1
	VK_EXT_buffer_device_address v2
	VK_EXT_calibrated_timestamps v2
	VK_EXT_debug_marker v4
	VK_EXT_debug_report v10
	VK_EXT_debug_utils v2
	VK_EXT_depth_clip_control v1
	VK_EXT_descriptor_indexing v2
	VK_EXT_extended_dynamic_state v1
	VK_EXT_extended_dynamic_state2 v1
	VK_EXT_extended_dynamic_state3 v2
	VK_EXT_external_memory_host v1
	VK_EXT_external_memory_metal v1
	VK_EXT_fragment_shader_interlock v1
	VK_EXT_global_priority v2
	VK_EXT_global_priority_query v1
	VK_EXT_hdr_metadata v3
	VK_EXT_headless_surface v1
	VK_EXT_host_image_copy v1
	VK_EXT_host_query_reset v1
	VK_EXT_image_2d_view_of_3d v1
	VK_EXT_image_robustness v1
	VK_EXT_index_type_uint8 v1
	VK_EXT_inline_uniform_block v1
	VK_EXT_layer_settings v2
	VK_EXT_legacy_dithering v2
	VK_EXT_line_rasterization v1
	VK_EXT_load_store_op_none v1
	VK_EXT_memory_budget v1
	VK_EXT_metal_objects v2
	VK_EXT_metal_surface v1
	VK_EXT_non_seamless_cube_map v1
	VK_EXT_pipeline_creation_cache_control v3
	VK_EXT_pipeline_creation_feedback v1
	VK_EXT_pipeline_robustness v1
	VK_EXT_post_depth_coverage v1
	VK_EXT_primitive_topology_list_restart v1
	VK_EXT_private_data v1
	VK_EXT_provoking_vertex v1
	VK_EXT_robustness2 v1
	VK_EXT_sample_locations v1
	VK_EXT_scalar_block_layout v1
	VK_EXT_separate_stencil_usage v1
	VK_EXT_shader_atomic_float v1
	VK_EXT_shader_demote_to_helper_invocation v1
	VK_EXT_shader_stencil_export v1
	VK_EXT_shader_subgroup_ballot v1
	VK_EXT_shader_subgroup_vote v1
	VK_EXT_shader_viewport_index_layer v1
	VK_EXT_subgroup_size_control v2
	VK_EXT_surface_maintenance1 v1
	VK_EXT_swapchain_colorspace v5
	VK_EXT_swapchain_maintenance1 v1
	VK_EXT_texel_buffer_alignment v1
	VK_EXT_texture_compression_astc_hdr v1
	VK_EXT_tooling_info v1
	VK_EXT_vertex_attribute_divisor v3
	VK_AMD_gpu_shader_half_float v2
	VK_AMD_negative_viewport_height v1
	VK_AMD_shader_image_load_store_lod v1
	VK_AMD_shader_trinary_minmax v1
	VK_GOOGLE_display_timing v1
	VK_IMG_format_pvrtc v1
	VK_INTEL_shader_integer_functions2 v1
	VK_MVK_macos_surface v3
	VK_MVK_moltenvk v37
	VK_NV_fragment_shader_barycentric v1
[mvk-info] GPU device:
	model: Apple M1 Max
	type: Integrated
	vendorID: 0x106b
	deviceID: 0xf050207
	pipelineCacheUUID: DB445FF2-0F05-0207-0000-000100000000
	GPU memory available: 49152 MB
	GPU memory used: 0 MB
	Metal Shading Language 3.2
	supports the following GPU Features:
		GPU Family Metal 3
		GPU Family Apple 7
		GPU Family Mac 2
		Read-Write Texture Tier 2
[mvk-info] Created VkInstance for Vulkan version 1.0.334, as requested by app, with the following 2 Vulkan extensions enabled:
	VK_KHR_external_memory_capabilities v1
	VK_KHR_get_physical_device_properties2 v2
00d4:err:hid:handle_DeviceMatchingCallback Ignoring HID device 0x7f8a1a926bb0 (vid 0000, pid 0000): not a joystick or gamepad
00d4:err:hid:handle_DeviceMatchingCallback Ignoring HID device 0x7f8a1a925b40 (vid 05ac, pid 0342): not a joystick or gamepad
00d4:err:hid:handle_DeviceMatchingCallback Ignoring HID device 0x7f8a1a924ad0 (vid 05ac, pid 0342): not a joystick or gamepad
00d4:err:hid:handle_DeviceMatchingCallback Ignoring HID device 0x7f8a1a925720 (vid 05ac, pid 0342): not a joystick or gamepad
00d4:err:hid:handle_DeviceMatchingCallback Ignoring HID device 0x7f8a1a926370 (vid 0000, pid 0000): not a joystick or gamepad
00d4:err:hid:handle_DeviceMatchingCallback Ignoring HID device 0x7f8a1a926790 (vid 05ac, pid 8104): not a joystick or gamepad
00d4:err:hid:handle_DeviceMatchingCallback Ignoring HID device 0x7f8a1a925f50 (vid 05ac, pid 8104): not a joystick or gamepad
00d4:err:hid:handle_DeviceMatchingCallback Ignoring HID device 0x7f8a1a925ca0 (vid 05ac, pid 0342): not a joystick or gamepad
00d4:err:hid:handle_DeviceMatchingCallback Ignoring HID device 0x7f8a1a9268f0 (vid 0000, pid 0000): not a joystick or gamepad
00d4:err:hid:handle_DeviceMatchingCallback Ignoring HID device 0x7f8a1a925880 (vid 05ac, pid 0342): not a joystick or gamepad
00d4:err:hid:handle_DeviceMatchingCallback Ignoring HID device 0x7f8a1a9264d0 (vid 05ac, pid 8104): not a joystick or gamepad
00d4:err:hid:handle_DeviceMatchingCallback Ignoring HID device 0x7f8a1a9260b0 (vid 0000, pid 0000): not a joystick or gamepad
00d4:err:hid:handle_DeviceMatchingCallback Ignoring HID device 0x7f8a1a926a50 (vid 0000, pid 0000): not a joystick or gamepad
00d4:err:hid:handle_DeviceMatchingCallback Ignoring HID device 0x7f8a1a9259e0 (vid 05ac, pid 0342): not a joystick or gamepad
00d4:err:hid:handle_DeviceMatchingCallback Ignoring HID device 0x7f8a1a926630 (vid 05ac, pid 8104): not a joystick or gamepad
00d4:err:hid:handle_DeviceMatchingCallback Ignoring HID device 0x7f8a1a926210 (vid 0000, pid 0000): not a joystick or gamepad
00b0:err:ntoskrnl:ZwLoadDriver failed to create driver L"\\Registry\\Machine\\System\\CurrentControlSet\\Services\\winebth": c00000e5
003c:fixme:service:scmdatabase_autostart_services Auto-start service L"winebth" failed to start: 1359
Name = compositor
Device = ATF1508AS
Package = PLCC84
Speed = 15
Options = -preassign ignore -strategy debug = on
0128:err:environ:init_peb starting L"Z:\\Users\\grantham\\trees\\atf15xx_yosys\\vendor\\fit1508.exe" in experimental wow64 mode
Atmel ATF1508AS Fitter Version 1.8.7.8 (02-05-03)
Copyright 1999,2000 Atmel Corporation
Mode debug ... 
---------------------------------------------------------
 Fitter_Pass 1, Preassign = IGNORE, LOGIC_DOUBLING : OFF 
 ... 
 Design fits successfully
 
                                                                                    
                                                                                    
                     V            V                                                 
                     I            I                  R                              
                     D      R     D          P   R R G   R R R                      
                     C R  R G   R C R        I   G G B   G G G                      
                     M G  G B   G M G        X   B B _   B B B                      
                     D B  B _   B D B        E   _ _ O   _ _ _                      
                     _ _  _ I   _ _ _        L   O O U   O O I                      
                     Q I  I N   I Q I        _   U U T   U U N                      
                     _ N  N _ G N _ N V   n  C G T T _ V T T _                      
                     1 _  _ 1 N _ 1 _ C   R  L N _ _ 1 C _ _ 1                      
                     5 7  6 0 D 8 4 9 C   S  K D 7 6 0 C 8 9 1                      
                    -------------------------------------------                     
                   / 11   9   7   5   3   1  83  81  79  77  75 \                  
                  /    10   8   6   4   2  84  82  80  78  76    \                 
        RGB_IN_5 | 12                    (*)                   74 | RGB_IN_4        
             VCC | 13                                          73 | RGB_IN_3        
             TDI | 14                                          72 | GND             
   set_pix_valid | 15                                          71 | TDO             
             GND | 19                                          67 | RGB_OUT_3       
                 | 20                                          66 | VCC             
                 | 21                                          65 | RGB_OUT_4       
     VIDCMD_Q_13 | 22                 ATF1508                  64 | RGB_OUT_11      
             TMS | 23               84-Lead PLCC               63 | RGB_OUT_5       
  set_pix_commit | 24                                          62 | TCK             
      VIDCMD_Q_6 | 25                                          61 | nVIDCMD_RE      
             VCC | 26                                          60 | RGB_IN_2        
      VIDCMD_Q_7 | 27                                          59 | GND             
        H_ACTIVE | 28                                          58 |                 
      VIDCMD_Q_1 | 29                                          57 |                 
      VIDCMD_Q_2 | 30                                          56 |                 
     VIDCMD_Q_12 | 31                                          55 | RGB_IN_0        
             GND | 32                                          54 | RGB_IN_1        
                  \     34  36  38  40  42  44  46  48  50  52   /                 
                   \  33  35  37  39  41  43  45  47  49  51  53/                  
              	    --------------------------------------------                     
                        V V V   V V V V G V       G   V V n   V                     
                        I I I   C I I I N C       N   I I V   C                     
                        D D D   C D D D D C       D   D D I   C                     
                        C C C     C C C               C C D                         
                        M M M     M M M               M M C                         
                        D D D     D D D               D D M                         
                        _ _ _     _ _ _               _ _ D                         
                        Q Q Q     Q Q Q               Q Q _                         
                        _ _ _     _ _ _               _ _ E                         
                        3 0 9     1 1 8               5 4 F                         
                                  0 1                                               

Logic Array Block       Macro Cells     I/O Pins        Foldbacks       TotalPT         FanIN           Cascades
A: LC1	- LC16		10/16(62%)	8/16(50%)	2/16(12%)	72/80(90%)	(29)	6
B: LC17	- LC32		14/16(87%)	6/16(37%)	2/16(12%)	34/80(42%)	(29)	1
C: LC33	- LC48		8/16(50%)	8/16(50%)	1/16(6%)	23/80(28%)	(29)	1
D: LC49	- LC64		8/16(50%)	6/16(37%)	1/16(6%)	49/80(61%)	(22)	8
E: LC65	- LC80		12/16(75%)	3/16(18%)	1/16(6%)	65/80(81%)	(27)	4
F: LC81	- LC96		13/16(81%)	5/16(31%)	1/16(6%)	47/80(58%)	(26)	1
G: LC97	- LC112		7/16(43%)	8/16(50%)	0/16(0%)	28/80(35%)	(27)	0
H: LC113- LC128		5/16(31%)	8/16(50%)	0/16(0%)	20/80(25%)	(20)	0

Total dedicated input used:	2/4 	(50%)
Total I/O pins used		52/64 	(81%)
Total Logic cells used 		98/128 	(76%)
Total Flip-Flop used 		64/128 	(50%)
Total Foldback logic used 	8/128 	(6%)
Total Nodes+FB/MCells 		85/128 	(66%)
Total cascade used 		21
Total input pins	36
Total output pins 		18
Total Pts		338

$Device PLCC84 fits 

