++ dirname /Users/grantham/trees/atf15xx_yosys/run_yosys.sh
+ export ROOT=/Users/grantham/trees/atf15xx_yosys
+ ROOT=/Users/grantham/trees/atf15xx_yosys
+ NAME=pixelnt
+ shift
++ yosys --version
++ cut '-d ' -f2
+ VERSION=0.62+117
+ '[' 0.62+117 '>' 0.30+20 ']'
+ LSBIDX=-lsbidx
+ yosys

 /----------------------------------------------------------------------------\
 |  yosys -- Yosys Open SYnthesis Suite                                       |
 |  Copyright (C) 2012 - 2026  Claire Xenia Wolf <claire@yosyshq.com>         |
 |  Distributed under an ISC-like license, type "license" to see terms        |
 \----------------------------------------------------------------------------/
 Yosys 0.62+117 (git sha1 1d3f9b790-dirty, aarch64-apple-darwin23.5-clang++ 18.1.8 -fPIC -O3)

yosys> read_liberty -lib /Users/grantham/trees/atf15xx_yosys/cells.lib

1. Executing Liberty frontend: /Users/grantham/trees/atf15xx_yosys/cells.lib
Imported 102 cell types from liberty file.

yosys> read_verilog pixelnt.v

2. Executing Verilog-2005 frontend: pixelnt.v
Parsing Verilog input from `pixelnt.v' to AST representation.
Generating RTLIL representation for module `\PixelNt'.
Successfully finished Verilog frontend.

yosys> stat

3. Printing statistics.

=== PixelNt ===

        +----------Local Count, excluding submodules.
        | 
      126 wires
      357 wire bits
       47 public wires
      137 public wire bits
       13 ports
       44 port bits
        4 processes
       61 cells
        2   $add
       17   $and
        7   $eq
       20   $mux
       14   $not
        1   $reduce_and


yosys> tribuf
4. Executing TRIBUF pass.

yosys> stat

5. Printing statistics.

=== PixelNt ===

        +----------Local Count, excluding submodules.
        | 
      126 wires
      357 wire bits
       47 public wires
      137 public wire bits
       13 ports
       44 port bits
        4 processes
       61 cells
        2   $add
       17   $and
        7   $eq
       20   $mux
       14   $not
        1   $reduce_and


yosys> synth -flatten -noabc -auto-top
6. Executing SYNTH pass.

6.1. Executing HIERARCHY pass (managing design hierarchy).

6.1.1. Finding top of design hierarchy..
root of   0 design levels: PixelNt             
Automatically selected PixelNt as design top module.

6.1.2. Analyzing design hierarchy..
Top module:  \PixelNt

6.1.3. Analyzing design hierarchy..
Top module:  \PixelNt
Removed 0 unused modules.

6.2. Executing PROC pass (convert processes to netlists).

6.2.1. Executing PROC_CLEAN pass (remove empty switches from decision trees).
Cleaned up 0 empty switches.

6.2.2. Executing PROC_RMDEAD pass (remove dead branches from decision trees).
Marked 1 switch rules as full_case in process $proc$pixelnt.v:363$64 in module PixelNt.
Marked 1 switch rules as full_case in process $proc$pixelnt.v:320$45 in module PixelNt.
Marked 5 switch rules as full_case in process $proc$pixelnt.v:240$18 in module PixelNt.
Marked 1 switch rules as full_case in process $proc$pixelnt.v:178$12 in module PixelNt.
Removed a total of 0 dead cases.

6.2.3. Executing PROC_PRUNE pass (remove redundant assignments in processes).
Removed 4 redundant assignments.
Promoted 0 assignments to connections.

6.2.4. Executing PROC_INIT pass (extract init attributes).

6.2.5. Executing PROC_ARST pass (detect async resets in processes).
Found async reset \RESET in `\PixelNt.$proc$pixelnt.v:363$64'.
Found async reset \RESET in `\PixelNt.$proc$pixelnt.v:320$45'.
Found async reset \RESET in `\PixelNt.$proc$pixelnt.v:240$18'.
Found async reset \RESET in `\PixelNt.$proc$pixelnt.v:178$12'.

6.2.6. Executing PROC_ROM pass (convert switches to ROMs).
Converted 0 switches.
<suppressed ~11 debug messages>

6.2.7. Executing PROC_MUX pass (convert decision trees to multiplexers).
Creating decoders for process `\PixelNt.$proc$pixelnt.v:363$64'.
     1/2: $0\RGB_OUT[11:0]
     2/2: $0\pix_consume_d[0:0]
Creating decoders for process `\PixelNt.$proc$pixelnt.v:320$45'.
     1/5: $0\ham_held[11:0] [3:0]
     2/5: $0\ham_held[11:0] [7:4]
     3/5: $0\ham_held[11:0] [11:8]
     4/5: $0\ham_second[0:0]
     5/5: $0\ham_type[0:0]
Creating decoders for process `\PixelNt.$proc$pixelnt.v:240$18'.
     1/8: $0\extra_byte[0:0]
     2/8: $0\fifo_select[0:0]
     3/8: $0\fifo_loading[0:0]
     4/8: $0\align_cnt[2:0]
     5/8: $0\bit_pos[2:0]
     6/8: $0\shift_reg[7:0]
     7/8: $0\nPIXELS_RE_ODD[0:0]
     8/8: $0\nPIXELS_RE_EVEN[0:0]
Creating decoders for process `\PixelNt.$proc$pixelnt.v:178$12'.
     1/5: $0\mode[1:0]
     2/5: $0\pixel_skip[3:0]
     3/5: $0\pal_bg[11:0]
     4/5: $0\pal_fg[11:0]
     5/5: $0\set_capture[11:0]

6.2.8. Executing PROC_DLATCH pass (convert process syncs to latches).

6.2.9. Executing PROC_DFF pass (convert process syncs to FFs).
Creating register for signal `\PixelNt.\RGB_OUT' using process `\PixelNt.$proc$pixelnt.v:363$64'.
  created $adff cell `$procdff$167' with positive edge clock and positive level reset.
Creating register for signal `\PixelNt.\pix_consume_d' using process `\PixelNt.$proc$pixelnt.v:363$64'.
  created $adff cell `$procdff$170' with positive edge clock and positive level reset.
Creating register for signal `\PixelNt.\ham_held' using process `\PixelNt.$proc$pixelnt.v:320$45'.
  created $adff cell `$procdff$173' with positive edge clock and positive level reset.
Creating register for signal `\PixelNt.\ham_second' using process `\PixelNt.$proc$pixelnt.v:320$45'.
  created $adff cell `$procdff$176' with positive edge clock and positive level reset.
Creating register for signal `\PixelNt.\ham_type' using process `\PixelNt.$proc$pixelnt.v:320$45'.
  created $adff cell `$procdff$179' with positive edge clock and positive level reset.
Creating register for signal `\PixelNt.\nPIXELS_RE_EVEN' using process `\PixelNt.$proc$pixelnt.v:240$18'.
  created $adff cell `$procdff$182' with positive edge clock and positive level reset.
Creating register for signal `\PixelNt.\nPIXELS_RE_ODD' using process `\PixelNt.$proc$pixelnt.v:240$18'.
  created $adff cell `$procdff$185' with positive edge clock and positive level reset.
Creating register for signal `\PixelNt.\shift_reg' using process `\PixelNt.$proc$pixelnt.v:240$18'.
  created $adff cell `$procdff$188' with positive edge clock and positive level reset.
Creating register for signal `\PixelNt.\bit_pos' using process `\PixelNt.$proc$pixelnt.v:240$18'.
  created $adff cell `$procdff$191' with positive edge clock and positive level reset.
Creating register for signal `\PixelNt.\align_cnt' using process `\PixelNt.$proc$pixelnt.v:240$18'.
  created $adff cell `$procdff$194' with positive edge clock and positive level reset.
Creating register for signal `\PixelNt.\fifo_loading' using process `\PixelNt.$proc$pixelnt.v:240$18'.
  created $adff cell `$procdff$197' with positive edge clock and positive level reset.
Creating register for signal `\PixelNt.\fifo_select' using process `\PixelNt.$proc$pixelnt.v:240$18'.
  created $adff cell `$procdff$200' with positive edge clock and positive level reset.
Creating register for signal `\PixelNt.\extra_byte' using process `\PixelNt.$proc$pixelnt.v:240$18'.
  created $adff cell `$procdff$203' with positive edge clock and positive level reset.
Creating register for signal `\PixelNt.\set_capture' using process `\PixelNt.$proc$pixelnt.v:178$12'.
  created $adff cell `$procdff$206' with positive edge clock and positive level reset.
Creating register for signal `\PixelNt.\pal_fg' using process `\PixelNt.$proc$pixelnt.v:178$12'.
  created $adff cell `$procdff$209' with positive edge clock and positive level reset.
Creating register for signal `\PixelNt.\pal_bg' using process `\PixelNt.$proc$pixelnt.v:178$12'.
  created $adff cell `$procdff$212' with positive edge clock and positive level reset.
Creating register for signal `\PixelNt.\pixel_skip' using process `\PixelNt.$proc$pixelnt.v:178$12'.
  created $adff cell `$procdff$215' with positive edge clock and positive level reset.
Creating register for signal `\PixelNt.\mode' using process `\PixelNt.$proc$pixelnt.v:178$12'.
  created $adff cell `$procdff$218' with positive edge clock and positive level reset.

6.2.10. Executing PROC_MEMWR pass (convert process memory writes to cells).

6.2.11. Executing PROC_CLEAN pass (remove empty switches from decision trees).
Removing empty process `PixelNt.$proc$pixelnt.v:363$64'.
Found and cleaned up 1 empty switch in `\PixelNt.$proc$pixelnt.v:320$45'.
Removing empty process `PixelNt.$proc$pixelnt.v:320$45'.
Found and cleaned up 5 empty switches in `\PixelNt.$proc$pixelnt.v:240$18'.
Removing empty process `PixelNt.$proc$pixelnt.v:240$18'.
Found and cleaned up 5 empty switches in `\PixelNt.$proc$pixelnt.v:178$12'.
Removing empty process `PixelNt.$proc$pixelnt.v:178$12'.
Cleaned up 11 empty switches.

6.2.12. Executing OPT_EXPR pass (perform const folding).
Optimizing module PixelNt.
<suppressed ~45 debug messages>

6.3. Executing FLATTEN pass (flatten design).

6.4. Executing OPT_EXPR pass (perform const folding).
Optimizing module PixelNt.

6.5. Executing OPT_CLEAN pass (remove unused cells and wires).
Finding unused cells or wires in module \PixelNt..
Removed 3 unused cells and 90 unused wires.
<suppressed ~7 debug messages>

6.6. Executing CHECK pass (checking for obvious problems).
Checking module PixelNt...
Found and reported 0 problems.

6.7. Executing OPT pass (performing simple optimizations).

6.7.1. Executing OPT_EXPR pass (perform const folding).
Optimizing module PixelNt.

6.7.2. Executing OPT_MERGE pass (detect identical cells).
Finding identical cells in module `\PixelNt'.
Computing hashes of 112 cells of `\PixelNt'.
Finding duplicate cells in `\PixelNt'.
Computing hashes of 109 cells of `\PixelNt'.
Finding duplicate cells in `\PixelNt'.
<suppressed ~9 debug messages>
Removed a total of 3 cells.

6.7.3. Executing OPT_MUXTREE pass (detect dead branches in mux trees).
Running muxtree optimizer on module \PixelNt..
  Creating internal representation of mux trees.
  Evaluating internal representation of mux trees.
      Replacing known input bits on port A of cell $procmux$86: \fifo_loading -> 1'0
      Replacing known input bits on port A of cell $procmux$83: \fifo_loading -> 1'0
      Replacing known input bits on port A of cell $procmux$81: \fifo_loading -> 1'0
  Analyzing evaluation results.
Removed 0 multiplexer ports.
<suppressed ~77 debug messages>

6.7.4. Executing OPT_REDUCE pass (consolidate $*mux and $reduce_* inputs).
  Optimizing cells in module \PixelNt.
Performed a total of 0 changes.

6.7.5. Executing OPT_MERGE pass (detect identical cells).
Finding identical cells in module `\PixelNt'.
Computing hashes of 109 cells of `\PixelNt'.
Finding duplicate cells in `\PixelNt'.
Removed a total of 0 cells.

6.7.6. Executing OPT_DFF pass (perform DFF optimizations).

6.7.7. Executing OPT_CLEAN pass (remove unused cells and wires).
Finding unused cells or wires in module \PixelNt..
Removed 0 unused cells and 3 unused wires.
<suppressed ~1 debug messages>

6.7.8. Executing OPT_EXPR pass (perform const folding).
Optimizing module PixelNt.

6.7.9. Rerunning OPT passes. (Maybe there is more to do..)

6.7.10. Executing OPT_MUXTREE pass (detect dead branches in mux trees).
Running muxtree optimizer on module \PixelNt..
  Creating internal representation of mux trees.
  Evaluating internal representation of mux trees.
  Analyzing evaluation results.
Removed 0 multiplexer ports.
<suppressed ~77 debug messages>

6.7.11. Executing OPT_REDUCE pass (consolidate $*mux and $reduce_* inputs).
  Optimizing cells in module \PixelNt.
Performed a total of 0 changes.

6.7.12. Executing OPT_MERGE pass (detect identical cells).
Finding identical cells in module `\PixelNt'.
Computing hashes of 109 cells of `\PixelNt'.
Finding duplicate cells in `\PixelNt'.
Removed a total of 0 cells.

6.7.13. Executing OPT_DFF pass (perform DFF optimizations).

6.7.14. Executing OPT_CLEAN pass (remove unused cells and wires).
Finding unused cells or wires in module \PixelNt..

6.7.15. Executing OPT_EXPR pass (perform const folding).
Optimizing module PixelNt.

6.7.16. Finished fast OPT passes. (There is nothing left to do.)

6.8. Executing FSM pass (extract and optimize FSM).

6.8.1. Executing FSM_DETECT pass (finding FSMs in design).

6.8.2. Executing FSM_EXTRACT pass (extracting FSM from design).

6.8.3. Executing FSM_OPT pass (simple optimizations of FSMs).

6.8.4. Executing OPT_CLEAN pass (remove unused cells and wires).
Finding unused cells or wires in module \PixelNt..

6.8.5. Executing FSM_OPT pass (simple optimizations of FSMs).

6.8.6. Executing FSM_RECODE pass (re-assigning FSM state encoding).

6.8.7. Executing FSM_INFO pass (dumping all available information on FSM cells).

6.8.8. Executing FSM_MAP pass (mapping FSMs to basic logic).

6.9. Executing OPT pass (performing simple optimizations).

6.9.1. Executing OPT_EXPR pass (perform const folding).
Optimizing module PixelNt.

6.9.2. Executing OPT_MERGE pass (detect identical cells).
Finding identical cells in module `\PixelNt'.
Computing hashes of 109 cells of `\PixelNt'.
Finding duplicate cells in `\PixelNt'.
Removed a total of 0 cells.

6.9.3. Executing OPT_MUXTREE pass (detect dead branches in mux trees).
Running muxtree optimizer on module \PixelNt..
  Creating internal representation of mux trees.
  Evaluating internal representation of mux trees.
  Analyzing evaluation results.
Removed 0 multiplexer ports.
<suppressed ~77 debug messages>

6.9.4. Executing OPT_REDUCE pass (consolidate $*mux and $reduce_* inputs).
  Optimizing cells in module \PixelNt.
Performed a total of 0 changes.

6.9.5. Executing OPT_MERGE pass (detect identical cells).
Finding identical cells in module `\PixelNt'.
Computing hashes of 109 cells of `\PixelNt'.
Finding duplicate cells in `\PixelNt'.
Removed a total of 0 cells.

6.9.6. Executing OPT_DFF pass (perform DFF optimizations).
Adding EN signal on $procdff$191 ($adff) from module PixelNt (D = $0\bit_pos[2:0], Q = \bit_pos).
Adding EN signal on $procdff$212 ($adff) from module PixelNt (D = \set_capture, Q = \pal_bg).
Adding EN signal on $procdff$215 ($adff) from module PixelNt (D = \set_capture [3:0], Q = \pixel_skip).
Adding EN signal on $procdff$185 ($adff) from module PixelNt (D = $0\nPIXELS_RE_ODD[0:0], Q = \nPIXELS_RE_ODD).
Adding EN signal on $procdff$203 ($adff) from module PixelNt (D = $0\extra_byte[0:0], Q = \extra_byte).
Adding EN signal on $procdff$188 ($adff) from module PixelNt (D = $procmux$122_Y, Q = \shift_reg).
Adding EN signal on $procdff$206 ($adff) from module PixelNt (D = \VIDCMD_Q, Q = \set_capture).
Adding EN signal on $procdff$194 ($adff) from module PixelNt (D = $0\align_cnt[2:0], Q = \align_cnt).
Adding EN signal on $procdff$218 ($adff) from module PixelNt (D = \set_capture [1:0], Q = \mode).
Adding EN signal on $procdff$173 ($adff) from module PixelNt (D = $0\ham_held[11:0] [7:4], Q = \ham_held [7:4]).
Adding EN signal on $procdff$173 ($adff) from module PixelNt (D = $0\ham_held[11:0] [11:8], Q = \ham_held [11:8]).
Adding EN signal on $procdff$173 ($adff) from module PixelNt (D = $0\ham_held[11:0] [3:0], Q = \ham_held [3:0]).
Adding EN signal on $procdff$209 ($adff) from module PixelNt (D = \set_capture, Q = \pal_fg).
Adding EN signal on $procdff$179 ($adff) from module PixelNt (D = \shift_reg [6], Q = \ham_type).
Adding EN signal on $procdff$200 ($adff) from module PixelNt (D = $0\fifo_select[0:0], Q = \fifo_select).
Adding EN signal on $procdff$182 ($adff) from module PixelNt (D = $0\nPIXELS_RE_EVEN[0:0], Q = \nPIXELS_RE_EVEN).

6.9.7. Executing OPT_CLEAN pass (remove unused cells and wires).
Finding unused cells or wires in module \PixelNt..
Removed 7 unused cells and 7 unused wires.
<suppressed ~8 debug messages>

6.9.8. Executing OPT_EXPR pass (perform const folding).
Optimizing module PixelNt.
<suppressed ~6 debug messages>

6.9.9. Rerunning OPT passes. (Maybe there is more to do..)

6.9.10. Executing OPT_MUXTREE pass (detect dead branches in mux trees).
Running muxtree optimizer on module \PixelNt..
  Creating internal representation of mux trees.
  Evaluating internal representation of mux trees.
  Analyzing evaluation results.
Removed 0 multiplexer ports.
<suppressed ~64 debug messages>

6.9.11. Executing OPT_REDUCE pass (consolidate $*mux and $reduce_* inputs).
  Optimizing cells in module \PixelNt.
Performed a total of 0 changes.

6.9.12. Executing OPT_MERGE pass (detect identical cells).
Finding identical cells in module `\PixelNt'.
Computing hashes of 125 cells of `\PixelNt'.
Finding duplicate cells in `\PixelNt'.
Computing hashes of 121 cells of `\PixelNt'.
Finding duplicate cells in `\PixelNt'.
Computing hashes of 120 cells of `\PixelNt'.
Finding duplicate cells in `\PixelNt'.
<suppressed ~15 debug messages>
Removed a total of 5 cells.

6.9.13. Executing OPT_DFF pass (perform DFF optimizations).

6.9.14. Executing OPT_CLEAN pass (remove unused cells and wires).
Finding unused cells or wires in module \PixelNt..
Removed 0 unused cells and 5 unused wires.
<suppressed ~1 debug messages>

6.9.15. Executing OPT_EXPR pass (perform const folding).
Optimizing module PixelNt.

6.9.16. Rerunning OPT passes. (Maybe there is more to do..)

6.9.17. Executing OPT_MUXTREE pass (detect dead branches in mux trees).
Running muxtree optimizer on module \PixelNt..
  Creating internal representation of mux trees.
  Evaluating internal representation of mux trees.
  Analyzing evaluation results.
Removed 0 multiplexer ports.
<suppressed ~64 debug messages>

6.9.18. Executing OPT_REDUCE pass (consolidate $*mux and $reduce_* inputs).
  Optimizing cells in module \PixelNt.
Performed a total of 0 changes.

6.9.19. Executing OPT_MERGE pass (detect identical cells).
Finding identical cells in module `\PixelNt'.
Computing hashes of 120 cells of `\PixelNt'.
Finding duplicate cells in `\PixelNt'.
Removed a total of 0 cells.

6.9.20. Executing OPT_DFF pass (perform DFF optimizations).

6.9.21. Executing OPT_CLEAN pass (remove unused cells and wires).
Finding unused cells or wires in module \PixelNt..

6.9.22. Executing OPT_EXPR pass (perform const folding).
Optimizing module PixelNt.

6.9.23. Finished fast OPT passes. (There is nothing left to do.)

6.10. Executing WREDUCE pass (reducing word size of cells).
Removed top 3 bits (of 4) from port B of cell PixelNt.$auto$opt_dff.cc:235:make_patterns_logic$264 ($ne).
Removed top 3 bits (of 4) from port B of cell PixelNt.$auto$opt_dff.cc:235:make_patterns_logic$261 ($ne).
Removed top 3 bits (of 4) from port B of cell PixelNt.$auto$opt_dff.cc:235:make_patterns_logic$258 ($ne).
Removed top 1 bits (of 2) from FF cell PixelNt.$auto$ff.cc:337:slice$255 ($adffe).
Removed top 3 bits (of 4) from port B of cell PixelNt.$auto$opt_dff.cc:235:make_patterns_logic$232 ($ne).
Removed top 1 bits (of 3) from port B of cell PixelNt.$eq$pixelnt.v:172$2 ($eq).
Removed top 1 bits (of 3) from port B of cell PixelNt.$eq$pixelnt.v:173$4 ($eq).
Removed top 2 bits (of 3) from port B of cell PixelNt.$add$pixelnt.v:277$26 ($add).
Removed top 1 bits (of 3) from mux cell PixelNt.$ternary$pixelnt.v:282$28 ($mux).
Removed top 1 bits (of 3) from port B of cell PixelNt.$add$pixelnt.v:282$29 ($add).
Removed top 1 bits (of 3) from wire PixelNt.$ternary$pixelnt.v:282$28_Y.

6.11. Executing PEEPOPT pass (run peephole optimizers).

6.12. Executing OPT_CLEAN pass (remove unused cells and wires).
Finding unused cells or wires in module \PixelNt..
Removed 0 unused cells and 1 unused wires.
<suppressed ~1 debug messages>

6.13. Executing ALUMACC pass (create $alu and $macc cells).
Extracting $alu and $macc cells in module PixelNt:
  creating $macc model for $add$pixelnt.v:282$29 ($add).
  creating $macc model for $add$pixelnt.v:277$26 ($add).
  creating $alu model for $macc $add$pixelnt.v:277$26.
  creating $alu model for $macc $add$pixelnt.v:282$29.
  creating $alu cell for $add$pixelnt.v:282$29: $auto$alumacc.cc:512:replace_alu$278
  creating $alu cell for $add$pixelnt.v:277$26: $auto$alumacc.cc:512:replace_alu$281
  created 2 $alu and 0 $macc cells.

6.14. Executing SHARE pass (SAT-based resource sharing).

6.15. Executing OPT pass (performing simple optimizations).

6.15.1. Executing OPT_EXPR pass (perform const folding).
Optimizing module PixelNt.

6.15.2. Executing OPT_MERGE pass (detect identical cells).
Finding identical cells in module `\PixelNt'.
Computing hashes of 120 cells of `\PixelNt'.
Finding duplicate cells in `\PixelNt'.
Removed a total of 0 cells.

6.15.3. Executing OPT_MUXTREE pass (detect dead branches in mux trees).
Running muxtree optimizer on module \PixelNt..
  Creating internal representation of mux trees.
  Evaluating internal representation of mux trees.
  Analyzing evaluation results.
Removed 0 multiplexer ports.
<suppressed ~64 debug messages>

6.15.4. Executing OPT_REDUCE pass (consolidate $*mux and $reduce_* inputs).
  Optimizing cells in module \PixelNt.
Performed a total of 0 changes.

6.15.5. Executing OPT_MERGE pass (detect identical cells).
Finding identical cells in module `\PixelNt'.
Computing hashes of 120 cells of `\PixelNt'.
Finding duplicate cells in `\PixelNt'.
Removed a total of 0 cells.

6.15.6. Executing OPT_DFF pass (perform DFF optimizations).

6.15.7. Executing OPT_CLEAN pass (remove unused cells and wires).
Finding unused cells or wires in module \PixelNt..

6.15.8. Executing OPT_EXPR pass (perform const folding).
Optimizing module PixelNt.

6.15.9. Finished fast OPT passes. (There is nothing left to do.)

6.16. Executing MEMORY pass.

6.16.1. Executing OPT_MEM pass (optimize memories).
Performed a total of 0 transformations.

6.16.2. Executing OPT_MEM_PRIORITY pass (removing unnecessary memory write priority relations).
Performed a total of 0 transformations.

6.16.3. Executing OPT_MEM_FEEDBACK pass (finding memory read-to-write feedback paths).

6.16.4. Executing MEMORY_BMUX2ROM pass (converting muxes to ROMs).

6.16.5. Executing MEMORY_DFF pass (merging $dff cells to $memrd).

6.16.6. Executing OPT_CLEAN pass (remove unused cells and wires).
Finding unused cells or wires in module \PixelNt..

6.16.7. Executing MEMORY_SHARE pass (consolidating $memrd/$memwr cells).

6.16.8. Executing OPT_MEM_WIDEN pass (optimize memories where all ports are wide).
Performed a total of 0 transformations.

6.16.9. Executing OPT_CLEAN pass (remove unused cells and wires).
Finding unused cells or wires in module \PixelNt..

6.16.10. Executing MEMORY_COLLECT pass (generating $mem cells).

6.17. Executing OPT_CLEAN pass (remove unused cells and wires).
Finding unused cells or wires in module \PixelNt..

6.18. Executing OPT pass (performing simple optimizations).

6.18.1. Executing OPT_EXPR pass (perform const folding).
Optimizing module PixelNt.
<suppressed ~21 debug messages>

6.18.2. Executing OPT_MERGE pass (detect identical cells).
Finding identical cells in module `\PixelNt'.
Computing hashes of 104 cells of `\PixelNt'.
Finding duplicate cells in `\PixelNt'.
Removed a total of 0 cells.

6.18.3. Executing OPT_DFF pass (perform DFF optimizations).

6.18.4. Executing OPT_CLEAN pass (remove unused cells and wires).
Finding unused cells or wires in module \PixelNt..
Removed 0 unused cells and 16 unused wires.
<suppressed ~1 debug messages>

6.18.5. Finished fast OPT passes.

6.19. Executing MEMORY_MAP pass (converting memories to logic and flip-flops).

6.20. Executing OPT pass (performing simple optimizations).

6.20.1. Executing OPT_EXPR pass (perform const folding).
Optimizing module PixelNt.
<suppressed ~1 debug messages>

6.20.2. Executing OPT_MERGE pass (detect identical cells).
Finding identical cells in module `\PixelNt'.
Computing hashes of 104 cells of `\PixelNt'.
Finding duplicate cells in `\PixelNt'.
Removed a total of 0 cells.

6.20.3. Executing OPT_MUXTREE pass (detect dead branches in mux trees).
Running muxtree optimizer on module \PixelNt..
  Creating internal representation of mux trees.
  Evaluating internal representation of mux trees.
  Analyzing evaluation results.
Removed 0 multiplexer ports.
<suppressed ~42 debug messages>

6.20.4. Executing OPT_REDUCE pass (consolidate $*mux and $reduce_* inputs).
  Optimizing cells in module \PixelNt.
    Consolidated identical input bits for $mux cell $ternary$pixelnt.v:281$27:
      Old ports: A={ \shift_reg [6:0] 1'0 }, B={ \shift_reg [5:0] 2'00 }, Y=$procmux$116_Y
      New ports: A=\shift_reg [6:0], B={ \shift_reg [5:0] 1'0 }, Y=$procmux$116_Y [7:1]
      New connections: $procmux$116_Y [0] = 1'0
  Optimizing cells in module \PixelNt.
    Consolidated identical input bits for $mux cell $procmux$119:
      Old ports: A={ \shift_reg [6:0] 1'0 }, B=$procmux$116_Y, Y=$procmux$119_Y
      New ports: A=\shift_reg [6:0], B=$procmux$116_Y [7:1], Y=$procmux$119_Y [7:1]
      New connections: $procmux$119_Y [0] = 1'0
  Optimizing cells in module \PixelNt.
Performed a total of 2 changes.

6.20.5. Executing OPT_MERGE pass (detect identical cells).
Finding identical cells in module `\PixelNt'.
Computing hashes of 104 cells of `\PixelNt'.
Finding duplicate cells in `\PixelNt'.
Removed a total of 0 cells.

6.20.6. Executing OPT_SHARE pass.

6.20.7. Executing OPT_DFF pass (perform DFF optimizations).

6.20.8. Executing OPT_CLEAN pass (remove unused cells and wires).
Finding unused cells or wires in module \PixelNt..

6.20.9. Executing OPT_EXPR pass (perform const folding).
Optimizing module PixelNt.

6.20.10. Rerunning OPT passes. (Maybe there is more to do..)

6.20.11. Executing OPT_MUXTREE pass (detect dead branches in mux trees).
Running muxtree optimizer on module \PixelNt..
  Creating internal representation of mux trees.
  Evaluating internal representation of mux trees.
  Analyzing evaluation results.
Removed 0 multiplexer ports.
<suppressed ~42 debug messages>

6.20.12. Executing OPT_REDUCE pass (consolidate $*mux and $reduce_* inputs).
  Optimizing cells in module \PixelNt.
Performed a total of 0 changes.

6.20.13. Executing OPT_MERGE pass (detect identical cells).
Finding identical cells in module `\PixelNt'.
Computing hashes of 104 cells of `\PixelNt'.
Finding duplicate cells in `\PixelNt'.
Removed a total of 0 cells.

6.20.14. Executing OPT_SHARE pass.

6.20.15. Executing OPT_DFF pass (perform DFF optimizations).

6.20.16. Executing OPT_CLEAN pass (remove unused cells and wires).
Finding unused cells or wires in module \PixelNt..

6.20.17. Executing OPT_EXPR pass (perform const folding).
Optimizing module PixelNt.

6.20.18. Finished fast OPT passes. (There is nothing left to do.)

6.21. Executing TECHMAP pass (map to technology primitives).

6.21.1. Executing Verilog-2005 frontend: /Users/grantham/trees/oss-cad-suite/libexec/../share/yosys/techmap.v
Parsing Verilog input from `/Users/grantham/trees/oss-cad-suite/libexec/../share/yosys/techmap.v' to AST representation.
Generating RTLIL representation for module `\_90_simplemap_bool_ops'.
Generating RTLIL representation for module `\_90_simplemap_reduce_ops'.
Generating RTLIL representation for module `\_90_simplemap_logic_ops'.
Generating RTLIL representation for module `\_90_simplemap_compare_ops'.
Generating RTLIL representation for module `\_90_simplemap_various'.
Generating RTLIL representation for module `\_90_simplemap_registers'.
Generating RTLIL representation for module `\_90_shift_ops_shr_shl_sshl_sshr'.
Generating RTLIL representation for module `\_90_shift_shiftx'.
Generating RTLIL representation for module `\_90_fa'.
Generating RTLIL representation for module `\_90_lcu_brent_kung'.
Generating RTLIL representation for module `\_90_alu'.
Generating RTLIL representation for module `\_90_macc'.
Generating RTLIL representation for module `\_90_alumacc'.
Generating RTLIL representation for module `$__div_mod_u'.
Generating RTLIL representation for module `$__div_mod_trunc'.
Generating RTLIL representation for module `\_90_div'.
Generating RTLIL representation for module `\_90_mod'.
Generating RTLIL representation for module `$__div_mod_floor'.
Generating RTLIL representation for module `\_90_divfloor'.
Generating RTLIL representation for module `\_90_modfloor'.
Generating RTLIL representation for module `\_90_pow'.
Generating RTLIL representation for module `\_90_pmux'.
Generating RTLIL representation for module `\_90_demux'.
Generating RTLIL representation for module `\_90_lut'.
Generating RTLIL representation for module `$connect'.
Generating RTLIL representation for module `$input_port'.
Successfully finished Verilog frontend.

6.21.2. Continuing TECHMAP pass.
Using template $paramod$3ef7d3dd227da7627a99c5e5a6a4deb817573e39\_90_alu for cells of type $alu.
Using template $paramod$79fc7abbb3333dbd5736999d565fd903198fb1eb\_90_alu for cells of type $alu.
Using extmapper simplemap for cells of type $adffe.
Using extmapper simplemap for cells of type $ne.
Using extmapper simplemap for cells of type $reduce_and.
Using extmapper simplemap for cells of type $not.
Using extmapper simplemap for cells of type $reduce_bool.
Using extmapper simplemap for cells of type $eq.
Using extmapper simplemap for cells of type $and.
Using extmapper simplemap for cells of type $mux.
Using extmapper simplemap for cells of type $or.
Using extmapper simplemap for cells of type $adff.
Using extmapper simplemap for cells of type $xor.
Using template $paramod\_90_fa\WIDTH=32'00000000000000000000000000000011 for cells of type $fa.
Using template $paramod\_90_lcu_brent_kung\WIDTH=32'00000000000000000000000000000011 for cells of type $lcu.
Using extmapper simplemap for cells of type $pos.
No more expansions possible.
<suppressed ~376 debug messages>

6.22. Executing OPT pass (performing simple optimizations).

6.22.1. Executing OPT_EXPR pass (perform const folding).
Optimizing module PixelNt.
<suppressed ~87 debug messages>

6.22.2. Executing OPT_MERGE pass (detect identical cells).
Finding identical cells in module `\PixelNt'.
Computing hashes of 304 cells of `\PixelNt'.
Finding duplicate cells in `\PixelNt'.
Computing hashes of 289 cells of `\PixelNt'.
Finding duplicate cells in `\PixelNt'.
Computing hashes of 285 cells of `\PixelNt'.
Finding duplicate cells in `\PixelNt'.
<suppressed ~57 debug messages>
Removed a total of 19 cells.

6.22.3. Executing OPT_DFF pass (perform DFF optimizations).

6.22.4. Executing OPT_CLEAN pass (remove unused cells and wires).
Finding unused cells or wires in module \PixelNt..
Removed 4 unused cells and 134 unused wires.
<suppressed ~5 debug messages>

6.22.5. Finished fast OPT passes.

6.23. Executing HIERARCHY pass (managing design hierarchy).
Attribute `top' found on module `PixelNt'. Setting top module to PixelNt.

6.23.1. Analyzing design hierarchy..
Top module:  \PixelNt

6.23.2. Analyzing design hierarchy..
Top module:  \PixelNt
Removed 0 unused modules.

6.24. Printing statistics.

=== PixelNt ===

        +----------Local Count, excluding submodules.
        | 
      147 wires
      332 wire bits
       44 public wires
      134 public wire bits
       13 ports
       44 port bits
      281 cells
       29   $_AND_
       43   $_DFFE_PN0P_
       29   $_DFFE_PN1P_
       15   $_DFF_PN0_
       97   $_MUX_
       29   $_NOT_
       33   $_OR_
        6   $_XOR_

6.25. Executing CHECK pass (checking for obvious problems).
Checking module PixelNt...
Found and reported 0 problems.

yosys> stat

7. Printing statistics.

=== PixelNt ===

        +----------Local Count, excluding submodules.
        | 
      147 wires
      332 wire bits
       44 public wires
      134 public wire bits
       13 ports
       44 port bits
      281 cells
       29   $_AND_
       43   $_DFFE_PN0P_
       29   $_DFFE_PN1P_
       15   $_DFF_PN0_
       97   $_MUX_
       29   $_NOT_
       33   $_OR_
        6   $_XOR_


yosys> techmap -map /Users/grantham/trees/atf15xx_yosys/techmap.v -D skip_DFFE_XX_
8. Executing TECHMAP pass (map to technology primitives).

8.1. Executing Verilog-2005 frontend: /Users/grantham/trees/atf15xx_yosys/techmap.v
Parsing Verilog input from `/Users/grantham/trees/atf15xx_yosys/techmap.v' to AST representation.
Generating RTLIL representation for module `$_DLATCH_P_'.
Generating RTLIL representation for module `$_DLATCH_N_'.
Generating RTLIL representation for module `$_DLATCH_NN0_'.
Generating RTLIL representation for module `$_DLATCH_NN1_'.
Generating RTLIL representation for module `$_DLATCH_NP0_'.
Generating RTLIL representation for module `$_DLATCH_NP1_'.
Generating RTLIL representation for module `$_DLATCH_PN0_'.
Generating RTLIL representation for module `$_DLATCH_PN1_'.
Generating RTLIL representation for module `$_DLATCH_PP0_'.
Generating RTLIL representation for module `$_DLATCH_PP1_'.
Generating RTLIL representation for module `$_DLATCHSR_NNN_'.
Generating RTLIL representation for module `$_DLATCHSR_NNP_'.
Generating RTLIL representation for module `$_DLATCHSR_NPN_'.
Generating RTLIL representation for module `$_DLATCHSR_NPP_'.
Generating RTLIL representation for module `$_DLATCHSR_PNN_'.
Generating RTLIL representation for module `$_DLATCHSR_PNP_'.
Generating RTLIL representation for module `$_DLATCHSR_PPN_'.
Generating RTLIL representation for module `$_DLATCHSR_PPP_'.
Generating RTLIL representation for module `$_DFFE_NN0P_'.
Generating RTLIL representation for module `$_DFFE_PP1P_'.
Generating RTLIL representation for module `$_DFFSRE_PPPP_'.
Successfully finished Verilog frontend.

8.2. Continuing TECHMAP pass.
No more expansions possible.
<suppressed ~23 debug messages>

yosys> stat

9. Printing statistics.

=== PixelNt ===

        +----------Local Count, excluding submodules.
        | 
      147 wires
      332 wire bits
       44 public wires
      134 public wire bits
       13 ports
       44 port bits
      281 cells
       29   $_AND_
       43   $_DFFE_PN0P_
       29   $_DFFE_PN1P_
       15   $_DFF_PN0_
       97   $_MUX_
       29   $_NOT_
       33   $_OR_
        6   $_XOR_


yosys> simplemap
10. Executing SIMPLEMAP pass (map simple cells to gate primitives).

yosys> stat

11. Printing statistics.

=== PixelNt ===

        +----------Local Count, excluding submodules.
        | 
      147 wires
      332 wire bits
       44 public wires
      134 public wire bits
       13 ports
       44 port bits
      281 cells
       29   $_AND_
       43   $_DFFE_PN0P_
       29   $_DFFE_PN1P_
       15   $_DFF_PN0_
       97   $_MUX_
       29   $_NOT_
       33   $_OR_
        6   $_XOR_


yosys> dfflibmap -liberty /Users/grantham/trees/atf15xx_yosys/cells.lib
12. Executing DFFLIBMAP pass (mapping DFF cells to sequential cells from liberty file).
  cell DFF (noninv, pins=4, area=600.00) is a direct match for cell type $_DFF_P_.
  cell DFFAR (noninv, pins=5, area=600.00) is a direct match for cell type $_DFF_PP0_.
  cell DFFAS (noninv, pins=5, area=600.00) is a direct match for cell type $_DFF_PP1_.
  cell DFFARS (noninv, pins=6, area=600.00) is a direct match for cell type $_DFFSR_PPP_.
  final dff cell mappings:
    unmapped dff cell: $_DFF_N_
    \DFF _DFF_P_ (.CLK( C), .D( D), .Q( Q), .QN(~Q));
    unmapped dff cell: $_DFF_NN0_
    unmapped dff cell: $_DFF_NN1_
    unmapped dff cell: $_DFF_NP0_
    unmapped dff cell: $_DFF_NP1_
    unmapped dff cell: $_DFF_PN0_
    unmapped dff cell: $_DFF_PN1_
    \DFFAR _DFF_PP0_ (.AR( R), .CLK( C), .D( D), .Q( Q), .QN(~Q));
    \DFFAS _DFF_PP1_ (.AS( R), .CLK( C), .D( D), .Q( Q), .QN(~Q));
    unmapped dff cell: $_DFFE_NN_
    unmapped dff cell: $_DFFE_NP_
    unmapped dff cell: $_DFFE_PN_
    unmapped dff cell: $_DFFE_PP_
    unmapped dff cell: $_DFFSR_NNN_
    unmapped dff cell: $_DFFSR_NNP_
    unmapped dff cell: $_DFFSR_NPN_
    unmapped dff cell: $_DFFSR_NPP_
    unmapped dff cell: $_DFFSR_PNN_
    unmapped dff cell: $_DFFSR_PNP_
    unmapped dff cell: $_DFFSR_PPN_
    \DFFARS _DFFSR_PPP_ (.AR( R), .AS( S), .CLK( C), .D( D), .Q( Q), .QN(~Q));

12.1. Executing DFFLEGALIZE pass (convert FFs to types supported by the target).
Mapping DFF cells in module `\PixelNt':
  mapped 58 $_DFF_PP0_ cells to \DFFAR cells.
  mapped 29 $_DFF_PP1_ cells to \DFFAS cells.

yosys> stat

13. Printing statistics.

=== PixelNt ===

        +----------Local Count, excluding submodules.
        | 
      404 wires
      589 wire bits
       44 public wires
      134 public wire bits
       13 ports
       44 port bits
      440 cells
       29   $_AND_
      169   $_MUX_
      116   $_NOT_
       33   $_OR_
        6   $_XOR_
       58   DFFAR
       29   DFFAS


yosys> abc -liberty /Users/grantham/trees/atf15xx_yosys/cells.lib
14. Executing ABC pass (technology mapping using ABC).

14.1. Extracting gate netlist of module `\PixelNt' to `<abc-temp-dir>/input.blif'..

14.1.1. Executed ABC.
Extracted 353 gates and 470 wires to a netlist network with 115 inputs and 173 outputs.
Running ABC script: <abc-temp-dir>/abc.script
ABC: ======== ABC command line "source <abc-temp-dir>/abc.script"
ABC: + read_blif <abc-temp-dir>/input.blif 
ABC: + read_lib -w /Users/grantham/trees/atf15xx_yosys/cells.lib 
ABC: Parsing finished successfully.  Parsing time =     0.00 sec
ABC: Warning: Templates are not defined.
ABC: Liberty parser cannot read "time_unit".  Assuming   time_unit : "1ns".
ABC: Liberty parser cannot read "capacitive_load_unit". Assuming   capacitive_load_unit(1, pf).
ABC: Scl_LibertyReadGenlib() skipped cell "bibuf" without logic function.
ABC: Scl_LibertyReadGenlib() skipped cell "TRI" without logic function.
ABC: Scl_LibertyReadGenlib() skipped sequential cell "DFFEARS".
ABC: Scl_LibertyReadGenlib() skipped sequential cell "DFF".
ABC: Scl_LibertyReadGenlib() skipped sequential cell "DFFE".
ABC: Scl_LibertyReadGenlib() skipped sequential cell "DFFAR".
ABC: Scl_LibertyReadGenlib() skipped sequential cell "DFFAS".
ABC: Scl_LibertyReadGenlib() skipped sequential cell "DFFARS".
ABC: Scl_LibertyReadGenlib() skipped sequential cell "LATCH".
ABC: Library "atf15xx" from "/Users/grantham/trees/atf15xx_yosys/cells.lib" has 93 cells (9 skipped: 7 seq; 0 tri-state; 2 no func; 0 dont_use; 0 with 2 outputs; 0 with 3+ outputs).  Time =     0.00 sec
ABC: Memory =    0.17 MB. Time =     0.00 sec
ABC: + strash 
ABC: + &get -n 
ABC: + &fraig -x 
ABC: + &put 
ABC: + scorr 
ABC: Warning: The network is combinational (run "fraig" or "fraig_sweep").
ABC: + dc2 
ABC: + dretime 
ABC: + strash 
ABC: + &get -n 
ABC: + &dch -f 
ABC: + &nf 
ABC: + &put 
ABC: + write_blif <abc-temp-dir>/output.blif 

14.1.2. Re-integrating ABC results.
ABC RESULTS:              AND2 cells:       61
ABC RESULTS:            AND2I1 cells:       26
ABC RESULTS:            AND2I2 cells:       17
ABC RESULTS:              AND3 cells:       10
ABC RESULTS:            AND3I1 cells:        1
ABC RESULTS:            AND3I2 cells:        3
ABC RESULTS:              AND4 cells:        1
ABC RESULTS:               INV cells:       87
ABC RESULTS:             NAND2 cells:      169
ABC RESULTS:           NAND2I1 cells:       39
ABC RESULTS:           NAND2I2 cells:       19
ABC RESULTS:             NAND3 cells:       16
ABC RESULTS:           NAND3I1 cells:       10
ABC RESULTS:           NAND3I3 cells:        9
ABC RESULTS:           NAND4I4 cells:       10
ABC RESULTS:             XNOR2 cells:        4
ABC RESULTS:        internal signals:      182
ABC RESULTS:           input signals:      115
ABC RESULTS:          output signals:      173
Removing temp directory.
Removing global temp directory.

yosys> stat

15. Printing statistics.

=== PixelNt ===

        +----------Local Count, excluding submodules.
        | 
     1001 wires
     1186 wire bits
       44 public wires
      134 public wire bits
       13 ports
       44 port bits
      569 cells
       61   AND2
       26   AND2I1
       17   AND2I2
       10   AND3
        1   AND3I1
        3   AND3I2
        1   AND4
       58   DFFAR
       29   DFFAS
       87   INV
      169   NAND2
       39   NAND2I1
       19   NAND2I2
       16   NAND3
       10   NAND3I1
        9   NAND3I3
       10   NAND4I4
        4   XNOR2


yosys> #hilomap -hicell VCC X -locell GND X

yosys> #stat

yosys> iopadmap -bits -inpad INBUF Q:A -outpad BUF A:Q -toutpad TRI ENA:A:Q -tinoutpad bibuf EN:Q:A:PAD
16. Executing IOPADMAP pass (mapping inputs/outputs to IO-PAD cells).
Mapping port PixelNt.RGB_OUT using BUF.
Mapping port PixelNt.PIX_LAST using INBUF.
Mapping port PixelNt.PIX_PRELOAD using INBUF.
Mapping port PixelNt.PIX_CONSUME using INBUF.
Mapping port PixelNt.set_pix_commit using INBUF.
Mapping port PixelNt.set_pix_target using INBUF.
Mapping port PixelNt.set_pix_valid using INBUF.
Mapping port PixelNt.VIDCMD_Q using INBUF.
Mapping port PixelNt.nPIXELS_RE_ODD using BUF.
Mapping port PixelNt.nPIXELS_RE_EVEN using BUF.
Mapping port PixelNt.PIXELS_Q using INBUF.
Mapping port PixelNt.nRESET using INBUF.
Mapping port PixelNt.PIXEL_CLK using INBUF.

yosys> stat

17. Printing statistics.

=== PixelNt ===

        +----------Local Count, excluding submodules.
        | 
     1014 wires
     1230 wire bits
       44 public wires
      134 public wire bits
       13 ports
       44 port bits
      613 cells
       61   AND2
       26   AND2I1
       17   AND2I2
       10   AND3
        1   AND3I1
        3   AND3I2
        1   AND4
       14   BUF
       58   DFFAR
       29   DFFAS
       30   INBUF
       87   INV
      169   NAND2
       39   NAND2I1
       19   NAND2I2
       16   NAND3
       10   NAND3I1
        9   NAND3I3
       10   NAND4I4
        4   XNOR2


yosys> clean
Removed 0 unused cells and 392 unused wires.

yosys> stat

18. Printing statistics.

=== PixelNt ===

        +----------Local Count, excluding submodules.
        | 
      622 wires
      737 wire bits
       35 public wires
      125 public wire bits
       13 ports
       44 port bits
      613 cells
       61   AND2
       26   AND2I1
       17   AND2I2
       10   AND3
        1   AND3I1
        3   AND3I2
        1   AND4
       14   BUF
       58   DFFAR
       29   DFFAS
       30   INBUF
       87   INV
      169   NAND2
       39   NAND2I1
       19   NAND2I2
       16   NAND3
       10   NAND3I1
        9   NAND3I3
       10   NAND4I4
        4   XNOR2


yosys> hierarchy
19. Executing HIERARCHY pass (managing design hierarchy).
Attribute `top' found on module `PixelNt'. Setting top module to PixelNt.

19.1. Analyzing design hierarchy..
Top module:  \PixelNt

19.2. Analyzing design hierarchy..
Top module:  \PixelNt
Removed 0 unused modules.

yosys> stat

20. Printing statistics.

=== PixelNt ===

        +----------Local Count, excluding submodules.
        | 
      622 wires
      737 wire bits
       35 public wires
      125 public wire bits
       13 ports
       44 port bits
      613 cells
       61   AND2
       26   AND2I1
       17   AND2I2
       10   AND3
        1   AND3I1
        3   AND3I2
        1   AND4
       14   BUF
       58   DFFAR
       29   DFFAS
       30   INBUF
       87   INV
      169   NAND2
       39   NAND2I1
       19   NAND2I2
       16   NAND3
       10   NAND3I1
        9   NAND3I3
       10   NAND4I4
        4   XNOR2


yosys> splitnets -format _
21. Executing SPLITNETS pass (splitting up multi-bit signals).

yosys> rename -wire -suffix _reg t:*DFF*

yosys> rename -wire -suffix _comb

yosys> #write_edif -attrprop pixelnt.edif

yosys> delete t:$scopeinfo

yosys> write_edif -lsbidx pixelnt.edif

22. Executing EDIF backend.

yosys> exit

End of script. Logfile hash: b216a46376, CPU: user 0.08s system 0.01s, MEM: 22.84 MB peak
Yosys 0.62+117 (git sha1 1d3f9b790-dirty, aarch64-apple-darwin23.5-clang++ 18.1.8 -fPIC -O3)
Time spent: 70% 1x abc (0 sec), 5% 18x opt_expr (0 sec), ...
+ '[' -lsbidx = '' ']'
