++ dirname /Users/grantham/trees/atf15xx_yosys/run_yosys.sh
+ export ROOT=/Users/grantham/trees/atf15xx_yosys
+ ROOT=/Users/grantham/trees/atf15xx_yosys
+ NAME=pixel
+ shift
++ yosys --version
++ cut '-d ' -f2
+ VERSION=0.62+117
+ '[' 0.62+117 '>' 0.30+20 ']'
+ LSBIDX=-lsbidx
+ yosys

 /----------------------------------------------------------------------------\
 |  yosys -- Yosys Open SYnthesis Suite                                       |
 |  Copyright (C) 2012 - 2026  Claire Xenia Wolf <claire@yosyshq.com>         |
 |  Distributed under an ISC-like license, type "license" to see terms        |
 \----------------------------------------------------------------------------/
 Yosys 0.62+117 (git sha1 1d3f9b790-dirty, aarch64-apple-darwin23.5-clang++ 18.1.8 -fPIC -O3)

yosys> read_liberty -lib /Users/grantham/trees/atf15xx_yosys/cells.lib

1. Executing Liberty frontend: /Users/grantham/trees/atf15xx_yosys/cells.lib
Imported 102 cell types from liberty file.

yosys> read_verilog pixel.v

2. Executing Verilog-2005 frontend: pixel.v
Parsing Verilog input from `pixel.v' to AST representation.
Generating RTLIL representation for module `\Pixel'.
Successfully finished Verilog frontend.

yosys> stat

3. Printing statistics.

=== Pixel ===

        +----------Local Count, excluding submodules.
        | 
      169 wires
      454 wire bits
       56 public wires
      164 public wire bits
       14 ports
       45 port bits
        5 processes
       88 cells
        4   $add
       22   $and
       13   $eq
        3   $ge
        6   $lt
       20   $mux
       17   $not
        2   $or
        1   $reduce_and


yosys> tribuf
4. Executing TRIBUF pass.

yosys> stat

5. Printing statistics.

=== Pixel ===

        +----------Local Count, excluding submodules.
        | 
      169 wires
      454 wire bits
       56 public wires
      164 public wire bits
       14 ports
       45 port bits
        5 processes
       88 cells
        4   $add
       22   $and
       13   $eq
        3   $ge
        6   $lt
       20   $mux
       17   $not
        2   $or
        1   $reduce_and


yosys> synth -flatten -noabc -auto-top
6. Executing SYNTH pass.

6.1. Executing HIERARCHY pass (managing design hierarchy).

6.1.1. Finding top of design hierarchy..
root of   0 design levels: Pixel               
Automatically selected Pixel as design top module.

6.1.2. Analyzing design hierarchy..
Top module:  \Pixel

6.1.3. Analyzing design hierarchy..
Top module:  \Pixel
Removed 0 unused modules.

6.2. Executing PROC pass (convert processes to netlists).

6.2.1. Executing PROC_CLEAN pass (remove empty switches from decision trees).
Cleaned up 0 empty switches.

6.2.2. Executing PROC_RMDEAD pass (remove dead branches from decision trees).
Marked 1 switch rules as full_case in process $proc$pixel.v:446$89 in module Pixel.
Marked 1 switch rules as full_case in process $proc$pixel.v:403$70 in module Pixel.
Marked 5 switch rules as full_case in process $proc$pixel.v:323$41 in module Pixel.
Marked 1 switch rules as full_case in process $proc$pixel.v:252$32 in module Pixel.
Marked 3 switch rules as full_case in process $proc$pixel.v:184$2 in module Pixel.
Removed a total of 0 dead cases.

6.2.3. Executing PROC_PRUNE pass (remove redundant assignments in processes).
Removed 10 redundant assignments.
Promoted 0 assignments to connections.

6.2.4. Executing PROC_INIT pass (extract init attributes).

6.2.5. Executing PROC_ARST pass (detect async resets in processes).
Found async reset \RESET in `\Pixel.$proc$pixel.v:446$89'.
Found async reset \RESET in `\Pixel.$proc$pixel.v:403$70'.
Found async reset \RESET in `\Pixel.$proc$pixel.v:323$41'.
Found async reset \RESET in `\Pixel.$proc$pixel.v:252$32'.
Found async reset \RESET in `\Pixel.$proc$pixel.v:184$2'.

6.2.6. Executing PROC_ROM pass (convert switches to ROMs).
Converted 0 switches.
<suppressed ~13 debug messages>

6.2.7. Executing PROC_MUX pass (convert decision trees to multiplexers).
Creating decoders for process `\Pixel.$proc$pixel.v:446$89'.
     1/6: $0\VGA_VSYNC[0:0]
     2/6: $0\VGA_HSYNC[0:0]
     3/6: $0\nRS[0:0]
     4/6: $0\RGB_OUT[11:0]
     5/6: $0\H_ACTIVE[0:0]
     6/6: $0\pix_consume_d[0:0]
Creating decoders for process `\Pixel.$proc$pixel.v:403$70'.
     1/5: $0\ham_held[11:0] [3:0]
     2/5: $0\ham_held[11:0] [7:4]
     3/5: $0\ham_held[11:0] [11:8]
     4/5: $0\ham_second[0:0]
     5/5: $0\ham_type[0:0]
Creating decoders for process `\Pixel.$proc$pixel.v:323$41'.
     1/8: $0\extra_byte[0:0]
     2/8: $0\fifo_select[0:0]
     3/8: $0\fifo_loading[0:0]
     4/8: $0\align_cnt[2:0]
     5/8: $0\bit_pos[2:0]
     6/8: $0\shift_reg[7:0]
     7/8: $0\nPIXELS_RE_ODD[0:0]
     8/8: $0\nPIXELS_RE_EVEN[0:0]
Creating decoders for process `\Pixel.$proc$pixel.v:252$32'.
     1/5: $0\mode[1:0]
     2/5: $0\pixel_skip[3:0]
     3/5: $0\pal_bg[11:0]
     4/5: $0\pal_fg[11:0]
     5/5: $0\set_capture[11:0]
Creating decoders for process `\Pixel.$proc$pixel.v:184$2'.
     1/3: $0\h_cnt[9:0]
     2/3: $0\h_last[0:0]
     3/3: $0\v_cnt[9:0]

6.2.8. Executing PROC_DLATCH pass (convert process syncs to latches).

6.2.9. Executing PROC_DFF pass (convert process syncs to FFs).
Creating register for signal `\Pixel.\RGB_OUT' using process `\Pixel.$proc$pixel.v:446$89'.
  created $adff cell `$procdff$204' with positive edge clock and positive level reset.
Creating register for signal `\Pixel.\H_ACTIVE' using process `\Pixel.$proc$pixel.v:446$89'.
  created $adff cell `$procdff$207' with positive edge clock and positive level reset.
Creating register for signal `\Pixel.\nRS' using process `\Pixel.$proc$pixel.v:446$89'.
  created $adff cell `$procdff$210' with positive edge clock and positive level reset.
Creating register for signal `\Pixel.\VGA_HSYNC' using process `\Pixel.$proc$pixel.v:446$89'.
  created $adff cell `$procdff$213' with positive edge clock and positive level reset.
Creating register for signal `\Pixel.\VGA_VSYNC' using process `\Pixel.$proc$pixel.v:446$89'.
  created $adff cell `$procdff$216' with positive edge clock and positive level reset.
Creating register for signal `\Pixel.\pix_consume_d' using process `\Pixel.$proc$pixel.v:446$89'.
  created $adff cell `$procdff$219' with positive edge clock and positive level reset.
Creating register for signal `\Pixel.\ham_held' using process `\Pixel.$proc$pixel.v:403$70'.
  created $adff cell `$procdff$222' with positive edge clock and positive level reset.
Creating register for signal `\Pixel.\ham_second' using process `\Pixel.$proc$pixel.v:403$70'.
  created $adff cell `$procdff$225' with positive edge clock and positive level reset.
Creating register for signal `\Pixel.\ham_type' using process `\Pixel.$proc$pixel.v:403$70'.
  created $adff cell `$procdff$228' with positive edge clock and positive level reset.
Creating register for signal `\Pixel.\nPIXELS_RE_EVEN' using process `\Pixel.$proc$pixel.v:323$41'.
  created $adff cell `$procdff$231' with positive edge clock and positive level reset.
Creating register for signal `\Pixel.\nPIXELS_RE_ODD' using process `\Pixel.$proc$pixel.v:323$41'.
  created $adff cell `$procdff$234' with positive edge clock and positive level reset.
Creating register for signal `\Pixel.\shift_reg' using process `\Pixel.$proc$pixel.v:323$41'.
  created $adff cell `$procdff$237' with positive edge clock and positive level reset.
Creating register for signal `\Pixel.\bit_pos' using process `\Pixel.$proc$pixel.v:323$41'.
  created $adff cell `$procdff$240' with positive edge clock and positive level reset.
Creating register for signal `\Pixel.\align_cnt' using process `\Pixel.$proc$pixel.v:323$41'.
  created $adff cell `$procdff$243' with positive edge clock and positive level reset.
Creating register for signal `\Pixel.\fifo_loading' using process `\Pixel.$proc$pixel.v:323$41'.
  created $adff cell `$procdff$246' with positive edge clock and positive level reset.
Creating register for signal `\Pixel.\fifo_select' using process `\Pixel.$proc$pixel.v:323$41'.
  created $adff cell `$procdff$249' with positive edge clock and positive level reset.
Creating register for signal `\Pixel.\extra_byte' using process `\Pixel.$proc$pixel.v:323$41'.
  created $adff cell `$procdff$252' with positive edge clock and positive level reset.
Creating register for signal `\Pixel.\set_capture' using process `\Pixel.$proc$pixel.v:252$32'.
  created $adff cell `$procdff$255' with positive edge clock and positive level reset.
Creating register for signal `\Pixel.\pal_fg' using process `\Pixel.$proc$pixel.v:252$32'.
  created $adff cell `$procdff$258' with positive edge clock and positive level reset.
Creating register for signal `\Pixel.\pal_bg' using process `\Pixel.$proc$pixel.v:252$32'.
  created $adff cell `$procdff$261' with positive edge clock and positive level reset.
Creating register for signal `\Pixel.\pixel_skip' using process `\Pixel.$proc$pixel.v:252$32'.
  created $adff cell `$procdff$264' with positive edge clock and positive level reset.
Creating register for signal `\Pixel.\mode' using process `\Pixel.$proc$pixel.v:252$32'.
  created $adff cell `$procdff$267' with positive edge clock and positive level reset.
Creating register for signal `\Pixel.\h_cnt' using process `\Pixel.$proc$pixel.v:184$2'.
  created $adff cell `$procdff$270' with positive edge clock and positive level reset.
Creating register for signal `\Pixel.\v_cnt' using process `\Pixel.$proc$pixel.v:184$2'.
  created $adff cell `$procdff$273' with positive edge clock and positive level reset.
Creating register for signal `\Pixel.\h_last' using process `\Pixel.$proc$pixel.v:184$2'.
  created $adff cell `$procdff$276' with positive edge clock and positive level reset.

6.2.10. Executing PROC_MEMWR pass (convert process memory writes to cells).

6.2.11. Executing PROC_CLEAN pass (remove empty switches from decision trees).
Removing empty process `Pixel.$proc$pixel.v:446$89'.
Found and cleaned up 1 empty switch in `\Pixel.$proc$pixel.v:403$70'.
Removing empty process `Pixel.$proc$pixel.v:403$70'.
Found and cleaned up 5 empty switches in `\Pixel.$proc$pixel.v:323$41'.
Removing empty process `Pixel.$proc$pixel.v:323$41'.
Found and cleaned up 5 empty switches in `\Pixel.$proc$pixel.v:252$32'.
Removing empty process `Pixel.$proc$pixel.v:252$32'.
Found and cleaned up 2 empty switches in `\Pixel.$proc$pixel.v:184$2'.
Removing empty process `Pixel.$proc$pixel.v:184$2'.
Cleaned up 13 empty switches.

6.2.12. Executing OPT_EXPR pass (perform const folding).
Optimizing module Pixel.
<suppressed ~56 debug messages>

6.3. Executing FLATTEN pass (flatten design).

6.4. Executing OPT_EXPR pass (perform const folding).
Optimizing module Pixel.

6.5. Executing OPT_CLEAN pass (remove unused cells and wires).
Finding unused cells or wires in module \Pixel..
Removed 2 unused cells and 114 unused wires.
<suppressed ~5 debug messages>

6.6. Executing CHECK pass (checking for obvious problems).
Checking module Pixel...
Found and reported 0 problems.

6.7. Executing OPT pass (performing simple optimizations).

6.7.1. Executing OPT_EXPR pass (perform const folding).
Optimizing module Pixel.

6.7.2. Executing OPT_MERGE pass (detect identical cells).
Finding identical cells in module `\Pixel'.
Computing hashes of 150 cells of `\Pixel'.
Finding duplicate cells in `\Pixel'.
Computing hashes of 145 cells of `\Pixel'.
Finding duplicate cells in `\Pixel'.
<suppressed ~15 debug messages>
Removed a total of 5 cells.

6.7.3. Executing OPT_MUXTREE pass (detect dead branches in mux trees).
Running muxtree optimizer on module \Pixel..
  Creating internal representation of mux trees.
  Evaluating internal representation of mux trees.
      Replacing known input bits on port A of cell $procmux$114: \fifo_loading -> 1'0
      Replacing known input bits on port A of cell $procmux$111: \fifo_loading -> 1'0
      Replacing known input bits on port A of cell $procmux$109: \fifo_loading -> 1'0
  Analyzing evaluation results.
Removed 0 multiplexer ports.
<suppressed ~82 debug messages>

6.7.4. Executing OPT_REDUCE pass (consolidate $*mux and $reduce_* inputs).
  Optimizing cells in module \Pixel.
Performed a total of 0 changes.

6.7.5. Executing OPT_MERGE pass (detect identical cells).
Finding identical cells in module `\Pixel'.
Computing hashes of 145 cells of `\Pixel'.
Finding duplicate cells in `\Pixel'.
Removed a total of 0 cells.

6.7.6. Executing OPT_DFF pass (perform DFF optimizations).

6.7.7. Executing OPT_CLEAN pass (remove unused cells and wires).
Finding unused cells or wires in module \Pixel..
Removed 0 unused cells and 4 unused wires.
<suppressed ~1 debug messages>

6.7.8. Executing OPT_EXPR pass (perform const folding).
Optimizing module Pixel.

6.7.9. Rerunning OPT passes. (Maybe there is more to do..)

6.7.10. Executing OPT_MUXTREE pass (detect dead branches in mux trees).
Running muxtree optimizer on module \Pixel..
  Creating internal representation of mux trees.
  Evaluating internal representation of mux trees.
  Analyzing evaluation results.
Removed 0 multiplexer ports.
<suppressed ~82 debug messages>

6.7.11. Executing OPT_REDUCE pass (consolidate $*mux and $reduce_* inputs).
  Optimizing cells in module \Pixel.
Performed a total of 0 changes.

6.7.12. Executing OPT_MERGE pass (detect identical cells).
Finding identical cells in module `\Pixel'.
Computing hashes of 145 cells of `\Pixel'.
Finding duplicate cells in `\Pixel'.
Removed a total of 0 cells.

6.7.13. Executing OPT_DFF pass (perform DFF optimizations).

6.7.14. Executing OPT_CLEAN pass (remove unused cells and wires).
Finding unused cells or wires in module \Pixel..

6.7.15. Executing OPT_EXPR pass (perform const folding).
Optimizing module Pixel.

6.7.16. Finished fast OPT passes. (There is nothing left to do.)

6.8. Executing FSM pass (extract and optimize FSM).

6.8.1. Executing FSM_DETECT pass (finding FSMs in design).

6.8.2. Executing FSM_EXTRACT pass (extracting FSM from design).

6.8.3. Executing FSM_OPT pass (simple optimizations of FSMs).

6.8.4. Executing OPT_CLEAN pass (remove unused cells and wires).
Finding unused cells or wires in module \Pixel..

6.8.5. Executing FSM_OPT pass (simple optimizations of FSMs).

6.8.6. Executing FSM_RECODE pass (re-assigning FSM state encoding).

6.8.7. Executing FSM_INFO pass (dumping all available information on FSM cells).

6.8.8. Executing FSM_MAP pass (mapping FSMs to basic logic).

6.9. Executing OPT pass (performing simple optimizations).

6.9.1. Executing OPT_EXPR pass (perform const folding).
Optimizing module Pixel.

6.9.2. Executing OPT_MERGE pass (detect identical cells).
Finding identical cells in module `\Pixel'.
Computing hashes of 145 cells of `\Pixel'.
Finding duplicate cells in `\Pixel'.
Removed a total of 0 cells.

6.9.3. Executing OPT_MUXTREE pass (detect dead branches in mux trees).
Running muxtree optimizer on module \Pixel..
  Creating internal representation of mux trees.
  Evaluating internal representation of mux trees.
  Analyzing evaluation results.
Removed 0 multiplexer ports.
<suppressed ~82 debug messages>

6.9.4. Executing OPT_REDUCE pass (consolidate $*mux and $reduce_* inputs).
  Optimizing cells in module \Pixel.
Performed a total of 0 changes.

6.9.5. Executing OPT_MERGE pass (detect identical cells).
Finding identical cells in module `\Pixel'.
Computing hashes of 145 cells of `\Pixel'.
Finding duplicate cells in `\Pixel'.
Removed a total of 0 cells.

6.9.6. Executing OPT_DFF pass (perform DFF optimizations).
Adding EN signal on $procdff$258 ($adff) from module Pixel (D = \set_capture, Q = \pal_fg).
Adding EN signal on $procdff$237 ($adff) from module Pixel (D = $procmux$150_Y, Q = \shift_reg).
Adding EN signal on $procdff$231 ($adff) from module Pixel (D = $0\nPIXELS_RE_EVEN[0:0], Q = \nPIXELS_RE_EVEN).
Adding EN signal on $procdff$255 ($adff) from module Pixel (D = \VIDCMD_Q, Q = \set_capture).
Adding EN signal on $procdff$234 ($adff) from module Pixel (D = $0\nPIXELS_RE_ODD[0:0], Q = \nPIXELS_RE_ODD).
Adding EN signal on $procdff$240 ($adff) from module Pixel (D = $0\bit_pos[2:0], Q = \bit_pos).
Adding EN signal on $procdff$273 ($adff) from module Pixel (D = $procmux$198_Y, Q = \v_cnt).
Adding EN signal on $procdff$267 ($adff) from module Pixel (D = \set_capture [1:0], Q = \mode).
Adding EN signal on $procdff$243 ($adff) from module Pixel (D = $0\align_cnt[2:0], Q = \align_cnt).
Adding EN signal on $procdff$261 ($adff) from module Pixel (D = \set_capture, Q = \pal_bg).
Adding EN signal on $procdff$249 ($adff) from module Pixel (D = $0\fifo_select[0:0], Q = \fifo_select).
Adding EN signal on $procdff$222 ($adff) from module Pixel (D = $0\ham_held[11:0] [7:4], Q = \ham_held [7:4]).
Adding EN signal on $procdff$222 ($adff) from module Pixel (D = $0\ham_held[11:0] [11:8], Q = \ham_held [11:8]).
Adding EN signal on $procdff$222 ($adff) from module Pixel (D = $0\ham_held[11:0] [3:0], Q = \ham_held [3:0]).
Adding EN signal on $procdff$264 ($adff) from module Pixel (D = \set_capture [3:0], Q = \pixel_skip).
Adding EN signal on $procdff$252 ($adff) from module Pixel (D = $0\extra_byte[0:0], Q = \extra_byte).
Adding EN signal on $procdff$228 ($adff) from module Pixel (D = \shift_reg [6], Q = \ham_type).

6.9.7. Executing OPT_CLEAN pass (remove unused cells and wires).
Finding unused cells or wires in module \Pixel..
Removed 8 unused cells and 8 unused wires.
<suppressed ~9 debug messages>

6.9.8. Executing OPT_EXPR pass (perform const folding).
Optimizing module Pixel.
<suppressed ~9 debug messages>

6.9.9. Rerunning OPT passes. (Maybe there is more to do..)

6.9.10. Executing OPT_MUXTREE pass (detect dead branches in mux trees).
Running muxtree optimizer on module \Pixel..
  Creating internal representation of mux trees.
  Evaluating internal representation of mux trees.
  Analyzing evaluation results.
Removed 0 multiplexer ports.
<suppressed ~68 debug messages>

6.9.11. Executing OPT_REDUCE pass (consolidate $*mux and $reduce_* inputs).
  Optimizing cells in module \Pixel.
Performed a total of 0 changes.

6.9.12. Executing OPT_MERGE pass (detect identical cells).
Finding identical cells in module `\Pixel'.
Computing hashes of 160 cells of `\Pixel'.
Finding duplicate cells in `\Pixel'.
Computing hashes of 156 cells of `\Pixel'.
Finding duplicate cells in `\Pixel'.
Computing hashes of 155 cells of `\Pixel'.
Finding duplicate cells in `\Pixel'.
<suppressed ~15 debug messages>
Removed a total of 5 cells.

6.9.13. Executing OPT_DFF pass (perform DFF optimizations).

6.9.14. Executing OPT_CLEAN pass (remove unused cells and wires).
Finding unused cells or wires in module \Pixel..
Removed 0 unused cells and 5 unused wires.
<suppressed ~1 debug messages>

6.9.15. Executing OPT_EXPR pass (perform const folding).
Optimizing module Pixel.

6.9.16. Rerunning OPT passes. (Maybe there is more to do..)

6.9.17. Executing OPT_MUXTREE pass (detect dead branches in mux trees).
Running muxtree optimizer on module \Pixel..
  Creating internal representation of mux trees.
  Evaluating internal representation of mux trees.
  Analyzing evaluation results.
Removed 0 multiplexer ports.
<suppressed ~68 debug messages>

6.9.18. Executing OPT_REDUCE pass (consolidate $*mux and $reduce_* inputs).
  Optimizing cells in module \Pixel.
Performed a total of 0 changes.

6.9.19. Executing OPT_MERGE pass (detect identical cells).
Finding identical cells in module `\Pixel'.
Computing hashes of 155 cells of `\Pixel'.
Finding duplicate cells in `\Pixel'.
Removed a total of 0 cells.

6.9.20. Executing OPT_DFF pass (perform DFF optimizations).

6.9.21. Executing OPT_CLEAN pass (remove unused cells and wires).
Finding unused cells or wires in module \Pixel..

6.9.22. Executing OPT_EXPR pass (perform const folding).
Optimizing module Pixel.

6.9.23. Finished fast OPT passes. (There is nothing left to do.)

6.10. Executing WREDUCE pass (reducing word size of cells).
Removed top 1 bits (of 2) from port B of cell Pixel.$auto$opt_dff.cc:235:make_patterns_logic$313 ($ne).
Removed top 1 bits (of 2) from FF cell Pixel.$auto$ff.cc:337:slice$310 ($adffe).
Removed top 3 bits (of 4) from port B of cell Pixel.$auto$opt_dff.cc:235:make_patterns_logic$295 ($ne).
Removed top 9 bits (of 10) from port B of cell Pixel.$add$pixel.v:206$5 ($add).
Removed top 9 bits (of 10) from port B of cell Pixel.$add$pixel.v:211$6 ($add).
Removed top 1 bits (of 10) from port B of cell Pixel.$lt$pixel.v:216$7 ($lt).
Removed top 1 bits (of 10) from port B of cell Pixel.$lt$pixel.v:220$10 ($lt).
Removed top 1 bits (of 10) from port B of cell Pixel.$ge$pixel.v:225$16 ($ge).
Removed top 1 bits (of 10) from port B of cell Pixel.$lt$pixel.v:225$17 ($lt).
Removed top 1 bits (of 10) from port B of cell Pixel.$eq$pixel.v:232$19 ($eq).
Removed top 6 bits (of 10) from port B of cell Pixel.$lt$pixel.v:232$20 ($lt).
Removed top 1 bits (of 3) from port B of cell Pixel.$eq$pixel.v:246$22 ($eq).
Removed top 1 bits (of 3) from port B of cell Pixel.$eq$pixel.v:247$24 ($eq).
Removed top 2 bits (of 3) from port B of cell Pixel.$add$pixel.v:360$49 ($add).
Removed top 1 bits (of 3) from mux cell Pixel.$ternary$pixel.v:365$51 ($mux).
Removed top 1 bits (of 3) from port B of cell Pixel.$add$pixel.v:365$52 ($add).
Removed top 1 bits (of 3) from wire Pixel.$ternary$pixel.v:365$51_Y.

6.11. Executing PEEPOPT pass (run peephole optimizers).

6.12. Executing OPT_CLEAN pass (remove unused cells and wires).
Finding unused cells or wires in module \Pixel..
Removed 0 unused cells and 1 unused wires.
<suppressed ~1 debug messages>

6.13. Executing ALUMACC pass (create $alu and $macc cells).
Extracting $alu and $macc cells in module Pixel:
  creating $macc model for $add$pixel.v:365$52 ($add).
  creating $macc model for $add$pixel.v:360$49 ($add).
  creating $macc model for $add$pixel.v:211$6 ($add).
  creating $macc model for $add$pixel.v:206$5 ($add).
  creating $alu model for $macc $add$pixel.v:206$5.
  creating $alu model for $macc $add$pixel.v:211$6.
  creating $alu model for $macc $add$pixel.v:360$49.
  creating $alu model for $macc $add$pixel.v:365$52.
  creating $alu model for $ge$pixel.v:401$68 ($ge): new $alu
  creating $alu model for $lt$pixel.v:232$20 ($lt): new $alu
  creating $alu model for $lt$pixel.v:225$17 ($lt): new $alu
  creating $alu model for $ge$pixel.v:225$16 ($ge): new $alu
  creating $alu model for $lt$pixel.v:224$14 ($lt): new $alu
  creating $alu model for $ge$pixel.v:224$13 ($ge): new $alu
  creating $alu model for $lt$pixel.v:220$10 ($lt): new $alu
  creating $alu model for $lt$pixel.v:217$8 ($lt): merged with $ge$pixel.v:401$68.
  creating $alu model for $lt$pixel.v:216$7 ($lt): new $alu
  creating $alu model for $eq$pixel.v:232$19 ($eq): merged with $ge$pixel.v:225$16.
  creating $alu cell for $lt$pixel.v:216$7: $auto$alumacc.cc:512:replace_alu$345
  creating $alu cell for $lt$pixel.v:220$10: $auto$alumacc.cc:512:replace_alu$350
  creating $alu cell for $ge$pixel.v:224$13: $auto$alumacc.cc:512:replace_alu$355
  creating $alu cell for $lt$pixel.v:224$14: $auto$alumacc.cc:512:replace_alu$368
  creating $alu cell for $ge$pixel.v:225$16, $eq$pixel.v:232$19: $auto$alumacc.cc:512:replace_alu$373
  creating $alu cell for $lt$pixel.v:225$17: $auto$alumacc.cc:512:replace_alu$386
  creating $alu cell for $lt$pixel.v:232$20: $auto$alumacc.cc:512:replace_alu$391
  creating $alu cell for $ge$pixel.v:401$68, $lt$pixel.v:217$8: $auto$alumacc.cc:512:replace_alu$396
  creating $alu cell for $add$pixel.v:365$52: $auto$alumacc.cc:512:replace_alu$409
  creating $alu cell for $add$pixel.v:360$49: $auto$alumacc.cc:512:replace_alu$412
  creating $alu cell for $add$pixel.v:211$6: $auto$alumacc.cc:512:replace_alu$415
  creating $alu cell for $add$pixel.v:206$5: $auto$alumacc.cc:512:replace_alu$418
  created 12 $alu and 0 $macc cells.

6.14. Executing SHARE pass (SAT-based resource sharing).

6.15. Executing OPT pass (performing simple optimizations).

6.15.1. Executing OPT_EXPR pass (perform const folding).
Optimizing module Pixel.
<suppressed ~1 debug messages>

6.15.2. Executing OPT_MERGE pass (detect identical cells).
Finding identical cells in module `\Pixel'.
Computing hashes of 172 cells of `\Pixel'.
Finding duplicate cells in `\Pixel'.
Removed a total of 0 cells.

6.15.3. Executing OPT_MUXTREE pass (detect dead branches in mux trees).
Running muxtree optimizer on module \Pixel..
  Creating internal representation of mux trees.
  Evaluating internal representation of mux trees.
  Analyzing evaluation results.
Removed 0 multiplexer ports.
<suppressed ~68 debug messages>

6.15.4. Executing OPT_REDUCE pass (consolidate $*mux and $reduce_* inputs).
  Optimizing cells in module \Pixel.
Performed a total of 0 changes.

6.15.5. Executing OPT_MERGE pass (detect identical cells).
Finding identical cells in module `\Pixel'.
Computing hashes of 172 cells of `\Pixel'.
Finding duplicate cells in `\Pixel'.
Removed a total of 0 cells.

6.15.6. Executing OPT_DFF pass (perform DFF optimizations).

6.15.7. Executing OPT_CLEAN pass (remove unused cells and wires).
Finding unused cells or wires in module \Pixel..
Removed 0 unused cells and 11 unused wires.
<suppressed ~1 debug messages>

6.15.8. Executing OPT_EXPR pass (perform const folding).
Optimizing module Pixel.

6.15.9. Rerunning OPT passes. (Maybe there is more to do..)

6.15.10. Executing OPT_MUXTREE pass (detect dead branches in mux trees).
Running muxtree optimizer on module \Pixel..
  Creating internal representation of mux trees.
  Evaluating internal representation of mux trees.
  Analyzing evaluation results.
Removed 0 multiplexer ports.
<suppressed ~68 debug messages>

6.15.11. Executing OPT_REDUCE pass (consolidate $*mux and $reduce_* inputs).
  Optimizing cells in module \Pixel.
Performed a total of 0 changes.

6.15.12. Executing OPT_MERGE pass (detect identical cells).
Finding identical cells in module `\Pixel'.
Computing hashes of 172 cells of `\Pixel'.
Finding duplicate cells in `\Pixel'.
Removed a total of 0 cells.

6.15.13. Executing OPT_DFF pass (perform DFF optimizations).

6.15.14. Executing OPT_CLEAN pass (remove unused cells and wires).
Finding unused cells or wires in module \Pixel..

6.15.15. Executing OPT_EXPR pass (perform const folding).
Optimizing module Pixel.

6.15.16. Finished fast OPT passes. (There is nothing left to do.)

6.16. Executing MEMORY pass.

6.16.1. Executing OPT_MEM pass (optimize memories).
Performed a total of 0 transformations.

6.16.2. Executing OPT_MEM_PRIORITY pass (removing unnecessary memory write priority relations).
Performed a total of 0 transformations.

6.16.3. Executing OPT_MEM_FEEDBACK pass (finding memory read-to-write feedback paths).

6.16.4. Executing MEMORY_BMUX2ROM pass (converting muxes to ROMs).

6.16.5. Executing MEMORY_DFF pass (merging $dff cells to $memrd).

6.16.6. Executing OPT_CLEAN pass (remove unused cells and wires).
Finding unused cells or wires in module \Pixel..

6.16.7. Executing MEMORY_SHARE pass (consolidating $memrd/$memwr cells).

6.16.8. Executing OPT_MEM_WIDEN pass (optimize memories where all ports are wide).
Performed a total of 0 transformations.

6.16.9. Executing OPT_CLEAN pass (remove unused cells and wires).
Finding unused cells or wires in module \Pixel..

6.16.10. Executing MEMORY_COLLECT pass (generating $mem cells).

6.17. Executing OPT_CLEAN pass (remove unused cells and wires).
Finding unused cells or wires in module \Pixel..

6.18. Executing OPT pass (performing simple optimizations).

6.18.1. Executing OPT_EXPR pass (perform const folding).
Optimizing module Pixel.
<suppressed ~26 debug messages>

6.18.2. Executing OPT_MERGE pass (detect identical cells).
Finding identical cells in module `\Pixel'.
Computing hashes of 174 cells of `\Pixel'.
Finding duplicate cells in `\Pixel'.
Computing hashes of 168 cells of `\Pixel'.
Finding duplicate cells in `\Pixel'.
<suppressed ~18 debug messages>
Removed a total of 6 cells.

6.18.3. Executing OPT_DFF pass (perform DFF optimizations).

6.18.4. Executing OPT_CLEAN pass (remove unused cells and wires).
Finding unused cells or wires in module \Pixel..
Removed 4 unused cells and 34 unused wires.
<suppressed ~5 debug messages>

6.18.5. Finished fast OPT passes.

6.19. Executing MEMORY_MAP pass (converting memories to logic and flip-flops).

6.20. Executing OPT pass (performing simple optimizations).

6.20.1. Executing OPT_EXPR pass (perform const folding).
Optimizing module Pixel.
<suppressed ~1 debug messages>

6.20.2. Executing OPT_MERGE pass (detect identical cells).
Finding identical cells in module `\Pixel'.
Computing hashes of 164 cells of `\Pixel'.
Finding duplicate cells in `\Pixel'.
Removed a total of 0 cells.

6.20.3. Executing OPT_MUXTREE pass (detect dead branches in mux trees).
Running muxtree optimizer on module \Pixel..
  Creating internal representation of mux trees.
  Evaluating internal representation of mux trees.
  Analyzing evaluation results.
Removed 0 multiplexer ports.
<suppressed ~46 debug messages>

6.20.4. Executing OPT_REDUCE pass (consolidate $*mux and $reduce_* inputs).
  Optimizing cells in module \Pixel.
    Consolidated identical input bits for $mux cell $ternary$pixel.v:364$50:
      Old ports: A={ \shift_reg [6:0] 1'0 }, B={ \shift_reg [5:0] 2'00 }, Y=$procmux$144_Y
      New ports: A=\shift_reg [6:0], B={ \shift_reg [5:0] 1'0 }, Y=$procmux$144_Y [7:1]
      New connections: $procmux$144_Y [0] = 1'0
  Optimizing cells in module \Pixel.
    Consolidated identical input bits for $mux cell $procmux$147:
      Old ports: A={ \shift_reg [6:0] 1'0 }, B=$procmux$144_Y, Y=$procmux$147_Y
      New ports: A=\shift_reg [6:0], B=$procmux$144_Y [7:1], Y=$procmux$147_Y [7:1]
      New connections: $procmux$147_Y [0] = 1'0
  Optimizing cells in module \Pixel.
Performed a total of 2 changes.

6.20.5. Executing OPT_MERGE pass (detect identical cells).
Finding identical cells in module `\Pixel'.
Computing hashes of 164 cells of `\Pixel'.
Finding duplicate cells in `\Pixel'.
Removed a total of 0 cells.

6.20.6. Executing OPT_SHARE pass.

6.20.7. Executing OPT_DFF pass (perform DFF optimizations).

6.20.8. Executing OPT_CLEAN pass (remove unused cells and wires).
Finding unused cells or wires in module \Pixel..

6.20.9. Executing OPT_EXPR pass (perform const folding).
Optimizing module Pixel.

6.20.10. Rerunning OPT passes. (Maybe there is more to do..)

6.20.11. Executing OPT_MUXTREE pass (detect dead branches in mux trees).
Running muxtree optimizer on module \Pixel..
  Creating internal representation of mux trees.
  Evaluating internal representation of mux trees.
  Analyzing evaluation results.
Removed 0 multiplexer ports.
<suppressed ~46 debug messages>

6.20.12. Executing OPT_REDUCE pass (consolidate $*mux and $reduce_* inputs).
  Optimizing cells in module \Pixel.
Performed a total of 0 changes.

6.20.13. Executing OPT_MERGE pass (detect identical cells).
Finding identical cells in module `\Pixel'.
Computing hashes of 164 cells of `\Pixel'.
Finding duplicate cells in `\Pixel'.
Removed a total of 0 cells.

6.20.14. Executing OPT_SHARE pass.

6.20.15. Executing OPT_DFF pass (perform DFF optimizations).

6.20.16. Executing OPT_CLEAN pass (remove unused cells and wires).
Finding unused cells or wires in module \Pixel..

6.20.17. Executing OPT_EXPR pass (perform const folding).
Optimizing module Pixel.

6.20.18. Finished fast OPT passes. (There is nothing left to do.)

6.21. Executing TECHMAP pass (map to technology primitives).

6.21.1. Executing Verilog-2005 frontend: /Users/grantham/trees/oss-cad-suite/libexec/../share/yosys/techmap.v
Parsing Verilog input from `/Users/grantham/trees/oss-cad-suite/libexec/../share/yosys/techmap.v' to AST representation.
Generating RTLIL representation for module `\_90_simplemap_bool_ops'.
Generating RTLIL representation for module `\_90_simplemap_reduce_ops'.
Generating RTLIL representation for module `\_90_simplemap_logic_ops'.
Generating RTLIL representation for module `\_90_simplemap_compare_ops'.
Generating RTLIL representation for module `\_90_simplemap_various'.
Generating RTLIL representation for module `\_90_simplemap_registers'.
Generating RTLIL representation for module `\_90_shift_ops_shr_shl_sshl_sshr'.
Generating RTLIL representation for module `\_90_shift_shiftx'.
Generating RTLIL representation for module `\_90_fa'.
Generating RTLIL representation for module `\_90_lcu_brent_kung'.
Generating RTLIL representation for module `\_90_alu'.
Generating RTLIL representation for module `\_90_macc'.
Generating RTLIL representation for module `\_90_alumacc'.
Generating RTLIL representation for module `$__div_mod_u'.
Generating RTLIL representation for module `$__div_mod_trunc'.
Generating RTLIL representation for module `\_90_div'.
Generating RTLIL representation for module `\_90_mod'.
Generating RTLIL representation for module `$__div_mod_floor'.
Generating RTLIL representation for module `\_90_divfloor'.
Generating RTLIL representation for module `\_90_modfloor'.
Generating RTLIL representation for module `\_90_pow'.
Generating RTLIL representation for module `\_90_pmux'.
Generating RTLIL representation for module `\_90_demux'.
Generating RTLIL representation for module `\_90_lut'.
Generating RTLIL representation for module `$connect'.
Generating RTLIL representation for module `$input_port'.
Successfully finished Verilog frontend.

6.21.2. Continuing TECHMAP pass.
Using extmapper simplemap for cells of type $not.
Using template $paramod$754650b284649a026620fc6856e5b6886cbfe794\_90_alu for cells of type $alu.
Using template $paramod$3ef7d3dd227da7627a99c5e5a6a4deb817573e39\_90_alu for cells of type $alu.
Using template $paramod$79fc7abbb3333dbd5736999d565fd903198fb1eb\_90_alu for cells of type $alu.
Using extmapper simplemap for cells of type $reduce_or.
Using extmapper simplemap for cells of type $or.
Using extmapper simplemap for cells of type $reduce_and.
Using template $paramod$78e969f2586efcf3a5b0b0440bcca0db83d5cca2\_90_alu for cells of type $alu.
Using template $paramod$10ed987432f06055e5279101f9ec60a49861b43c\_90_alu for cells of type $alu.
Using template $paramod$befd47b1c77b68561d11d0cb61a0fae29b79f34c\_90_alu for cells of type $alu.
Using template $paramod$cd54e322aa4265ca236096fe4bb634aaec4e39b4\_90_alu for cells of type $alu.
Using template $paramod$484d51534650924b7ed4c69e46eed3a56904771f\_90_alu for cells of type $alu.
Using template $paramod$84080732754e0a1b49900de9a1f112a13f8436c0\_90_alu for cells of type $alu.
Using template $paramod$dad13a281fa6a9ffd6dd427a87dc9a952e80e9ea\_90_alu for cells of type $alu.
Using extmapper simplemap for cells of type $adffe.
Using extmapper simplemap for cells of type $reduce_bool.
Using extmapper simplemap for cells of type $ne.
Using extmapper simplemap for cells of type $eq.
Using extmapper simplemap for cells of type $and.
Using extmapper simplemap for cells of type $mux.
Using extmapper simplemap for cells of type $adff.
Using extmapper simplemap for cells of type $xor.
Using template $paramod\_90_fa\WIDTH=32'00000000000000000000000000001010 for cells of type $fa.
Using template $paramod\_90_lcu_brent_kung\WIDTH=32'00000000000000000000000000001010 for cells of type $lcu.
Using extmapper simplemap for cells of type $pos.
Using template $paramod\_90_fa\WIDTH=32'00000000000000000000000000000011 for cells of type $fa.
Using template $paramod\_90_lcu_brent_kung\WIDTH=32'00000000000000000000000000000011 for cells of type $lcu.
Using template $paramod\_90_fa\WIDTH=32'00000000000000000000000000000111 for cells of type $fa.
Using template $paramod\_90_lcu_brent_kung\WIDTH=32'00000000000000000000000000000111 for cells of type $lcu.
Using template $paramod\_90_fa\WIDTH=32'00000000000000000000000000001000 for cells of type $fa.
Using template $paramod\_90_lcu_brent_kung\WIDTH=32'00000000000000000000000000001000 for cells of type $lcu.
Using template $paramod\_90_fa\WIDTH=32'00000000000000000000000000001001 for cells of type $fa.
Using template $paramod\_90_lcu_brent_kung\WIDTH=32'00000000000000000000000000001001 for cells of type $lcu.
Using template $paramod\_90_fa\WIDTH=32'00000000000000000000000000000101 for cells of type $fa.
Using template $paramod\_90_lcu_brent_kung\WIDTH=32'00000000000000000000000000000101 for cells of type $lcu.
No more expansions possible.
<suppressed ~1609 debug messages>

6.22. Executing OPT pass (performing simple optimizations).

6.22.1. Executing OPT_EXPR pass (perform const folding).
Optimizing module Pixel.
<suppressed ~818 debug messages>

6.22.2. Executing OPT_MERGE pass (detect identical cells).
Finding identical cells in module `\Pixel'.
Computing hashes of 736 cells of `\Pixel'.
Finding duplicate cells in `\Pixel'.
Computing hashes of 636 cells of `\Pixel'.
Finding duplicate cells in `\Pixel'.
Computing hashes of 616 cells of `\Pixel'.
Finding duplicate cells in `\Pixel'.
Computing hashes of 608 cells of `\Pixel'.
Finding duplicate cells in `\Pixel'.
Computing hashes of 606 cells of `\Pixel'.
Finding duplicate cells in `\Pixel'.
Computing hashes of 604 cells of `\Pixel'.
Finding duplicate cells in `\Pixel'.
<suppressed ~396 debug messages>
Removed a total of 132 cells.

6.22.3. Executing OPT_DFF pass (perform DFF optimizations).

6.22.4. Executing OPT_CLEAN pass (remove unused cells and wires).
Finding unused cells or wires in module \Pixel..
Removed 88 unused cells and 748 unused wires.
<suppressed ~90 debug messages>

6.22.5. Finished fast OPT passes.

6.23. Executing HIERARCHY pass (managing design hierarchy).
Attribute `top' found on module `Pixel'. Setting top module to Pixel.

6.23.1. Analyzing design hierarchy..
Top module:  \Pixel

6.23.2. Analyzing design hierarchy..
Top module:  \Pixel
Removed 0 unused modules.

6.24. Printing statistics.

=== Pixel ===

        +----------Local Count, excluding submodules.
        | 
      262 wires
      664 wire bits
       53 public wires
      161 public wire bits
       14 ports
       45 port bits
      516 cells
      112   $_AND_
       53   $_DFFE_PN0P_
       29   $_DFFE_PN1P_
       26   $_DFF_PN0_
        3   $_DFF_PN1_
      117   $_MUX_
       61   $_NOT_
       91   $_OR_
       24   $_XOR_

6.25. Executing CHECK pass (checking for obvious problems).
Checking module Pixel...
Found and reported 0 problems.

yosys> stat

7. Printing statistics.

=== Pixel ===

        +----------Local Count, excluding submodules.
        | 
      262 wires
      664 wire bits
       53 public wires
      161 public wire bits
       14 ports
       45 port bits
      516 cells
      112   $_AND_
       53   $_DFFE_PN0P_
       29   $_DFFE_PN1P_
       26   $_DFF_PN0_
        3   $_DFF_PN1_
      117   $_MUX_
       61   $_NOT_
       91   $_OR_
       24   $_XOR_


yosys> techmap -map /Users/grantham/trees/atf15xx_yosys/techmap.v -D skip_DFFE_XX_
8. Executing TECHMAP pass (map to technology primitives).

8.1. Executing Verilog-2005 frontend: /Users/grantham/trees/atf15xx_yosys/techmap.v
Parsing Verilog input from `/Users/grantham/trees/atf15xx_yosys/techmap.v' to AST representation.
Generating RTLIL representation for module `$_DLATCH_P_'.
Generating RTLIL representation for module `$_DLATCH_N_'.
Generating RTLIL representation for module `$_DLATCH_NN0_'.
Generating RTLIL representation for module `$_DLATCH_NN1_'.
Generating RTLIL representation for module `$_DLATCH_NP0_'.
Generating RTLIL representation for module `$_DLATCH_NP1_'.
Generating RTLIL representation for module `$_DLATCH_PN0_'.
Generating RTLIL representation for module `$_DLATCH_PN1_'.
Generating RTLIL representation for module `$_DLATCH_PP0_'.
Generating RTLIL representation for module `$_DLATCH_PP1_'.
Generating RTLIL representation for module `$_DLATCHSR_NNN_'.
Generating RTLIL representation for module `$_DLATCHSR_NNP_'.
Generating RTLIL representation for module `$_DLATCHSR_NPN_'.
Generating RTLIL representation for module `$_DLATCHSR_NPP_'.
Generating RTLIL representation for module `$_DLATCHSR_PNN_'.
Generating RTLIL representation for module `$_DLATCHSR_PNP_'.
Generating RTLIL representation for module `$_DLATCHSR_PPN_'.
Generating RTLIL representation for module `$_DLATCHSR_PPP_'.
Generating RTLIL representation for module `$_DFFE_NN0P_'.
Generating RTLIL representation for module `$_DFFE_PP1P_'.
Generating RTLIL representation for module `$_DFFSRE_PPPP_'.
Successfully finished Verilog frontend.

8.2. Continuing TECHMAP pass.
No more expansions possible.
<suppressed ~23 debug messages>

yosys> stat

9. Printing statistics.

=== Pixel ===

        +----------Local Count, excluding submodules.
        | 
      262 wires
      664 wire bits
       53 public wires
      161 public wire bits
       14 ports
       45 port bits
      516 cells
      112   $_AND_
       53   $_DFFE_PN0P_
       29   $_DFFE_PN1P_
       26   $_DFF_PN0_
        3   $_DFF_PN1_
      117   $_MUX_
       61   $_NOT_
       91   $_OR_
       24   $_XOR_


yosys> simplemap
10. Executing SIMPLEMAP pass (map simple cells to gate primitives).

yosys> stat

11. Printing statistics.

=== Pixel ===

        +----------Local Count, excluding submodules.
        | 
      262 wires
      664 wire bits
       53 public wires
      161 public wire bits
       14 ports
       45 port bits
      516 cells
      112   $_AND_
       53   $_DFFE_PN0P_
       29   $_DFFE_PN1P_
       26   $_DFF_PN0_
        3   $_DFF_PN1_
      117   $_MUX_
       61   $_NOT_
       91   $_OR_
       24   $_XOR_


yosys> dfflibmap -liberty /Users/grantham/trees/atf15xx_yosys/cells.lib
12. Executing DFFLIBMAP pass (mapping DFF cells to sequential cells from liberty file).
  cell DFF (noninv, pins=4, area=600.00) is a direct match for cell type $_DFF_P_.
  cell DFFAR (noninv, pins=5, area=600.00) is a direct match for cell type $_DFF_PP0_.
  cell DFFAS (noninv, pins=5, area=600.00) is a direct match for cell type $_DFF_PP1_.
  cell DFFARS (noninv, pins=6, area=600.00) is a direct match for cell type $_DFFSR_PPP_.
  final dff cell mappings:
    unmapped dff cell: $_DFF_N_
    \DFF _DFF_P_ (.CLK( C), .D( D), .Q( Q), .QN(~Q));
    unmapped dff cell: $_DFF_NN0_
    unmapped dff cell: $_DFF_NN1_
    unmapped dff cell: $_DFF_NP0_
    unmapped dff cell: $_DFF_NP1_
    unmapped dff cell: $_DFF_PN0_
    unmapped dff cell: $_DFF_PN1_
    \DFFAR _DFF_PP0_ (.AR( R), .CLK( C), .D( D), .Q( Q), .QN(~Q));
    \DFFAS _DFF_PP1_ (.AS( R), .CLK( C), .D( D), .Q( Q), .QN(~Q));
    unmapped dff cell: $_DFFE_NN_
    unmapped dff cell: $_DFFE_NP_
    unmapped dff cell: $_DFFE_PN_
    unmapped dff cell: $_DFFE_PP_
    unmapped dff cell: $_DFFSR_NNN_
    unmapped dff cell: $_DFFSR_NNP_
    unmapped dff cell: $_DFFSR_NPN_
    unmapped dff cell: $_DFFSR_NPP_
    unmapped dff cell: $_DFFSR_PNN_
    unmapped dff cell: $_DFFSR_PNP_
    unmapped dff cell: $_DFFSR_PPN_
    \DFFARS _DFFSR_PPP_ (.AR( R), .AS( S), .CLK( C), .D( D), .Q( Q), .QN(~Q));

12.1. Executing DFFLEGALIZE pass (convert FFs to types supported by the target).
Mapping DFF cells in module `\Pixel':
  mapped 79 $_DFF_PP0_ cells to \DFFAR cells.
  mapped 32 $_DFF_PP1_ cells to \DFFAS cells.

yosys> stat

13. Printing statistics.

=== Pixel ===

        +----------Local Count, excluding submodules.
        | 
      593 wires
      995 wire bits
       53 public wires
      161 public wire bits
       14 ports
       45 port bits
      709 cells
      112   $_AND_
      199   $_MUX_
      172   $_NOT_
       91   $_OR_
       24   $_XOR_
       79   DFFAR
       32   DFFAS


yosys> abc -liberty /Users/grantham/trees/atf15xx_yosys/cells.lib
14. Executing ABC pass (technology mapping using ABC).

14.1. Extracting gate netlist of module `\Pixel' to `<abc-temp-dir>/input.blif'..

14.1.1. Executed ABC.
Extracted 598 gates and 749 wires to a netlist network with 149 inputs and 222 outputs.
Running ABC script: <abc-temp-dir>/abc.script
ABC: ======== ABC command line "source <abc-temp-dir>/abc.script"
ABC: + read_blif <abc-temp-dir>/input.blif 
ABC: + read_lib -w /Users/grantham/trees/atf15xx_yosys/cells.lib 
ABC: Parsing finished successfully.  Parsing time =     0.00 sec
ABC: Warning: Templates are not defined.
ABC: Liberty parser cannot read "time_unit".  Assuming   time_unit : "1ns".
ABC: Liberty parser cannot read "capacitive_load_unit". Assuming   capacitive_load_unit(1, pf).
ABC: Scl_LibertyReadGenlib() skipped cell "bibuf" without logic function.
ABC: Scl_LibertyReadGenlib() skipped cell "TRI" without logic function.
ABC: Scl_LibertyReadGenlib() skipped sequential cell "DFFEARS".
ABC: Scl_LibertyReadGenlib() skipped sequential cell "DFF".
ABC: Scl_LibertyReadGenlib() skipped sequential cell "DFFE".
ABC: Scl_LibertyReadGenlib() skipped sequential cell "DFFAR".
ABC: Scl_LibertyReadGenlib() skipped sequential cell "DFFAS".
ABC: Scl_LibertyReadGenlib() skipped sequential cell "DFFARS".
ABC: Scl_LibertyReadGenlib() skipped sequential cell "LATCH".
ABC: Library "atf15xx" from "/Users/grantham/trees/atf15xx_yosys/cells.lib" has 93 cells (9 skipped: 7 seq; 0 tri-state; 2 no func; 0 dont_use; 0 with 2 outputs; 0 with 3+ outputs).  Time =     0.00 sec
ABC: Memory =    0.17 MB. Time =     0.00 sec
ABC: + strash 
ABC: + &get -n 
ABC: + &fraig -x 
ABC: + &put 
ABC: + scorr 
ABC: Warning: The network is combinational (run "fraig" or "fraig_sweep").
ABC: + dc2 
ABC: + dretime 
ABC: + strash 
ABC: + &get -n 
ABC: + &dch -f 
ABC: + &nf 
ABC: + &put 
ABC: + write_blif <abc-temp-dir>/output.blif 

14.1.2. Re-integrating ABC results.
ABC RESULTS:              AND2 cells:       72
ABC RESULTS:            AND2I1 cells:       21
ABC RESULTS:            AND2I2 cells:       25
ABC RESULTS:              AND3 cells:       11
ABC RESULTS:            AND3I1 cells:        2
ABC RESULTS:            AND3I2 cells:        1
ABC RESULTS:            AND3I3 cells:       11
ABC RESULTS:              AND4 cells:        3
ABC RESULTS:            AND4I1 cells:        2
ABC RESULTS:            AND4I2 cells:        1
ABC RESULTS:            AND4I4 cells:        2
ABC RESULTS:              AND5 cells:        1
ABC RESULTS:               INV cells:      114
ABC RESULTS:              MUX2 cells:       14
ABC RESULTS:             NAND2 cells:      161
ABC RESULTS:           NAND2I1 cells:       53
ABC RESULTS:           NAND2I2 cells:       30
ABC RESULTS:             NAND3 cells:       29
ABC RESULTS:           NAND3I1 cells:       12
ABC RESULTS:           NAND3I2 cells:        5
ABC RESULTS:           NAND3I3 cells:        7
ABC RESULTS:             NAND4 cells:        2
ABC RESULTS:           NAND4I3 cells:        1
ABC RESULTS:           NAND4I4 cells:        1
ABC RESULTS:             NAND5 cells:        2
ABC RESULTS:            NOR2I1 cells:        1
ABC RESULTS:              NOR5 cells:        1
ABC RESULTS:             OR2I1 cells:       17
ABC RESULTS:             OR3I2 cells:        1
ABC RESULTS:               OR5 cells:        1
ABC RESULTS:               OR6 cells:        1
ABC RESULTS:             XNOR2 cells:       14
ABC RESULTS:        internal signals:      378
ABC RESULTS:           input signals:      149
ABC RESULTS:          output signals:      222
Removing temp directory.
Removing global temp directory.

yosys> stat

15. Printing statistics.

=== Pixel ===

        +----------Local Count, excluding submodules.
        | 
     1361 wires
     1763 wire bits
       53 public wires
      161 public wire bits
       14 ports
       45 port bits
      730 cells
       72   AND2
       21   AND2I1
       25   AND2I2
       11   AND3
        2   AND3I1
        1   AND3I2
       11   AND3I3
        3   AND4
        2   AND4I1
        1   AND4I2
        2   AND4I4
        1   AND5
       79   DFFAR
       32   DFFAS
      114   INV
       14   MUX2
      161   NAND2
       53   NAND2I1
       30   NAND2I2
       29   NAND3
       12   NAND3I1
        5   NAND3I2
        7   NAND3I3
        2   NAND4
        1   NAND4I3
        1   NAND4I4
        2   NAND5
        1   NOR2I1
        1   NOR5
       17   OR2I1
        1   OR3I2
        1   OR5
        1   OR6
       14   XNOR2


yosys> #hilomap -hicell VCC X -locell GND X

yosys> #stat

yosys> iopadmap -bits -inpad INBUF Q:A -outpad BUF A:Q -toutpad TRI ENA:A:Q -tinoutpad bibuf EN:Q:A:PAD
16. Executing IOPADMAP pass (mapping inputs/outputs to IO-PAD cells).
Mapping port Pixel.VGA_VSYNC using BUF.
Mapping port Pixel.VGA_HSYNC using BUF.
Mapping port Pixel.nRS using BUF.
Mapping port Pixel.H_ACTIVE using BUF.
Mapping port Pixel.RGB_OUT using BUF.
Mapping port Pixel.set_pix_commit using INBUF.
Mapping port Pixel.set_pix_target using INBUF.
Mapping port Pixel.set_pix_valid using INBUF.
Mapping port Pixel.VIDCMD_Q using INBUF.
Mapping port Pixel.nPIXELS_RE_ODD using BUF.
Mapping port Pixel.nPIXELS_RE_EVEN using BUF.
Mapping port Pixel.PIXELS_Q using INBUF.
Mapping port Pixel.nRESET using INBUF.
Mapping port Pixel.PIXEL_CLK using INBUF.

yosys> stat

17. Printing statistics.

=== Pixel ===

        +----------Local Count, excluding submodules.
        | 
     1375 wires
     1808 wire bits
       53 public wires
      161 public wire bits
       14 ports
       45 port bits
      775 cells
       72   AND2
       21   AND2I1
       25   AND2I2
       11   AND3
        2   AND3I1
        1   AND3I2
       11   AND3I3
        3   AND4
        2   AND4I1
        1   AND4I2
        2   AND4I4
        1   AND5
       18   BUF
       79   DFFAR
       32   DFFAS
       27   INBUF
      114   INV
       14   MUX2
      161   NAND2
       53   NAND2I1
       30   NAND2I2
       29   NAND3
       12   NAND3I1
        5   NAND3I2
        7   NAND3I3
        2   NAND4
        1   NAND4I3
        1   NAND4I4
        2   NAND5
        1   NOR2I1
        1   NOR5
       17   OR2I1
        1   OR3I2
        1   OR5
        1   OR6
       14   XNOR2


yosys> clean
Removed 0 unused cells and 604 unused wires.

yosys> stat

18. Printing statistics.

=== Pixel ===

        +----------Local Count, excluding submodules.
        | 
      771 wires
      962 wire bits
       37 public wires
      145 public wire bits
       14 ports
       45 port bits
      775 cells
       72   AND2
       21   AND2I1
       25   AND2I2
       11   AND3
        2   AND3I1
        1   AND3I2
       11   AND3I3
        3   AND4
        2   AND4I1
        1   AND4I2
        2   AND4I4
        1   AND5
       18   BUF
       79   DFFAR
       32   DFFAS
       27   INBUF
      114   INV
       14   MUX2
      161   NAND2
       53   NAND2I1
       30   NAND2I2
       29   NAND3
       12   NAND3I1
        5   NAND3I2
        7   NAND3I3
        2   NAND4
        1   NAND4I3
        1   NAND4I4
        2   NAND5
        1   NOR2I1
        1   NOR5
       17   OR2I1
        1   OR3I2
        1   OR5
        1   OR6
       14   XNOR2


yosys> hierarchy
19. Executing HIERARCHY pass (managing design hierarchy).
Attribute `top' found on module `Pixel'. Setting top module to Pixel.

19.1. Analyzing design hierarchy..
Top module:  \Pixel

19.2. Analyzing design hierarchy..
Top module:  \Pixel
Removed 0 unused modules.

yosys> stat

20. Printing statistics.

=== Pixel ===

        +----------Local Count, excluding submodules.
        | 
      771 wires
      962 wire bits
       37 public wires
      145 public wire bits
       14 ports
       45 port bits
      775 cells
       72   AND2
       21   AND2I1
       25   AND2I2
       11   AND3
        2   AND3I1
        1   AND3I2
       11   AND3I3
        3   AND4
        2   AND4I1
        1   AND4I2
        2   AND4I4
        1   AND5
       18   BUF
       79   DFFAR
       32   DFFAS
       27   INBUF
      114   INV
       14   MUX2
      161   NAND2
       53   NAND2I1
       30   NAND2I2
       29   NAND3
       12   NAND3I1
        5   NAND3I2
        7   NAND3I3
        2   NAND4
        1   NAND4I3
        1   NAND4I4
        2   NAND5
        1   NOR2I1
        1   NOR5
       17   OR2I1
        1   OR3I2
        1   OR5
        1   OR6
       14   XNOR2


yosys> splitnets -format _
21. Executing SPLITNETS pass (splitting up multi-bit signals).

yosys> rename -wire -suffix _reg t:*DFF*

yosys> rename -wire -suffix _comb

yosys> #write_edif -attrprop pixel.edif

yosys> delete t:$scopeinfo

yosys> write_edif -lsbidx pixel.edif

22. Executing EDIF backend.

yosys> exit

End of script. Logfile hash: a5d8b7afeb, CPU: user 0.13s system 0.02s, MEM: 31.03 MB peak
Yosys 0.62+117 (git sha1 1d3f9b790-dirty, aarch64-apple-darwin23.5-clang++ 18.1.8 -fPIC -O3)
Time spent: 60% 1x abc (0 sec), 7% 29x opt_expr (0 sec), ...
+ '[' -lsbidx = '' ']'
