++ dirname /Users/grantham/trees/atf15xx_yosys/run_yosys.sh
+ export ROOT=/Users/grantham/trees/atf15xx_yosys
+ ROOT=/Users/grantham/trees/atf15xx_yosys
+ NAME=timing
+ shift
++ yosys --version
++ cut '-d ' -f2
+ VERSION=0.62+117
+ '[' 0.62+117 '>' 0.30+20 ']'
+ LSBIDX=-lsbidx
+ yosys

 /----------------------------------------------------------------------------\
 |  yosys -- Yosys Open SYnthesis Suite                                       |
 |  Copyright (C) 2012 - 2026  Claire Xenia Wolf <claire@yosyshq.com>         |
 |  Distributed under an ISC-like license, type "license" to see terms        |
 \----------------------------------------------------------------------------/
 Yosys 0.62+117 (git sha1 1d3f9b790-dirty, aarch64-apple-darwin23.5-clang++ 18.1.8 -fPIC -O3)

yosys> read_liberty -lib /Users/grantham/trees/atf15xx_yosys/cells.lib

1. Executing Liberty frontend: /Users/grantham/trees/atf15xx_yosys/cells.lib
Imported 102 cell types from liberty file.

yosys> read_verilog timing.v

2. Executing Verilog-2005 frontend: timing.v
Parsing Verilog input from `timing.v' to AST representation.
Generating RTLIL representation for module `\Timing'.
Successfully finished Verilog frontend.

yosys> stat

3. Printing statistics.

=== Timing ===

        +----------Local Count, excluding submodules.
        | 
       56 wires
      110 wire bits
       19 public wires
       37 public wire bits
        9 ports
        9 port bits
        2 processes
       27 cells
        2   $add
        6   $and
        6   $eq
        2   $ge
        6   $lt
        4   $not
        1   $or


yosys> tribuf
4. Executing TRIBUF pass.

yosys> stat

5. Printing statistics.

=== Timing ===

        +----------Local Count, excluding submodules.
        | 
       56 wires
      110 wire bits
       19 public wires
       37 public wire bits
        9 ports
        9 port bits
        2 processes
       27 cells
        2   $add
        6   $and
        6   $eq
        2   $ge
        6   $lt
        4   $not
        1   $or


yosys> synth -flatten -noabc -auto-top
6. Executing SYNTH pass.

6.1. Executing HIERARCHY pass (managing design hierarchy).

6.1.1. Finding top of design hierarchy..
root of   0 design levels: Timing              
Automatically selected Timing as design top module.

6.1.2. Analyzing design hierarchy..
Top module:  \Timing

6.1.3. Analyzing design hierarchy..
Top module:  \Timing
Removed 0 unused modules.

6.2. Executing PROC pass (convert processes to netlists).

6.2.1. Executing PROC_CLEAN pass (remove empty switches from decision trees).
Cleaned up 0 empty switches.

6.2.2. Executing PROC_RMDEAD pass (remove dead branches from decision trees).
Marked 1 switch rules as full_case in process $proc$timing.v:109$22 in module Timing.
Marked 3 switch rules as full_case in process $proc$timing.v:67$2 in module Timing.
Removed a total of 0 dead cases.

6.2.3. Executing PROC_PRUNE pass (remove redundant assignments in processes).
Removed 9 redundant assignments.
Promoted 0 assignments to connections.

6.2.4. Executing PROC_INIT pass (extract init attributes).

6.2.5. Executing PROC_ARST pass (detect async resets in processes).
Found async reset \RESET in `\Timing.$proc$timing.v:109$22'.
Found async reset \RESET in `\Timing.$proc$timing.v:67$2'.

6.2.6. Executing PROC_ROM pass (convert switches to ROMs).
Converted 0 switches.
<suppressed ~2 debug messages>

6.2.7. Executing PROC_MUX pass (convert decision trees to multiplexers).
Creating decoders for process `\Timing.$proc$timing.v:109$22'.
     1/7: $0\H_ACTIVE[0:0]
     2/7: $0\PIX_LAST[0:0]
     3/7: $0\PIX_PRELOAD[0:0]
     4/7: $0\PIX_CONSUME[0:0]
     5/7: $0\nRS[0:0]
     6/7: $0\VGA_VSYNC[0:0]
     7/7: $0\VGA_HSYNC[0:0]
Creating decoders for process `\Timing.$proc$timing.v:67$2'.
     1/3: $0\h_cnt[9:0]
     2/3: $0\h_last[0:0]
     3/3: $0\v_cnt[9:0]

6.2.8. Executing PROC_DLATCH pass (convert process syncs to latches).

6.2.9. Executing PROC_DFF pass (convert process syncs to FFs).
Creating register for signal `\Timing.\VGA_HSYNC' using process `\Timing.$proc$timing.v:109$22'.
  created $adff cell `$procdff$41' with positive edge clock and positive level reset.
Creating register for signal `\Timing.\VGA_VSYNC' using process `\Timing.$proc$timing.v:109$22'.
  created $adff cell `$procdff$44' with positive edge clock and positive level reset.
Creating register for signal `\Timing.\nRS' using process `\Timing.$proc$timing.v:109$22'.
  created $adff cell `$procdff$47' with positive edge clock and positive level reset.
Creating register for signal `\Timing.\H_ACTIVE' using process `\Timing.$proc$timing.v:109$22'.
  created $adff cell `$procdff$50' with positive edge clock and positive level reset.
Creating register for signal `\Timing.\PIX_CONSUME' using process `\Timing.$proc$timing.v:109$22'.
  created $adff cell `$procdff$53' with positive edge clock and positive level reset.
Creating register for signal `\Timing.\PIX_PRELOAD' using process `\Timing.$proc$timing.v:109$22'.
  created $adff cell `$procdff$56' with positive edge clock and positive level reset.
Creating register for signal `\Timing.\PIX_LAST' using process `\Timing.$proc$timing.v:109$22'.
  created $adff cell `$procdff$59' with positive edge clock and positive level reset.
Creating register for signal `\Timing.\h_cnt' using process `\Timing.$proc$timing.v:67$2'.
  created $adff cell `$procdff$62' with positive edge clock and positive level reset.
Creating register for signal `\Timing.\v_cnt' using process `\Timing.$proc$timing.v:67$2'.
  created $adff cell `$procdff$65' with positive edge clock and positive level reset.
Creating register for signal `\Timing.\h_last' using process `\Timing.$proc$timing.v:67$2'.
  created $adff cell `$procdff$68' with positive edge clock and positive level reset.

6.2.10. Executing PROC_MEMWR pass (convert process memory writes to cells).

6.2.11. Executing PROC_CLEAN pass (remove empty switches from decision trees).
Removing empty process `Timing.$proc$timing.v:109$22'.
Found and cleaned up 2 empty switches in `\Timing.$proc$timing.v:67$2'.
Removing empty process `Timing.$proc$timing.v:67$2'.
Cleaned up 2 empty switches.

6.2.12. Executing OPT_EXPR pass (perform const folding).
Optimizing module Timing.
<suppressed ~20 debug messages>

6.3. Executing FLATTEN pass (flatten design).

6.4. Executing OPT_EXPR pass (perform const folding).
Optimizing module Timing.

6.5. Executing OPT_CLEAN pass (remove unused cells and wires).
Finding unused cells or wires in module \Timing..
Removed 1 unused cells and 31 unused wires.
<suppressed ~3 debug messages>

6.6. Executing CHECK pass (checking for obvious problems).
Checking module Timing...
Found and reported 0 problems.

6.7. Executing OPT pass (performing simple optimizations).

6.7.1. Executing OPT_EXPR pass (perform const folding).
Optimizing module Timing.

6.7.2. Executing OPT_MERGE pass (detect identical cells).
Finding identical cells in module `\Timing'.
Computing hashes of 39 cells of `\Timing'.
Finding duplicate cells in `\Timing'.
Computing hashes of 38 cells of `\Timing'.
Finding duplicate cells in `\Timing'.
<suppressed ~3 debug messages>
Removed a total of 1 cells.

6.7.3. Executing OPT_MUXTREE pass (detect dead branches in mux trees).
Running muxtree optimizer on module \Timing..
  Creating internal representation of mux trees.
  Evaluating internal representation of mux trees.
  Analyzing evaluation results.
Removed 0 multiplexer ports.
<suppressed ~5 debug messages>

6.7.4. Executing OPT_REDUCE pass (consolidate $*mux and $reduce_* inputs).
  Optimizing cells in module \Timing.
Performed a total of 0 changes.

6.7.5. Executing OPT_MERGE pass (detect identical cells).
Finding identical cells in module `\Timing'.
Computing hashes of 38 cells of `\Timing'.
Finding duplicate cells in `\Timing'.
Removed a total of 0 cells.

6.7.6. Executing OPT_DFF pass (perform DFF optimizations).

6.7.7. Executing OPT_CLEAN pass (remove unused cells and wires).
Finding unused cells or wires in module \Timing..
Removed 0 unused cells and 1 unused wires.
<suppressed ~1 debug messages>

6.7.8. Executing OPT_EXPR pass (perform const folding).
Optimizing module Timing.

6.7.9. Rerunning OPT passes. (Maybe there is more to do..)

6.7.10. Executing OPT_MUXTREE pass (detect dead branches in mux trees).
Running muxtree optimizer on module \Timing..
  Creating internal representation of mux trees.
  Evaluating internal representation of mux trees.
  Analyzing evaluation results.
Removed 0 multiplexer ports.
<suppressed ~5 debug messages>

6.7.11. Executing OPT_REDUCE pass (consolidate $*mux and $reduce_* inputs).
  Optimizing cells in module \Timing.
Performed a total of 0 changes.

6.7.12. Executing OPT_MERGE pass (detect identical cells).
Finding identical cells in module `\Timing'.
Computing hashes of 38 cells of `\Timing'.
Finding duplicate cells in `\Timing'.
Removed a total of 0 cells.

6.7.13. Executing OPT_DFF pass (perform DFF optimizations).

6.7.14. Executing OPT_CLEAN pass (remove unused cells and wires).
Finding unused cells or wires in module \Timing..

6.7.15. Executing OPT_EXPR pass (perform const folding).
Optimizing module Timing.

6.7.16. Finished fast OPT passes. (There is nothing left to do.)

6.8. Executing FSM pass (extract and optimize FSM).

6.8.1. Executing FSM_DETECT pass (finding FSMs in design).

6.8.2. Executing FSM_EXTRACT pass (extracting FSM from design).

6.8.3. Executing FSM_OPT pass (simple optimizations of FSMs).

6.8.4. Executing OPT_CLEAN pass (remove unused cells and wires).
Finding unused cells or wires in module \Timing..

6.8.5. Executing FSM_OPT pass (simple optimizations of FSMs).

6.8.6. Executing FSM_RECODE pass (re-assigning FSM state encoding).

6.8.7. Executing FSM_INFO pass (dumping all available information on FSM cells).

6.8.8. Executing FSM_MAP pass (mapping FSMs to basic logic).

6.9. Executing OPT pass (performing simple optimizations).

6.9.1. Executing OPT_EXPR pass (perform const folding).
Optimizing module Timing.

6.9.2. Executing OPT_MERGE pass (detect identical cells).
Finding identical cells in module `\Timing'.
Computing hashes of 38 cells of `\Timing'.
Finding duplicate cells in `\Timing'.
Removed a total of 0 cells.

6.9.3. Executing OPT_MUXTREE pass (detect dead branches in mux trees).
Running muxtree optimizer on module \Timing..
  Creating internal representation of mux trees.
  Evaluating internal representation of mux trees.
  Analyzing evaluation results.
Removed 0 multiplexer ports.
<suppressed ~5 debug messages>

6.9.4. Executing OPT_REDUCE pass (consolidate $*mux and $reduce_* inputs).
  Optimizing cells in module \Timing.
Performed a total of 0 changes.

6.9.5. Executing OPT_MERGE pass (detect identical cells).
Finding identical cells in module `\Timing'.
Computing hashes of 38 cells of `\Timing'.
Finding duplicate cells in `\Timing'.
Removed a total of 0 cells.

6.9.6. Executing OPT_DFF pass (perform DFF optimizations).
Adding EN signal on $procdff$65 ($adff) from module Timing (D = $procmux$35_Y, Q = \v_cnt).

6.9.7. Executing OPT_CLEAN pass (remove unused cells and wires).
Finding unused cells or wires in module \Timing..
Removed 1 unused cells and 1 unused wires.
<suppressed ~2 debug messages>

6.9.8. Executing OPT_EXPR pass (perform const folding).
Optimizing module Timing.

6.9.9. Rerunning OPT passes. (Maybe there is more to do..)

6.9.10. Executing OPT_MUXTREE pass (detect dead branches in mux trees).
Running muxtree optimizer on module \Timing..
  Creating internal representation of mux trees.
  Evaluating internal representation of mux trees.
  Analyzing evaluation results.
Removed 0 multiplexer ports.
<suppressed ~4 debug messages>

6.9.11. Executing OPT_REDUCE pass (consolidate $*mux and $reduce_* inputs).
  Optimizing cells in module \Timing.
Performed a total of 0 changes.

6.9.12. Executing OPT_MERGE pass (detect identical cells).
Finding identical cells in module `\Timing'.
Computing hashes of 37 cells of `\Timing'.
Finding duplicate cells in `\Timing'.
Removed a total of 0 cells.

6.9.13. Executing OPT_DFF pass (perform DFF optimizations).

6.9.14. Executing OPT_CLEAN pass (remove unused cells and wires).
Finding unused cells or wires in module \Timing..

6.9.15. Executing OPT_EXPR pass (perform const folding).
Optimizing module Timing.

6.9.16. Finished fast OPT passes. (There is nothing left to do.)

6.10. Executing WREDUCE pass (reducing word size of cells).
Removed top 9 bits (of 10) from port B of cell Timing.$add$timing.v:89$5 ($add).
Removed top 9 bits (of 10) from port B of cell Timing.$add$timing.v:94$6 ($add).
Removed top 1 bits (of 10) from port B of cell Timing.$lt$timing.v:99$7 ($lt).
Removed top 1 bits (of 10) from port B of cell Timing.$lt$timing.v:101$10 ($lt).
Removed top 1 bits (of 10) from port B of cell Timing.$ge$timing.v:105$16 ($ge).
Removed top 1 bits (of 10) from port B of cell Timing.$lt$timing.v:105$17 ($lt).
Removed top 1 bits (of 10) from port B of cell Timing.$eq$timing.v:107$19 ($eq).
Removed top 6 bits (of 10) from port B of cell Timing.$lt$timing.v:107$20 ($lt).

6.11. Executing PEEPOPT pass (run peephole optimizers).

6.12. Executing OPT_CLEAN pass (remove unused cells and wires).
Finding unused cells or wires in module \Timing..

6.13. Executing ALUMACC pass (create $alu and $macc cells).
Extracting $alu and $macc cells in module Timing:
  creating $macc model for $add$timing.v:94$6 ($add).
  creating $macc model for $add$timing.v:89$5 ($add).
  creating $alu model for $macc $add$timing.v:89$5.
  creating $alu model for $macc $add$timing.v:94$6.
  creating $alu model for $lt$timing.v:107$20 ($lt): new $alu
  creating $alu model for $lt$timing.v:105$17 ($lt): new $alu
  creating $alu model for $ge$timing.v:105$16 ($ge): new $alu
  creating $alu model for $lt$timing.v:104$14 ($lt): new $alu
  creating $alu model for $ge$timing.v:103$13 ($ge): new $alu
  creating $alu model for $lt$timing.v:101$10 ($lt): new $alu
  creating $alu model for $lt$timing.v:100$8 ($lt): new $alu
  creating $alu model for $lt$timing.v:99$7 ($lt): new $alu
  creating $alu model for $eq$timing.v:107$19 ($eq): merged with $ge$timing.v:105$16.
  creating $alu cell for $lt$timing.v:99$7: $auto$alumacc.cc:512:replace_alu$78
  creating $alu cell for $lt$timing.v:100$8: $auto$alumacc.cc:512:replace_alu$83
  creating $alu cell for $lt$timing.v:101$10: $auto$alumacc.cc:512:replace_alu$88
  creating $alu cell for $ge$timing.v:103$13: $auto$alumacc.cc:512:replace_alu$93
  creating $alu cell for $lt$timing.v:104$14: $auto$alumacc.cc:512:replace_alu$106
  creating $alu cell for $ge$timing.v:105$16, $eq$timing.v:107$19: $auto$alumacc.cc:512:replace_alu$111
  creating $alu cell for $lt$timing.v:105$17: $auto$alumacc.cc:512:replace_alu$124
  creating $alu cell for $lt$timing.v:107$20: $auto$alumacc.cc:512:replace_alu$129
  creating $alu cell for $add$timing.v:94$6: $auto$alumacc.cc:512:replace_alu$134
  creating $alu cell for $add$timing.v:89$5: $auto$alumacc.cc:512:replace_alu$137
  created 10 $alu and 0 $macc cells.

6.14. Executing SHARE pass (SAT-based resource sharing).

6.15. Executing OPT pass (performing simple optimizations).

6.15.1. Executing OPT_EXPR pass (perform const folding).
Optimizing module Timing.

6.15.2. Executing OPT_MERGE pass (detect identical cells).
Finding identical cells in module `\Timing'.
Computing hashes of 52 cells of `\Timing'.
Finding duplicate cells in `\Timing'.
Removed a total of 0 cells.

6.15.3. Executing OPT_MUXTREE pass (detect dead branches in mux trees).
Running muxtree optimizer on module \Timing..
  Creating internal representation of mux trees.
  Evaluating internal representation of mux trees.
  Analyzing evaluation results.
Removed 0 multiplexer ports.
<suppressed ~4 debug messages>

6.15.4. Executing OPT_REDUCE pass (consolidate $*mux and $reduce_* inputs).
  Optimizing cells in module \Timing.
Performed a total of 0 changes.

6.15.5. Executing OPT_MERGE pass (detect identical cells).
Finding identical cells in module `\Timing'.
Computing hashes of 52 cells of `\Timing'.
Finding duplicate cells in `\Timing'.
Removed a total of 0 cells.

6.15.6. Executing OPT_DFF pass (perform DFF optimizations).

6.15.7. Executing OPT_CLEAN pass (remove unused cells and wires).
Finding unused cells or wires in module \Timing..
Removed 0 unused cells and 9 unused wires.
<suppressed ~1 debug messages>

6.15.8. Executing OPT_EXPR pass (perform const folding).
Optimizing module Timing.

6.15.9. Rerunning OPT passes. (Maybe there is more to do..)

6.15.10. Executing OPT_MUXTREE pass (detect dead branches in mux trees).
Running muxtree optimizer on module \Timing..
  Creating internal representation of mux trees.
  Evaluating internal representation of mux trees.
  Analyzing evaluation results.
Removed 0 multiplexer ports.
<suppressed ~4 debug messages>

6.15.11. Executing OPT_REDUCE pass (consolidate $*mux and $reduce_* inputs).
  Optimizing cells in module \Timing.
Performed a total of 0 changes.

6.15.12. Executing OPT_MERGE pass (detect identical cells).
Finding identical cells in module `\Timing'.
Computing hashes of 52 cells of `\Timing'.
Finding duplicate cells in `\Timing'.
Removed a total of 0 cells.

6.15.13. Executing OPT_DFF pass (perform DFF optimizations).

6.15.14. Executing OPT_CLEAN pass (remove unused cells and wires).
Finding unused cells or wires in module \Timing..

6.15.15. Executing OPT_EXPR pass (perform const folding).
Optimizing module Timing.

6.15.16. Finished fast OPT passes. (There is nothing left to do.)

6.16. Executing MEMORY pass.

6.16.1. Executing OPT_MEM pass (optimize memories).
Performed a total of 0 transformations.

6.16.2. Executing OPT_MEM_PRIORITY pass (removing unnecessary memory write priority relations).
Performed a total of 0 transformations.

6.16.3. Executing OPT_MEM_FEEDBACK pass (finding memory read-to-write feedback paths).

6.16.4. Executing MEMORY_BMUX2ROM pass (converting muxes to ROMs).

6.16.5. Executing MEMORY_DFF pass (merging $dff cells to $memrd).

6.16.6. Executing OPT_CLEAN pass (remove unused cells and wires).
Finding unused cells or wires in module \Timing..

6.16.7. Executing MEMORY_SHARE pass (consolidating $memrd/$memwr cells).

6.16.8. Executing OPT_MEM_WIDEN pass (optimize memories where all ports are wide).
Performed a total of 0 transformations.

6.16.9. Executing OPT_CLEAN pass (remove unused cells and wires).
Finding unused cells or wires in module \Timing..

6.16.10. Executing MEMORY_COLLECT pass (generating $mem cells).

6.17. Executing OPT_CLEAN pass (remove unused cells and wires).
Finding unused cells or wires in module \Timing..

6.18. Executing OPT pass (performing simple optimizations).

6.18.1. Executing OPT_EXPR pass (perform const folding).
Optimizing module Timing.
<suppressed ~7 debug messages>

6.18.2. Executing OPT_MERGE pass (detect identical cells).
Finding identical cells in module `\Timing'.
Computing hashes of 74 cells of `\Timing'.
Finding duplicate cells in `\Timing'.
Computing hashes of 64 cells of `\Timing'.
Finding duplicate cells in `\Timing'.
<suppressed ~30 debug messages>
Removed a total of 10 cells.

6.18.3. Executing OPT_DFF pass (perform DFF optimizations).

6.18.4. Executing OPT_CLEAN pass (remove unused cells and wires).
Finding unused cells or wires in module \Timing..
Removed 9 unused cells and 22 unused wires.
<suppressed ~10 debug messages>

6.18.5. Finished fast OPT passes.

6.19. Executing MEMORY_MAP pass (converting memories to logic and flip-flops).

6.20. Executing OPT pass (performing simple optimizations).

6.20.1. Executing OPT_EXPR pass (perform const folding).
Optimizing module Timing.

6.20.2. Executing OPT_MERGE pass (detect identical cells).
Finding identical cells in module `\Timing'.
Computing hashes of 55 cells of `\Timing'.
Finding duplicate cells in `\Timing'.
Removed a total of 0 cells.

6.20.3. Executing OPT_MUXTREE pass (detect dead branches in mux trees).
Running muxtree optimizer on module \Timing..
  Creating internal representation of mux trees.
  Evaluating internal representation of mux trees.
  Analyzing evaluation results.
Removed 0 multiplexer ports.
<suppressed ~4 debug messages>

6.20.4. Executing OPT_REDUCE pass (consolidate $*mux and $reduce_* inputs).
  Optimizing cells in module \Timing.
Performed a total of 0 changes.

6.20.5. Executing OPT_MERGE pass (detect identical cells).
Finding identical cells in module `\Timing'.
Computing hashes of 55 cells of `\Timing'.
Finding duplicate cells in `\Timing'.
Removed a total of 0 cells.

6.20.6. Executing OPT_SHARE pass.

6.20.7. Executing OPT_DFF pass (perform DFF optimizations).

6.20.8. Executing OPT_CLEAN pass (remove unused cells and wires).
Finding unused cells or wires in module \Timing..

6.20.9. Executing OPT_EXPR pass (perform const folding).
Optimizing module Timing.

6.20.10. Finished fast OPT passes. (There is nothing left to do.)

6.21. Executing TECHMAP pass (map to technology primitives).

6.21.1. Executing Verilog-2005 frontend: /Users/grantham/trees/oss-cad-suite/libexec/../share/yosys/techmap.v
Parsing Verilog input from `/Users/grantham/trees/oss-cad-suite/libexec/../share/yosys/techmap.v' to AST representation.
Generating RTLIL representation for module `\_90_simplemap_bool_ops'.
Generating RTLIL representation for module `\_90_simplemap_reduce_ops'.
Generating RTLIL representation for module `\_90_simplemap_logic_ops'.
Generating RTLIL representation for module `\_90_simplemap_compare_ops'.
Generating RTLIL representation for module `\_90_simplemap_various'.
Generating RTLIL representation for module `\_90_simplemap_registers'.
Generating RTLIL representation for module `\_90_shift_ops_shr_shl_sshl_sshr'.
Generating RTLIL representation for module `\_90_shift_shiftx'.
Generating RTLIL representation for module `\_90_fa'.
Generating RTLIL representation for module `\_90_lcu_brent_kung'.
Generating RTLIL representation for module `\_90_alu'.
Generating RTLIL representation for module `\_90_macc'.
Generating RTLIL representation for module `\_90_alumacc'.
Generating RTLIL representation for module `$__div_mod_u'.
Generating RTLIL representation for module `$__div_mod_trunc'.
Generating RTLIL representation for module `\_90_div'.
Generating RTLIL representation for module `\_90_mod'.
Generating RTLIL representation for module `$__div_mod_floor'.
Generating RTLIL representation for module `\_90_divfloor'.
Generating RTLIL representation for module `\_90_modfloor'.
Generating RTLIL representation for module `\_90_pow'.
Generating RTLIL representation for module `\_90_pmux'.
Generating RTLIL representation for module `\_90_demux'.
Generating RTLIL representation for module `\_90_lut'.
Generating RTLIL representation for module `$connect'.
Generating RTLIL representation for module `$input_port'.
Successfully finished Verilog frontend.

6.21.2. Continuing TECHMAP pass.
Using extmapper simplemap for cells of type $not.
Using template $paramod$754650b284649a026620fc6856e5b6886cbfe794\_90_alu for cells of type $alu.
Using template $paramod$10ed987432f06055e5279101f9ec60a49861b43c\_90_alu for cells of type $alu.
Using template $paramod$befd47b1c77b68561d11d0cb61a0fae29b79f34c\_90_alu for cells of type $alu.
Using extmapper simplemap for cells of type $reduce_or.
Using extmapper simplemap for cells of type $or.
Using extmapper simplemap for cells of type $reduce_and.
Using template $paramod$cd54e322aa4265ca236096fe4bb634aaec4e39b4\_90_alu for cells of type $alu.
Using template $paramod$a1bc51c02ce12ac21eb18988e83292af48ed7d72\_90_alu for cells of type $alu.
Using template $paramod$84080732754e0a1b49900de9a1f112a13f8436c0\_90_alu for cells of type $alu.
Using template $paramod$78e969f2586efcf3a5b0b0440bcca0db83d5cca2\_90_alu for cells of type $alu.
Using template $paramod$dad13a281fa6a9ffd6dd427a87dc9a952e80e9ea\_90_alu for cells of type $alu.
Using extmapper simplemap for cells of type $adffe.
Using extmapper simplemap for cells of type $eq.
Using extmapper simplemap for cells of type $and.
Using extmapper simplemap for cells of type $mux.
Using extmapper simplemap for cells of type $adff.
Using extmapper simplemap for cells of type $xor.
Using template $paramod\_90_fa\WIDTH=32'00000000000000000000000000001010 for cells of type $fa.
Using template $paramod\_90_lcu_brent_kung\WIDTH=32'00000000000000000000000000001010 for cells of type $lcu.
Using extmapper simplemap for cells of type $pos.
Using template $paramod\_90_fa\WIDTH=32'00000000000000000000000000000111 for cells of type $fa.
Using template $paramod\_90_lcu_brent_kung\WIDTH=32'00000000000000000000000000000111 for cells of type $lcu.
Using template $paramod\_90_fa\WIDTH=32'00000000000000000000000000001000 for cells of type $fa.
Using template $paramod\_90_lcu_brent_kung\WIDTH=32'00000000000000000000000000001000 for cells of type $lcu.
Using template $paramod\_90_fa\WIDTH=32'00000000000000000000000000001001 for cells of type $fa.
Using template $paramod\_90_lcu_brent_kung\WIDTH=32'00000000000000000000000000001001 for cells of type $lcu.
Using template $paramod\_90_fa\WIDTH=32'00000000000000000000000000000011 for cells of type $fa.
Using template $paramod\_90_lcu_brent_kung\WIDTH=32'00000000000000000000000000000011 for cells of type $lcu.
Using template $paramod\_90_fa\WIDTH=32'00000000000000000000000000000101 for cells of type $fa.
Using template $paramod\_90_lcu_brent_kung\WIDTH=32'00000000000000000000000000000101 for cells of type $lcu.
No more expansions possible.
<suppressed ~1412 debug messages>

6.22. Executing OPT pass (performing simple optimizations).

6.22.1. Executing OPT_EXPR pass (perform const folding).
Optimizing module Timing.
<suppressed ~712 debug messages>

6.22.2. Executing OPT_MERGE pass (detect identical cells).
Finding identical cells in module `\Timing'.
Computing hashes of 405 cells of `\Timing'.
Finding duplicate cells in `\Timing'.
Computing hashes of 334 cells of `\Timing'.
Finding duplicate cells in `\Timing'.
Computing hashes of 321 cells of `\Timing'.
Finding duplicate cells in `\Timing'.
Computing hashes of 314 cells of `\Timing'.
Finding duplicate cells in `\Timing'.
Computing hashes of 312 cells of `\Timing'.
Finding duplicate cells in `\Timing'.
<suppressed ~279 debug messages>
Removed a total of 93 cells.

6.22.3. Executing OPT_DFF pass (perform DFF optimizations).

6.22.4. Executing OPT_CLEAN pass (remove unused cells and wires).
Finding unused cells or wires in module \Timing..
Removed 80 unused cells and 603 unused wires.
<suppressed ~81 debug messages>

6.22.5. Finished fast OPT passes.

6.23. Executing HIERARCHY pass (managing design hierarchy).
Attribute `top' found on module `Timing'. Setting top module to Timing.

6.23.1. Analyzing design hierarchy..
Top module:  \Timing

6.23.2. Analyzing design hierarchy..
Top module:  \Timing
Removed 0 unused modules.

6.24. Printing statistics.

=== Timing ===

        +----------Local Count, excluding submodules.
        | 
      122 wires
      331 wire bits
       18 public wires
       36 public wire bits
        9 ports
        9 port bits
      232 cells
       80   $_AND_
       10   $_DFFE_PN0P_
       15   $_DFF_PN0_
        3   $_DFF_PN1_
       20   $_MUX_
       33   $_NOT_
       53   $_OR_
       18   $_XOR_

6.25. Executing CHECK pass (checking for obvious problems).
Checking module Timing...
Found and reported 0 problems.

yosys> stat

7. Printing statistics.

=== Timing ===

        +----------Local Count, excluding submodules.
        | 
      122 wires
      331 wire bits
       18 public wires
       36 public wire bits
        9 ports
        9 port bits
      232 cells
       80   $_AND_
       10   $_DFFE_PN0P_
       15   $_DFF_PN0_
        3   $_DFF_PN1_
       20   $_MUX_
       33   $_NOT_
       53   $_OR_
       18   $_XOR_


yosys> techmap -map /Users/grantham/trees/atf15xx_yosys/techmap.v -D skip_DFFE_XX_
8. Executing TECHMAP pass (map to technology primitives).

8.1. Executing Verilog-2005 frontend: /Users/grantham/trees/atf15xx_yosys/techmap.v
Parsing Verilog input from `/Users/grantham/trees/atf15xx_yosys/techmap.v' to AST representation.
Generating RTLIL representation for module `$_DLATCH_P_'.
Generating RTLIL representation for module `$_DLATCH_N_'.
Generating RTLIL representation for module `$_DLATCH_NN0_'.
Generating RTLIL representation for module `$_DLATCH_NN1_'.
Generating RTLIL representation for module `$_DLATCH_NP0_'.
Generating RTLIL representation for module `$_DLATCH_NP1_'.
Generating RTLIL representation for module `$_DLATCH_PN0_'.
Generating RTLIL representation for module `$_DLATCH_PN1_'.
Generating RTLIL representation for module `$_DLATCH_PP0_'.
Generating RTLIL representation for module `$_DLATCH_PP1_'.
Generating RTLIL representation for module `$_DLATCHSR_NNN_'.
Generating RTLIL representation for module `$_DLATCHSR_NNP_'.
Generating RTLIL representation for module `$_DLATCHSR_NPN_'.
Generating RTLIL representation for module `$_DLATCHSR_NPP_'.
Generating RTLIL representation for module `$_DLATCHSR_PNN_'.
Generating RTLIL representation for module `$_DLATCHSR_PNP_'.
Generating RTLIL representation for module `$_DLATCHSR_PPN_'.
Generating RTLIL representation for module `$_DLATCHSR_PPP_'.
Generating RTLIL representation for module `$_DFFE_NN0P_'.
Generating RTLIL representation for module `$_DFFE_PP1P_'.
Generating RTLIL representation for module `$_DFFSRE_PPPP_'.
Successfully finished Verilog frontend.

8.2. Continuing TECHMAP pass.
No more expansions possible.
<suppressed ~23 debug messages>

yosys> stat

9. Printing statistics.

=== Timing ===

        +----------Local Count, excluding submodules.
        | 
      122 wires
      331 wire bits
       18 public wires
       36 public wire bits
        9 ports
        9 port bits
      232 cells
       80   $_AND_
       10   $_DFFE_PN0P_
       15   $_DFF_PN0_
        3   $_DFF_PN1_
       20   $_MUX_
       33   $_NOT_
       53   $_OR_
       18   $_XOR_


yosys> simplemap
10. Executing SIMPLEMAP pass (map simple cells to gate primitives).

yosys> stat

11. Printing statistics.

=== Timing ===

        +----------Local Count, excluding submodules.
        | 
      122 wires
      331 wire bits
       18 public wires
       36 public wire bits
        9 ports
        9 port bits
      232 cells
       80   $_AND_
       10   $_DFFE_PN0P_
       15   $_DFF_PN0_
        3   $_DFF_PN1_
       20   $_MUX_
       33   $_NOT_
       53   $_OR_
       18   $_XOR_


yosys> dfflibmap -liberty /Users/grantham/trees/atf15xx_yosys/cells.lib
12. Executing DFFLIBMAP pass (mapping DFF cells to sequential cells from liberty file).
  cell DFF (noninv, pins=4, area=600.00) is a direct match for cell type $_DFF_P_.
  cell DFFAR (noninv, pins=5, area=600.00) is a direct match for cell type $_DFF_PP0_.
  cell DFFAS (noninv, pins=5, area=600.00) is a direct match for cell type $_DFF_PP1_.
  cell DFFARS (noninv, pins=6, area=600.00) is a direct match for cell type $_DFFSR_PPP_.
  final dff cell mappings:
    unmapped dff cell: $_DFF_N_
    \DFF _DFF_P_ (.CLK( C), .D( D), .Q( Q), .QN(~Q));
    unmapped dff cell: $_DFF_NN0_
    unmapped dff cell: $_DFF_NN1_
    unmapped dff cell: $_DFF_NP0_
    unmapped dff cell: $_DFF_NP1_
    unmapped dff cell: $_DFF_PN0_
    unmapped dff cell: $_DFF_PN1_
    \DFFAR _DFF_PP0_ (.AR( R), .CLK( C), .D( D), .Q( Q), .QN(~Q));
    \DFFAS _DFF_PP1_ (.AS( R), .CLK( C), .D( D), .Q( Q), .QN(~Q));
    unmapped dff cell: $_DFFE_NN_
    unmapped dff cell: $_DFFE_NP_
    unmapped dff cell: $_DFFE_PN_
    unmapped dff cell: $_DFFE_PP_
    unmapped dff cell: $_DFFSR_NNN_
    unmapped dff cell: $_DFFSR_NNP_
    unmapped dff cell: $_DFFSR_NPN_
    unmapped dff cell: $_DFFSR_NPP_
    unmapped dff cell: $_DFFSR_PNN_
    unmapped dff cell: $_DFFSR_PNP_
    unmapped dff cell: $_DFFSR_PPN_
    \DFFARS _DFFSR_PPP_ (.AR( R), .AS( S), .CLK( C), .D( D), .Q( Q), .QN(~Q));

12.1. Executing DFFLEGALIZE pass (convert FFs to types supported by the target).
Mapping DFF cells in module `\Timing':
  mapped 25 $_DFF_PP0_ cells to \DFFAR cells.
  mapped 3 $_DFF_PP1_ cells to \DFFAS cells.

yosys> stat

13. Printing statistics.

=== Timing ===

        +----------Local Count, excluding submodules.
        | 
      204 wires
      413 wire bits
       18 public wires
       36 public wire bits
        9 ports
        9 port bits
      270 cells
       80   $_AND_
       30   $_MUX_
       61   $_NOT_
       53   $_OR_
       18   $_XOR_
       25   DFFAR
        3   DFFAS


yosys> abc -liberty /Users/grantham/trees/atf15xx_yosys/cells.lib
14. Executing ABC pass (technology mapping using ABC).

14.1. Extracting gate netlist of module `\Timing' to `<abc-temp-dir>/input.blif'..

14.1.1. Executed ABC.
Extracted 242 gates and 281 wires to a netlist network with 38 inputs and 55 outputs.
Running ABC script: <abc-temp-dir>/abc.script
ABC: ======== ABC command line "source <abc-temp-dir>/abc.script"
ABC: + read_blif <abc-temp-dir>/input.blif 
ABC: + read_lib -w /Users/grantham/trees/atf15xx_yosys/cells.lib 
ABC: Parsing finished successfully.  Parsing time =     0.00 sec
ABC: Warning: Templates are not defined.
ABC: Liberty parser cannot read "time_unit".  Assuming   time_unit : "1ns".
ABC: Liberty parser cannot read "capacitive_load_unit". Assuming   capacitive_load_unit(1, pf).
ABC: Scl_LibertyReadGenlib() skipped cell "bibuf" without logic function.
ABC: Scl_LibertyReadGenlib() skipped cell "TRI" without logic function.
ABC: Scl_LibertyReadGenlib() skipped sequential cell "DFFEARS".
ABC: Scl_LibertyReadGenlib() skipped sequential cell "DFF".
ABC: Scl_LibertyReadGenlib() skipped sequential cell "DFFE".
ABC: Scl_LibertyReadGenlib() skipped sequential cell "DFFAR".
ABC: Scl_LibertyReadGenlib() skipped sequential cell "DFFAS".
ABC: Scl_LibertyReadGenlib() skipped sequential cell "DFFARS".
ABC: Scl_LibertyReadGenlib() skipped sequential cell "LATCH".
ABC: Library "atf15xx" from "/Users/grantham/trees/atf15xx_yosys/cells.lib" has 93 cells (9 skipped: 7 seq; 0 tri-state; 2 no func; 0 dont_use; 0 with 2 outputs; 0 with 3+ outputs).  Time =     0.00 sec
ABC: Memory =    0.17 MB. Time =     0.00 sec
ABC: + strash 
ABC: + &get -n 
ABC: + &fraig -x 
ABC: + &put 
ABC: + scorr 
ABC: Warning: The network is combinational (run "fraig" or "fraig_sweep").
ABC: + dc2 
ABC: + dretime 
ABC: + strash 
ABC: + &get -n 
ABC: + &dch -f 
ABC: + &nf 
ABC: + &put 
ABC: + write_blif <abc-temp-dir>/output.blif 

14.1.2. Re-integrating ABC results.
ABC RESULTS:              AND2 cells:       17
ABC RESULTS:            AND2I1 cells:        2
ABC RESULTS:            AND2I2 cells:       13
ABC RESULTS:              AND3 cells:        2
ABC RESULTS:            AND3I3 cells:        8
ABC RESULTS:              AND4 cells:        2
ABC RESULTS:            AND4I1 cells:        3
ABC RESULTS:            AND4I2 cells:        1
ABC RESULTS:            AND4I4 cells:        1
ABC RESULTS:              AND5 cells:        1
ABC RESULTS:              AND6 cells:        1
ABC RESULTS:               INV cells:       31
ABC RESULTS:             NAND2 cells:       15
ABC RESULTS:           NAND2I1 cells:        4
ABC RESULTS:           NAND2I2 cells:        5
ABC RESULTS:             NAND3 cells:        4
ABC RESULTS:             NAND4 cells:        2
ABC RESULTS:           NAND4I2 cells:        1
ABC RESULTS:             NAND6 cells:        1
ABC RESULTS:            NOR3I2 cells:        1
ABC RESULTS:              NOR5 cells:        2
ABC RESULTS:              NOR6 cells:        1
ABC RESULTS:             XNOR2 cells:        9
ABC RESULTS:        internal signals:      188
ABC RESULTS:           input signals:       38
ABC RESULTS:          output signals:       55
Removing temp directory.
Removing global temp directory.

yosys> stat

15. Printing statistics.

=== Timing ===

        +----------Local Count, excluding submodules.
        | 
      369 wires
      578 wire bits
       18 public wires
       36 public wire bits
        9 ports
        9 port bits
      155 cells
       17   AND2
        2   AND2I1
       13   AND2I2
        2   AND3
        8   AND3I3
        2   AND4
        3   AND4I1
        1   AND4I2
        1   AND4I4
        1   AND5
        1   AND6
       25   DFFAR
        3   DFFAS
       31   INV
       15   NAND2
        4   NAND2I1
        5   NAND2I2
        4   NAND3
        2   NAND4
        1   NAND4I2
        1   NAND6
        1   NOR3I2
        2   NOR5
        1   NOR6
        9   XNOR2


yosys> #hilomap -hicell VCC X -locell GND X

yosys> #stat

yosys> iopadmap -bits -inpad INBUF Q:A -outpad BUF A:Q -toutpad TRI ENA:A:Q -tinoutpad bibuf EN:Q:A:PAD
16. Executing IOPADMAP pass (mapping inputs/outputs to IO-PAD cells).
Mapping port Timing.PIX_LAST using BUF.
Mapping port Timing.PIX_PRELOAD using BUF.
Mapping port Timing.PIX_CONSUME using BUF.
Mapping port Timing.H_ACTIVE using BUF.
Mapping port Timing.nRS using BUF.
Mapping port Timing.VGA_VSYNC using BUF.
Mapping port Timing.VGA_HSYNC using BUF.
Mapping port Timing.nRESET using INBUF.
Mapping port Timing.PIXEL_CLK using INBUF.

yosys> stat

17. Printing statistics.

=== Timing ===

        +----------Local Count, excluding submodules.
        | 
      378 wires
      587 wire bits
       18 public wires
       36 public wire bits
        9 ports
        9 port bits
      164 cells
       17   AND2
        2   AND2I1
       13   AND2I2
        2   AND3
        8   AND3I3
        2   AND4
        3   AND4I1
        1   AND4I2
        1   AND4I4
        1   AND5
        1   AND6
        7   BUF
       25   DFFAR
        3   DFFAS
        2   INBUF
       31   INV
       15   NAND2
        4   NAND2I1
        5   NAND2I2
        4   NAND3
        2   NAND4
        1   NAND4I2
        1   NAND6
        1   NOR3I2
        2   NOR5
        1   NOR6
        9   XNOR2


yosys> clean
Removed 0 unused cells and 218 unused wires.

yosys> stat

18. Printing statistics.

=== Timing ===

        +----------Local Count, excluding submodules.
        | 
      160 wires
      237 wire bits
       13 public wires
       31 public wire bits
        9 ports
        9 port bits
      164 cells
       17   AND2
        2   AND2I1
       13   AND2I2
        2   AND3
        8   AND3I3
        2   AND4
        3   AND4I1
        1   AND4I2
        1   AND4I4
        1   AND5
        1   AND6
        7   BUF
       25   DFFAR
        3   DFFAS
        2   INBUF
       31   INV
       15   NAND2
        4   NAND2I1
        5   NAND2I2
        4   NAND3
        2   NAND4
        1   NAND4I2
        1   NAND6
        1   NOR3I2
        2   NOR5
        1   NOR6
        9   XNOR2


yosys> hierarchy
19. Executing HIERARCHY pass (managing design hierarchy).
Attribute `top' found on module `Timing'. Setting top module to Timing.

19.1. Analyzing design hierarchy..
Top module:  \Timing

19.2. Analyzing design hierarchy..
Top module:  \Timing
Removed 0 unused modules.

yosys> stat

20. Printing statistics.

=== Timing ===

        +----------Local Count, excluding submodules.
        | 
      160 wires
      237 wire bits
       13 public wires
       31 public wire bits
        9 ports
        9 port bits
      164 cells
       17   AND2
        2   AND2I1
       13   AND2I2
        2   AND3
        8   AND3I3
        2   AND4
        3   AND4I1
        1   AND4I2
        1   AND4I4
        1   AND5
        1   AND6
        7   BUF
       25   DFFAR
        3   DFFAS
        2   INBUF
       31   INV
       15   NAND2
        4   NAND2I1
        5   NAND2I2
        4   NAND3
        2   NAND4
        1   NAND4I2
        1   NAND6
        1   NOR3I2
        2   NOR5
        1   NOR6
        9   XNOR2


yosys> splitnets -format _
21. Executing SPLITNETS pass (splitting up multi-bit signals).

yosys> rename -wire -suffix _reg t:*DFF*

yosys> rename -wire -suffix _comb

yosys> #write_edif -attrprop timing.edif

yosys> delete t:$scopeinfo

yosys> write_edif -lsbidx timing.edif

22. Executing EDIF backend.

yosys> exit

End of script. Logfile hash: 505cae032a, CPU: user 0.08s system 0.01s, MEM: 24.98 MB peak
Yosys 0.62+117 (git sha1 1d3f9b790-dirty, aarch64-apple-darwin23.5-clang++ 18.1.8 -fPIC -O3)
Time spent: 67% 1x abc (0 sec), 7% 2x techmap (0 sec), ...
+ '[' -lsbidx = '' ']'
